mysql> select * from student;
+----+-----------+----------+------------+--------------------------+
| ID | namefirst | namelast | DOB        | emailID                  |
+----+-----------+----------+------------+--------------------------+
|  1 | saleel    | bagde    | 1984-06-12 | saleel.bagde@gmail.com   |
|  2 | omkar     | rakde    | 1969-10-25 | omkar.rakde@gmail.com    |
|  3 | ulka      | joshi    | 1970-10-25 | ulka.joshi@gmail.com     |
|  4 | rahul     | patil    | 1982-10-31 | rahul.patil@gmail.com    |
|  5 | ruhan     | bagde    | 1984-01-12 | ruhan.bagde@gmail.com    |
|  6 | lala      | prasad   | 1980-12-01 | lala.prasad@gmail.com    |
|  7 | sharmin   | bagde    | 1986-12-14 | sharmin.bagde@gmail.com  |
|  8 | vrushali  | bagde    | 1984-12-29 | vrushali.bagde@gmail.com |
|  9 | vasant    | khande   | 1992-10-26 | vasant.khande@gmail.com  |
| 10 | nitish    | patil    | 1990-10-26 | nitish.patil@gmail.com   |
| 11 | neel      | save     | 1975-10-30 | neel.save@gmail.com      |
| 12 | deep      | save     | 1986-11-30 | deep.save@gmail.com      |
| 13 | nrupali   | save     | 1981-12-01 | nrupali.save@gmail.com   |
| 14 | supriya   | karnik   | 1983-12-15 | supriya.karnik@gmail.com |
| 15 | bandish   | karnik   | 1987-12-30 | bandish.karnik@gmail.com |
| 16 | sangita   | karnik   | 1990-12-01 | sangita.karnik@gmail.com |
| 17 | sangita   | menon    | 1989-10-26 | sangita.menon@gmail.com  |
| 18 | rahul     | shah     | 1982-06-12 | rahul.shah@gmail.com     |
| 19 | bhavin    | patel    | 1983-11-13 | bhavin.patel@gmail.com   |
| 20 | kaushal   | patil    | 1982-07-30 | kaushal.patil@gmail.com  |
| 21 | pankaj    | gandhi   | 1982-07-30 | pankaj.gandhi@gmail.com  |
| 22 | rajan     | patel    | 1982-07-30 | rajan.patel@gmail.com    |
| 23 | bhavin    | patel    | 1982-07-30 | bhavin.patel@gmail.com   |
| 24 | mukesh    | bhavsar  | 1982-07-30 | mukesh.bhavsar@gmail.com |
| 25 | dilu      | khande   | 1982-07-30 | dilu.khande@gmail.com    |
| 26 | sonam     | khan     | 1972-05-13 | sonam.khan@gmail.com     |
| 27 | rohit     | patil    | 1976-12-31 | rohit.patil@gmail.com    |
| 28 | raj       | bubber   | 1982-02-28 | raj.bubber@gmail.com     |
+----+-----------+----------+------------+--------------------------+
28 rows in set (0.00 sec)

mysql> select namefirst, namelast from student;
+-----------+----------+
| namefirst | namelast |
+-----------+----------+
| saleel    | bagde    |
| omkar     | rakde    |
| ulka      | joshi    |
| rahul     | patil    |
| ruhan     | bagde    |
| lala      | prasad   |
| sharmin   | bagde    |
| vrushali  | bagde    |
| vasant    | khande   |
| nitish    | patil    |
| neel      | save     |
| deep      | save     |
| nrupali   | save     |
| supriya   | karnik   |
| bandish   | karnik   |
| sangita   | karnik   |
| sangita   | menon    |
| rahul     | shah     |
| bhavin    | patel    |
| kaushal   | patil    |
| pankaj    | gandhi   |
| rajan     | patel    |
| bhavin    | patel    |
| mukesh    | bhavsar  |
| dilu      | khande   |
| sonam     | khan     |
| rohit     | patil    |
| raj       | bubber   |
+-----------+----------+
28 rows in set (0.00 sec)

mysql> select * from student where id=10;
+----+-----------+----------+------------+------------------------+
| ID | namefirst | namelast | DOB        | emailID                |
+----+-----------+----------+------------+------------------------+
| 10 | nitish    | patil    | 1990-10-26 | nitish.patil@gmail.com |
+----+-----------+----------+------------+------------------------+
1 row in set (0.00 sec)

mysql> select namefirst,namelast from faculty;
+-----------+----------+
| namefirst | namelast |
+-----------+----------+
| prachi    | gupta    |
| ketan     | shukla   |
| kiran     | dev      |
| parag     | patil    |
+-----------+----------+
4 rows in set (0.00 sec)

mysql> select namefirst,namelast from student where namefirst like '_A%';
+-----------+----------+
| namefirst | namelast |
+-----------+----------+
| saleel    | bagde    |
| rahul     | patil    |
| lala      | prasad   |
| vasant    | khande   |
| bandish   | karnik   |
| sangita   | karnik   |
| sangita   | menon    |
| rahul     | shah     |
| kaushal   | patil    |
| pankaj    | gandhi   |
| rajan     | patel    |
| raj       | bubber   |
+-----------+----------+
12 rows in set (0.00 sec)

mysql> select namefirst,namelast from student where namefirst like '%A%';
+-----------+----------+
| namefirst | namelast |
+-----------+----------+
| saleel    | bagde    |
| omkar     | rakde    |
| ulka      | joshi    |
| rahul     | patil    |
| ruhan     | bagde    |
| lala      | prasad   |
| sharmin   | bagde    |
| vrushali  | bagde    |
| vasant    | khande   |
| nrupali   | save     |
| supriya   | karnik   |
| bandish   | karnik   |
| sangita   | karnik   |
| sangita   | menon    |
| rahul     | shah     |
| bhavin    | patel    |
| kaushal   | patil    |
| pankaj    | gandhi   |
| rajan     | patel    |
| bhavin    | patel    |
| sonam     | khan     |
| raj       | bubber   |
+-----------+----------+
22 rows in set (0.00 sec)

mysql> select * from student;
+----+-----------+----------+------------+--------------------------+
| ID | namefirst | namelast | DOB        | emailID                  |
+----+-----------+----------+------------+--------------------------+
|  1 | saleel    | bagde    | 1984-06-12 | saleel.bagde@gmail.com   |
|  2 | omkar     | rakde    | 1969-10-25 | omkar.rakde@gmail.com    |
|  3 | ulka      | joshi    | 1970-10-25 | ulka.joshi@gmail.com     |
|  4 | rahul     | patil    | 1982-10-31 | rahul.patil@gmail.com    |
|  5 | ruhan     | bagde    | 1984-01-12 | ruhan.bagde@gmail.com    |
|  6 | lala      | prasad   | 1980-12-01 | lala.prasad@gmail.com    |
|  7 | sharmin   | bagde    | 1986-12-14 | sharmin.bagde@gmail.com  |
|  8 | vrushali  | bagde    | 1984-12-29 | vrushali.bagde@gmail.com |
|  9 | vasant    | khande   | 1992-10-26 | vasant.khande@gmail.com  |
| 10 | nitish    | patil    | 1990-10-26 | nitish.patil@gmail.com   |
| 11 | neel      | save     | 1975-10-30 | neel.save@gmail.com      |
| 12 | deep      | save     | 1986-11-30 | deep.save@gmail.com      |
| 13 | nrupali   | save     | 1981-12-01 | nrupali.save@gmail.com   |
| 14 | supriya   | karnik   | 1983-12-15 | supriya.karnik@gmail.com |
| 15 | bandish   | karnik   | 1987-12-30 | bandish.karnik@gmail.com |
| 16 | sangita   | karnik   | 1990-12-01 | sangita.karnik@gmail.com |
| 17 | sangita   | menon    | 1989-10-26 | sangita.menon@gmail.com  |
| 18 | rahul     | shah     | 1982-06-12 | rahul.shah@gmail.com     |
| 19 | bhavin    | patel    | 1983-11-13 | bhavin.patel@gmail.com   |
| 20 | kaushal   | patil    | 1982-07-30 | kaushal.patil@gmail.com  |
| 21 | pankaj    | gandhi   | 1982-07-30 | pankaj.gandhi@gmail.com  |
| 22 | rajan     | patel    | 1982-07-30 | rajan.patel@gmail.com    |
| 23 | bhavin    | patel    | 1982-07-30 | bhavin.patel@gmail.com   |
| 24 | mukesh    | bhavsar  | 1982-07-30 | mukesh.bhavsar@gmail.com |
| 25 | dilu      | khande   | 1982-07-30 | dilu.khande@gmail.com    |
| 26 | sonam     | khan     | 1972-05-13 | sonam.khan@gmail.com     |
| 27 | rohit     | patil    | 1976-12-31 | rohit.patil@gmail.com    |
| 28 | raj       | bubber   | 1982-02-28 | raj.bubber@gmail.com     |
+----+-----------+----------+------------+--------------------------+
28 rows in set (0.00 sec)

mysql> select * from student where DOB='1986-12-14';
+----+-----------+----------+------------+-------------------------+
| ID | namefirst | namelast | DOB        | emailID                 |
+----+-----------+----------+------------+-------------------------+
|  7 | sharmin   | bagde    | 1986-12-14 | sharmin.bagde@gmail.com |
+----+-----------+----------+------------+-------------------------+
1 row in set (0.00 sec)

mysql> select * from student namefirst like 'R%' ;
ERROR 1064 (42000): You have an error in your SQL syntax; check the manual that corresponds to your MySQL server version for the right syntax to use near 'like 'R%'' at line 1
mysql> select * from student namefirst like 'R%';
ERROR 1064 (42000): You have an error in your SQL syntax; check the manual that corresponds to your MySQL server version for the right syntax to use near 'like 'R%'' at line 1
mysql> select * from student where namefirst like 'R%';
+----+-----------+----------+------------+-----------------------+
| ID | namefirst | namelast | DOB        | emailID               |
+----+-----------+----------+------------+-----------------------+
|  4 | rahul     | patil    | 1982-10-31 | rahul.patil@gmail.com |
|  5 | ruhan     | bagde    | 1984-01-12 | ruhan.bagde@gmail.com |
| 18 | rahul     | shah     | 1982-06-12 | rahul.shah@gmail.com  |
| 22 | rajan     | patel    | 1982-07-30 | rajan.patel@gmail.com |
| 27 | rohit     | patil    | 1976-12-31 | rohit.patil@gmail.com |
| 28 | raj       | bubber   | 1982-02-28 | raj.bubber@gmail.com  |
+----+-----------+----------+------------+-----------------------+
6 rows in set (0.00 sec)

mysql> select namefirst from student where namefirst like 'R%';
+-----------+
| namefirst |
+-----------+
| rahul     |
| ruhan     |
| rahul     |
| rajan     |
| rohit     |
| raj       |
+-----------+
6 rows in set (0.00 sec)

mysql> select namefirst as FIRST,namelast LAST from student
    -> ;
+----------+---------+
| FIRST    | LAST    |
+----------+---------+
| saleel   | bagde   |
| omkar    | rakde   |
| ulka     | joshi   |
| rahul    | patil   |
| ruhan    | bagde   |
| lala     | prasad  |
| sharmin  | bagde   |
| vrushali | bagde   |
| vasant   | khande  |
| nitish   | patil   |
| neel     | save    |
| deep     | save    |
| nrupali  | save    |
| supriya  | karnik  |
| bandish  | karnik  |
| sangita  | karnik  |
| sangita  | menon   |
| rahul    | shah    |
| bhavin   | patel   |
| kaushal  | patil   |
| pankaj   | gandhi  |
| rajan    | patel   |
| bhavin   | patel   |
| mukesh   | bhavsar |
| dilu     | khande  |
| sonam    | khan    |
| rohit    | patil   |
| raj      | bubber  |
+----------+---------+
28 rows in set (0.00 sec)

mysql> select * from student where order by DOB;
ERROR 1064 (42000): You have an error in your SQL syntax; check the manual that corresponds to your MySQL server version for the right syntax to use near 'order by DOB' at line 1
mysql> select * from student order by DOB;
+----+-----------+----------+------------+--------------------------+
| ID | namefirst | namelast | DOB        | emailID                  |
+----+-----------+----------+------------+--------------------------+
|  2 | omkar     | rakde    | 1969-10-25 | omkar.rakde@gmail.com    |
|  3 | ulka      | joshi    | 1970-10-25 | ulka.joshi@gmail.com     |
| 26 | sonam     | khan     | 1972-05-13 | sonam.khan@gmail.com     |
| 11 | neel      | save     | 1975-10-30 | neel.save@gmail.com      |
| 27 | rohit     | patil    | 1976-12-31 | rohit.patil@gmail.com    |
|  6 | lala      | prasad   | 1980-12-01 | lala.prasad@gmail.com    |
| 13 | nrupali   | save     | 1981-12-01 | nrupali.save@gmail.com   |
| 28 | raj       | bubber   | 1982-02-28 | raj.bubber@gmail.com     |
| 18 | rahul     | shah     | 1982-06-12 | rahul.shah@gmail.com     |
| 20 | kaushal   | patil    | 1982-07-30 | kaushal.patil@gmail.com  |
| 21 | pankaj    | gandhi   | 1982-07-30 | pankaj.gandhi@gmail.com  |
| 22 | rajan     | patel    | 1982-07-30 | rajan.patel@gmail.com    |
| 23 | bhavin    | patel    | 1982-07-30 | bhavin.patel@gmail.com   |
| 24 | mukesh    | bhavsar  | 1982-07-30 | mukesh.bhavsar@gmail.com |
| 25 | dilu      | khande   | 1982-07-30 | dilu.khande@gmail.com    |
|  4 | rahul     | patil    | 1982-10-31 | rahul.patil@gmail.com    |
| 19 | bhavin    | patel    | 1983-11-13 | bhavin.patel@gmail.com   |
| 14 | supriya   | karnik   | 1983-12-15 | supriya.karnik@gmail.com |
|  5 | ruhan     | bagde    | 1984-01-12 | ruhan.bagde@gmail.com    |
|  1 | saleel    | bagde    | 1984-06-12 | saleel.bagde@gmail.com   |
|  8 | vrushali  | bagde    | 1984-12-29 | vrushali.bagde@gmail.com |
| 12 | deep      | save     | 1986-11-30 | deep.save@gmail.com      |
|  7 | sharmin   | bagde    | 1986-12-14 | sharmin.bagde@gmail.com  |
| 15 | bandish   | karnik   | 1987-12-30 | bandish.karnik@gmail.com |
| 17 | sangita   | menon    | 1989-10-26 | sangita.menon@gmail.com  |
| 10 | nitish    | patil    | 1990-10-26 | nitish.patil@gmail.com   |
| 16 | sangita   | karnik   | 1990-12-01 | sangita.karnik@gmail.com |
|  9 | vasant    | khande   | 1992-10-26 | vasant.khande@gmail.com  |
+----+-----------+----------+------------+--------------------------+
28 rows in set (0.00 sec)

mysql> select * from student where namefist like 'S%' limit 2;
ERROR 1054 (42S22): Unknown column 'namefist' in 'where clause'
mysql> select * from student where namefirst like 'S%' limit 2;
+----+-----------+----------+------------+-------------------------+
| ID | namefirst | namelast | DOB        | emailID                 |
+----+-----------+----------+------------+-------------------------+
|  1 | saleel    | bagde    | 1984-06-12 | saleel.bagde@gmail.com  |
|  7 | sharmin   | bagde    | 1986-12-14 | sharmin.bagde@gmail.com |
+----+-----------+----------+------------+-------------------------+
2 rows in set (0.00 sec)

mysql> select * from student where DOB='1986-12-14';
+----+-----------+----------+------------+-------------------------+
| ID | namefirst | namelast | DOB        | emailID                 |
+----+-----------+----------+------------+-------------------------+
|  7 | sharmin   | bagde    | 1986-12-14 | sharmin.bagde@gmail.com |
+----+-----------+----------+------------+-------------------------+
1 row in set (0.00 sec)

mysql> select name from modules where duration=1;
+----------+
| name     |
+----------+
| Oracle   |
| PHP      |
| MySQL    |
| Node     |
| C++      |
| C        |
| MongoDB  |
| Hive     |
| Python   |
| Aptitude |
+----------+
10 rows in set (0.00 sec)

mysql> select name from course_batches where capacity=80;
+---------+
| name    |
+---------+
| Batch1  |
| Batch6  |
| Batch11 |
| Batch16 |
| Batch21 |
+---------+
5 rows in set (0.00 sec)

mysql> select name,capacity from course_batches where capacity=80;
+---------+----------+
| name    | capacity |
+---------+----------+
| Batch1  |       80 |
| Batch6  |       80 |
| Batch11 |       80 |
| Batch16 |       80 |
| Batch21 |       80 |
+---------+----------+
5 rows in set (0.00 sec)

mysql> select * from student_qualifications where name='BE' and marks>70;
+----+-----------+------+-------------+------------------------+-------+------+
| ID | studentID | name | college     | university             | marks | year |
+----+-----------+------+-------------+------------------------+-------+------+
| 18 |         6 | BE   | Indiana     | University of Chicago  | 87    | 2015 |
| 21 |         7 | BE   | Kentucky    | Harvard University     | 97    | 2017 |
| 27 |         9 | BE   | Kansas      | Columbia University    | 87    | 2018 |
| 48 |        16 | BE   | Mississippi | University of Michigan | 76    | 2018 |
| 54 |        18 | BE   | Maryland    | Harvard University     | 75    | 2017 |
| 60 |        20 | BE   | Maryland    | Columbia University    | 72    | 2019 |
| 72 |        24 | BE   | Kentucky    | Harvard University     | 97    | 2017 |
| 75 |        25 | BE   | Kentucky    | Harvard University     | 97    | 2017 |
+----+-----------+------+-------------+------------------------+-------+------+
8 rows in set (0.00 sec)

mysql> select * from student_qualifications where name='BE' and year=2017;
+----+-----------+------+----------+-------------------------+-------+------+
| ID | studentID | name | college  | university              | marks | year |
+----+-----------+------+----------+-------------------------+-------+------+
|  9 |         3 | BE   | Florida  | University of Florida   | 67    | 2017 |
| 21 |         7 | BE   | Kentucky | Harvard University      | 97    | 2017 |
| 45 |        15 | BE   | Alabama  | Pennsylvania University | 65    | 2017 |
| 54 |        18 | BE   | Maryland | Harvard University      | 75    | 2017 |
| 72 |        24 | BE   | Kentucky | Harvard University      | 97    | 2017 |
| 75 |        25 | BE   | Kentucky | Harvard University      | 97    | 2017 |
+----+-----------+------+----------+-------------------------+-------+------+
6 rows in set (0.00 sec)

mysql> select * from student_qualifications where name='BE' and year=2017 and marks>80;
+----+-----------+------+----------+--------------------+-------+------+
| ID | studentID | name | college  | university         | marks | year |
+----+-----------+------+----------+--------------------+-------+------+
| 21 |         7 | BE   | Kentucky | Harvard University | 97    | 2017 |
| 72 |        24 | BE   | Kentucky | Harvard University | 97    | 2017 |
| 75 |        25 | BE   | Kentucky | Harvard University | 97    | 2017 |
+----+-----------+------+----------+--------------------+-------+------+
3 rows in set (0.00 sec)

mysql> select * from faculty_qualifications where name='BE' and university='Harvard University';
+----+-----------+------+---------+--------------------+-------+------+
| ID | facultyID | name | college | university         | marks | year |
+----+-----------+------+---------+--------------------+-------+------+
|  3 |         1 | BE   | Arizona | Harvard University | 68    | 2018 |
+----+-----------+------+---------+--------------------+-------+------+
1 row in set (0.00 sec)

mysql> select * from courses where duration=6;
ERROR 1146 (42S02): Table 'dac51_campus.courses' doesn't exist
mysql> select * from course where duration=6;
+----+--------+----------+---------------------------------+
| ID | name   | duration | summary                         |
+----+--------+----------+---------------------------------+
|  1 | PG-DAC | 6        | This course is designed by CDAC |
|  2 | DBDA   | 6        | This course is designed by CDAC |
|  6 | DMC    | 6        | This course is designed by CDAC |
|  7 | DSSD   | 6        | This course is designed by CDAC |
+----+--------+----------+---------------------------------+
4 rows in set (0.03 sec)

mysql> select * from modules where duration between 1 and 2 order by duration;
+----+----------+----------+
| ID | name     | duration |
+----+----------+----------+
|  1 | Oracle   |        1 |
|  2 | PHP      |        1 |
|  3 | MySQL    |        1 |
|  4 | Node     |        1 |
|  5 | C++      |        1 |
|  6 | C        |        1 |
|  9 | MongoDB  |        1 |
| 11 | Hive     |        1 |
| 12 | Python   |        1 |
| 13 | Aptitude |        1 |
|  7 | JAVA1    |        2 |
|  8 | JAVA2    |        2 |
| 10 | NET      |        2 |
+----+----------+----------+
13 rows in set (0.00 sec)

mysql> select namefirst,if(year(DOB)>1980,'The Student can vote','The Student cannot vote') from student;
+-----------+---------------------------------------------------------------------+
| namefirst | if(year(DOB)>1980,'The Student can vote','The Student cannot vote') |
+-----------+---------------------------------------------------------------------+
| saleel    | The Student can vote                                                |
| omkar     | The Student cannot vote                                             |
| ulka      | The Student cannot vote                                             |
| rahul     | The Student can vote                                                |
| ruhan     | The Student can vote                                                |
| lala      | The Student cannot vote                                             |
| sharmin   | The Student can vote                                                |
| vrushali  | The Student can vote                                                |
| vasant    | The Student can vote                                                |
| nitish    | The Student can vote                                                |
| neel      | The Student cannot vote                                             |
| deep      | The Student can vote                                                |
| nrupali   | The Student can vote                                                |
| supriya   | The Student can vote                                                |
| bandish   | The Student can vote                                                |
| sangita   | The Student can vote                                                |
| sangita   | The Student can vote                                                |
| rahul     | The Student can vote                                                |
| bhavin    | The Student can vote                                                |
| kaushal   | The Student can vote                                                |
| pankaj    | The Student can vote                                                |
| rajan     | The Student can vote                                                |
| bhavin    | The Student can vote                                                |
| mukesh    | The Student can vote                                                |
| dilu      | The Student can vote                                                |
| sonam     | The Student cannot vote                                             |
| rohit     | The Student cannot vote                                             |
| raj       | The Student can vote                                                |
+-----------+---------------------------------------------------------------------+
28 rows in set (0.00 sec)

mysql> select DOB,if(year(DOB)<1980,'The Student can vote','The Student cannot vote') from student;
+------------+---------------------------------------------------------------------+
| DOB        | if(year(DOB)<1980,'The Student can vote','The Student cannot vote') |
+------------+---------------------------------------------------------------------+
| 1984-06-12 | The Student cannot vote                                             |
| 1969-10-25 | The Student can vote                                                |
| 1970-10-25 | The Student can vote                                                |
| 1982-10-31 | The Student cannot vote                                             |
| 1984-01-12 | The Student cannot vote                                             |
| 1980-12-01 | The Student cannot vote                                             |
| 1986-12-14 | The Student cannot vote                                             |
| 1984-12-29 | The Student cannot vote                                             |
| 1992-10-26 | The Student cannot vote                                             |
| 1990-10-26 | The Student cannot vote                                             |
| 1975-10-30 | The Student can vote                                                |
| 1986-11-30 | The Student cannot vote                                             |
| 1981-12-01 | The Student cannot vote                                             |
| 1983-12-15 | The Student cannot vote                                             |
| 1987-12-30 | The Student cannot vote                                             |
| 1990-12-01 | The Student cannot vote                                             |
| 1989-10-26 | The Student cannot vote                                             |
| 1982-06-12 | The Student cannot vote                                             |
| 1983-11-13 | The Student cannot vote                                             |
| 1982-07-30 | The Student cannot vote                                             |
| 1982-07-30 | The Student cannot vote                                             |
| 1982-07-30 | The Student cannot vote                                             |
| 1982-07-30 | The Student cannot vote                                             |
| 1982-07-30 | The Student cannot vote                                             |
| 1982-07-30 | The Student cannot vote                                             |
| 1972-05-13 | The Student can vote                                                |
| 1976-12-31 | The Student can vote                                                |
| 1982-02-28 | The Student cannot vote                                             |
+------------+---------------------------------------------------------------------+
28 rows in set (0.00 sec)

mysql> select distinct * from student_qualifications order by university ;
+----+-----------+--------+---------------+-------------------------+-------+------+
| ID | studentID | name   | college       | university              | marks | year |
+----+-----------+--------+---------------+-------------------------+-------+------+
| 23 |         8 | 12     | Alabama       | California University   | 60    | 2012 |
| 43 |        15 | 10     | New Hampshire | California University   | 96    | 2011 |
| 80 |        27 | 12     | Virginia      | California University   | 55    | 1999 |
|  8 |         3 | 12     | California    | California University   | 86    | 2013 |
| 56 |        19 | 12     | Virginia      | California University   | 60    | 2015 |
| 30 |        10 | M.Com. | New Mexico    | California University   | 61    | 2018 |
| 12 |         4 | M.Com. | Montana       | Columbia University     | 77    | 2016 |
| 47 |        16 | 12     | Oklahoma      | Columbia University     | 56    | 2014 |
| 84 |        28 | 12     | Maryland      | Columbia University     | 68    | 2006 |
| 27 |         9 | BE     | Kansas        | Columbia University     | 87    | 2018 |
| 60 |        20 | BE     | Maryland      | Columbia University     | 72    | 2019 |
| 21 |         7 | BE     | Kentucky      | Harvard University      | 97    | 2017 |
|  2 |         1 | 12     | Alaska        | Harvard University      | 74    | 2014 |
|  3 |         1 | BE     | Arizona       | Harvard University      | 68    | 2018 |
| 63 |        21 | BE     | Arizona       | Harvard University      | 68    | 2018 |
| 65 |        22 | 12     | Alaska        | Harvard University      | 74    | 2014 |
| 66 |        22 | BE     | Arizona       | Harvard University      | 68    | 2018 |
| 68 |        23 | 12     | Alaska        | Harvard University      | 74    | 2014 |
| 69 |        23 | BE     | Arizona       | Harvard University      | 68    | 2018 |
| 72 |        24 | BE     | Kentucky      | Harvard University      | 97    | 2017 |
| 53 |        18 | 12     | Kentucky      | Harvard University      | 57    | 2013 |
| 77 |        26 | DIP    | Kentucky      | Harvard University      | 67    | 1996 |
| 78 |        26 | BE     | Maryland      | Harvard University      | 68    | 2000 |
| 85 |        28 | MCA    | Alaska        | Harvard University      | 64    | 2009 |
| 16 |         6 | 10     | Mississippi   | Harvard University      | 56    | 2009 |
| 17 |         6 | 12     | Alabama       | Harvard University      | 76    | 2011 |
| 36 |        12 | B.Com. | West Virginia | Harvard University      | 50    | 2016 |
| 37 |        13 | 10     | Virginia      | Harvard University      | 67    | 2012 |
| 75 |        25 | BE     | Kentucky      | Harvard University      | 97    | 2017 |
| 54 |        18 | BE     | Maryland      | Harvard University      | 75    | 2017 |
| 62 |        21 | 12     | Alaska        | Harvard University      | 74    | 2014 |
| 10 |         4 | 10     | Idaho         | Pennsylvania University | 58    | 2010 |
| 32 |        11 | 12     | Indiana       | Pennsylvania University | 63    | 2013 |
| 58 |        20 | 10     | Vermont       | Pennsylvania University | 72    | 2013 |
| 82 |        27 | BE     | Vermont       | Pennsylvania University | 62    | 2006 |
| 45 |        15 | BE     | Alabama       | Pennsylvania University | 65    | 2017 |
| 25 |         9 | 10     | Maine         | Pennsylvania University | 98    | 2012 |
| 35 |        12 | 12     | Montana       | Stanford University     | 45    | 2012 |
| 71 |        24 | 12     | Iowa          | Stanford University     | 78    | 2013 |
| 67 |        23 | 10     | Alabama       | Stanford University     | 67    | 2012 |
| 52 |        18 | 10     | Iowa          | Stanford University     | 86    | 2011 |
| 15 |         5 | M.Com. | Oklahoma      | Stanford University     | 86    | 2014 |
| 64 |        22 | 10     | Alabama       | Stanford University     | 67    | 2012 |
| 76 |        26 | 10     | Iowa          | Stanford University     | 56    | 1994 |
| 20 |         7 | 12     | Iowa          | Stanford University     | 78    | 2013 |
|  1 |         1 | 10     | Alabama       | Stanford University     | 67    | 2012 |
| 61 |        21 | 10     | Alabama       | Stanford University     | 67    | 2012 |
| 74 |        25 | 12     | Iowa          | Stanford University     | 78    | 2013 |
| 22 |         8 | 10     | Maryland      | University Maryland     | 56    | 2010 |
| 38 |        13 | 12     | Maine         | University of Chicago   | 78    | 2014 |
| 18 |         6 | BE     | Indiana       | University of Chicago   | 87    | 2015 |
| 55 |        19 | 10     | Alabama       | University of Chicago   | 69    | 2013 |
|  4 |         2 | 10     | Alaska        | University of Chicago   | 68    | 2013 |
| 79 |        27 | 10     | Alabama       | University of Chicago   | 50    | 1997 |
|  9 |         3 | BE     | Florida       | University of Florida   | 67    | 2017 |
| 31 |        11 | 10     | Nevada        | University of Florida   | 62    | 2011 |
| 41 |        14 | 12     | Florida       | University of Florida   | 87    | 2015 |
| 40 |        14 | 10     | Oregon        | University of Florida   | 67    | 2013 |
| 57 |        19 | BE     | Maine         | University of Florida   | 61    | 2019 |
| 24 |         8 | M.Com. | Virginia      | University of Florida   | 87    | 2016 |
| 39 |        13 | BE     | Texas         | University of Florida   | 68    | 2018 |
| 81 |        27 | DIP    | Maine         | University of Florida   | 60    | 2003 |
| 44 |        15 | 12     | Montana       | University of Florida   | 56    | 2013 |
| 48 |        16 | BE     | Mississippi   | University of Michigan  | 76    | 2018 |
| 49 |        17 | 10     | Alabama       | University of Michigan  | 88    | 2013 |
| 50 |        17 | 12     | Indiana       | University of Michigan  | 76    | 2015 |
| 29 |        10 | 12     | Oregon        | University of Michigan  | 76    | 2014 |
| 14 |         5 | 12     | Michigan      | University of Michigan  | 57    | 2010 |
| 46 |        16 | 10     | Michigan      | University of Michigan  | 76    | 2012 |
| 70 |        24 | 10     | Ohio          | University of Ohio      | 87    | 2011 |
| 51 |        17 | BE     | Ohio          | University of Ohio      | 68    | 2019 |
| 19 |         7 | 10     | Ohio          | University of Ohio      | 87    | 2011 |
| 33 |        11 | M.Com. | Ohio          | University of Ohio      | 56    | 2017 |
| 73 |        25 | 10     | Ohio          | University of Ohio      | 87    | 2011 |
| 28 |        10 | 10     | Texas         | Yale University         | 65    | 2012 |
| 34 |        12 | 10     | New Hampshire | Yale University         | 75    | 2010 |
| 13 |         5 | 10     | Alabama       | Yale University         | 56    | 2008 |
|  5 |         2 | 12     | New York      | Yale University         | 56    | 2015 |
| 59 |        20 | 12     | Iowa          | Yale University         | 83    | 2015 |
|  6 |         2 | B.Com  | Arkansas      | Yale University         | 64    | 2019 |
|  7 |         3 | 10     | Arizona       | Yale University         | 75    | 2011 |
| 11 |         4 | 12     | New Hampshire | Yale University         | 97    | 2012 |
| 83 |        28 | 10     | Iowa          | Yale University         | 65    | 2004 |
| 26 |         9 | 12     | Vermont       | Yale University         | 67    | 2014 |
| 42 |        14 | BE     | Idaho         | Yale University         | 57    | 2019 |
+----+-----------+--------+---------------+-------------------------+-------+------+
85 rows in set (0.00 sec)

mysql> select marks from student_qualifications where name='BE';
+-------+
| marks |
+-------+
| 68    |
| 67    |
| 87    |
| 97    |
| 87    |
| 68    |
| 57    |
| 65    |
| 76    |
| 68    |
| 75    |
| 61    |
| 72    |
| 68    |
| 68    |
| 68    |
| 97    |
| 97    |
| 68    |
| 62    |
+-------+
20 rows in set (0.00 sec)

mysql> select marks from student_qualifications where name='BE' order by marks  desc;
+-------+
| marks |
+-------+
| 97    |
| 97    |
| 97    |
| 87    |
| 87    |
| 76    |
| 75    |
| 72    |
| 68    |
| 68    |
| 68    |
| 68    |
| 68    |
| 68    |
| 68    |
| 67    |
| 65    |
| 62    |
| 61    |
| 57    |
+-------+
20 rows in set (0.00 sec)

mysql> select marks from student_qualifications where name='BE' order by marks  desc limit 1,1;
+-------+
| marks |
+-------+
| 97    |
+-------+
1 row in set (0.00 sec)

mysql> select marks from student_qualifications where name='BE' order by marks limit 1,1;
+-------+
| marks |
+-------+
| 61    |
+-------+
1 row in set (0.00 sec)

mysql> select marks from student_qualifications where name='BE' order by marks;
+-------+
| marks |
+-------+
| 57    |
| 61    |
| 62    |
| 65    |
| 67    |
| 68    |
| 68    |
| 68    |
| 68    |
| 68    |
| 68    |
| 68    |
| 72    |
| 75    |
| 76    |
| 87    |
| 87    |
| 97    |
| 97    |
| 97    |
+-------+
20 rows in set (0.00 sec)

mysql> select * from student order by ID DESC;
+----+-----------+----------+------------+--------------------------+
| ID | namefirst | namelast | DOB        | emailID                  |
+----+-----------+----------+------------+--------------------------+
| 28 | raj       | bubber   | 1982-02-28 | raj.bubber@gmail.com     |
| 27 | rohit     | patil    | 1976-12-31 | rohit.patil@gmail.com    |
| 26 | sonam     | khan     | 1972-05-13 | sonam.khan@gmail.com     |
| 25 | dilu      | khande   | 1982-07-30 | dilu.khande@gmail.com    |
| 24 | mukesh    | bhavsar  | 1982-07-30 | mukesh.bhavsar@gmail.com |
| 23 | bhavin    | patel    | 1982-07-30 | bhavin.patel@gmail.com   |
| 22 | rajan     | patel    | 1982-07-30 | rajan.patel@gmail.com    |
| 21 | pankaj    | gandhi   | 1982-07-30 | pankaj.gandhi@gmail.com  |
| 20 | kaushal   | patil    | 1982-07-30 | kaushal.patil@gmail.com  |
| 19 | bhavin    | patel    | 1983-11-13 | bhavin.patel@gmail.com   |
| 18 | rahul     | shah     | 1982-06-12 | rahul.shah@gmail.com     |
| 17 | sangita   | menon    | 1989-10-26 | sangita.menon@gmail.com  |
| 16 | sangita   | karnik   | 1990-12-01 | sangita.karnik@gmail.com |
| 15 | bandish   | karnik   | 1987-12-30 | bandish.karnik@gmail.com |
| 14 | supriya   | karnik   | 1983-12-15 | supriya.karnik@gmail.com |
| 13 | nrupali   | save     | 1981-12-01 | nrupali.save@gmail.com   |
| 12 | deep      | save     | 1986-11-30 | deep.save@gmail.com      |
| 11 | neel      | save     | 1975-10-30 | neel.save@gmail.com      |
| 10 | nitish    | patil    | 1990-10-26 | nitish.patil@gmail.com   |
|  9 | vasant    | khande   | 1992-10-26 | vasant.khande@gmail.com  |
|  8 | vrushali  | bagde    | 1984-12-29 | vrushali.bagde@gmail.com |
|  7 | sharmin   | bagde    | 1986-12-14 | sharmin.bagde@gmail.com  |
|  6 | lala      | prasad   | 1980-12-01 | lala.prasad@gmail.com    |
|  5 | ruhan     | bagde    | 1984-01-12 | ruhan.bagde@gmail.com    |
|  4 | rahul     | patil    | 1982-10-31 | rahul.patil@gmail.com    |
|  3 | ulka      | joshi    | 1970-10-25 | ulka.joshi@gmail.com     |
|  2 | omkar     | rakde    | 1969-10-25 | omkar.rakde@gmail.com    |
|  1 | saleel    | bagde    | 1984-06-12 | saleel.bagde@gmail.com   |
+----+-----------+----------+------------+--------------------------+
28 rows in set (0.00 sec)

mysql> select * from student order by ID DESC limit 7;
+----+-----------+----------+------------+--------------------------+
| ID | namefirst | namelast | DOB        | emailID                  |
+----+-----------+----------+------------+--------------------------+
| 28 | raj       | bubber   | 1982-02-28 | raj.bubber@gmail.com     |
| 27 | rohit     | patil    | 1976-12-31 | rohit.patil@gmail.com    |
| 26 | sonam     | khan     | 1972-05-13 | sonam.khan@gmail.com     |
| 25 | dilu      | khande   | 1982-07-30 | dilu.khande@gmail.com    |
| 24 | mukesh    | bhavsar  | 1982-07-30 | mukesh.bhavsar@gmail.com |
| 23 | bhavin    | patel    | 1982-07-30 | bhavin.patel@gmail.com   |
| 22 | rajan     | patel    | 1982-07-30 | rajan.patel@gmail.com    |
+----+-----------+----------+------------+--------------------------+
7 rows in set (0.00 sec)



Microsoft Windows [Version 10.0.19044.2846]
(c) Microsoft Corporation. All rights reserved.

C:\Users\IET>mysql mysql --host=192.168.10.150 --port=3306 --user=dac51 --password=welcome
mysql: [Warning] Using a password on the command line interface can be insecure.
^C
C:\Users\IET>mysql --host=192.168.10.150 --port=3306 --user=dac51 --password=welcome
mysql: [Warning] Using a password on the command line interface can be insecure.
ERROR 2003 (HY000): Can't connect to MySQL server on '192.168.10.150:3306' (10060)

C:\Users\IET>

C:\Users\IET>mysql --host=192.168.10.150 --port=3306 --user=dac51 --password=welcome
mysql: [Warning] Using a password on the command line interface can be insecure.
ERROR 2003 (HY000): Can't connect to MySQL server on '192.168.10.150:3306' (10060)

C:\Users\IET>
C:\Users\IET>
C:\Users\IET>
C:\Users\IET>
C:\Users\IET>
C:\Users\IET>mysql --host=192.168.10.150 --port=3306 --user=dac51 --password=welcome
mysql: [Warning] Using a password on the command line interface can be insecure.
ERROR 2003 (HY000): Can't connect to MySQL server on '192.168.10.150:3306' (10060)

C:\Users\IET>mysql --host=192.168.10.150 --port=3306 --user=dac51 --password=welcome
mysql: [Warning] Using a password on the command line interface can be insecure.
ERROR 2003 (HY000): Can't connect to MySQL server on '192.168.10.150:3306' (10060)

C:\Users\IET>mysql  --host=192.168.10.150 --port=3306 --user=dac51 --password
Enter password: *******
ERROR 2003 (HY000): Can't connect to MySQL server on '192.168.10.150:3306' (10060)

C:\Users\IET>mysql  --host=192.168.10.150 --port=3306 --user=dac51 --password
Enter password: *******
ERROR 2003 (HY000): Can't connect to MySQL server on '192.168.10.150:3306' (10061)

C:\Users\IET>mysql  --host=192.168.10.150 --port=3306 --user=dac51 --password
Enter password: *******
ERROR 2003 (HY000): Can't connect to MySQL server on '192.168.10.150:3306' (10061)

C:\Users\IET>mysql  --host=192.168.10.150 --port=3306 --user=dac51 --password=welcome
mysql: [Warning] Using a password on the command line interface can be insecure.
ERROR 2003 (HY000): Can't connect to MySQL server on '192.168.10.150:3306' (10061)

C:\Users\IET>mysql  --host=192.168.10.150 --port=3306 --user=dac51 --password=welcome
mysql: [Warning] Using a password on the command line interface can be insecure.
Welcome to the MySQL monitor.  Commands end with ; or \g.
Your MySQL connection id is 16
Server version: 8.0.31 MySQL Community Server - GPL

Copyright (c) 2000, 2022, Oracle and/or its affiliates.

Oracle is a registered trademark of Oracle Corporation and/or its
affiliates. Other names may be trademarks of their respective
owners.

Type 'help;' or '\h' for help. Type '\c' to clear the current input statement.

mysql> use dac51_campus
Database changed
mysql> select * from user;
ERROR 1146 (42S02): Table 'dac51_campus.user' doesn't exist
mysql> select * from emp;
ERROR 1146 (42S02): Table 'dac51_campus.emp' doesn't exist
mysql> use dac51
Database changed
mysql> select * from emp;select row_number() over(partition by job order by deptno) R1, ename, job, sal, deptno from emp;
+-------+----------+--------+---------------------+------+------------+------+------+--------+---------+--------------+------------+------------+----------+
| EMPNO | ENAME    | GENDER | JOB                 | MGR  | HIREDATE   | SAL  | COMM | DEPTNO | BONUSID | USER NAME    | PWD        | PHONE      | isActive |
+-------+----------+--------+---------------------+------+------------+------+------+--------+---------+--------------+------------+------------+----------+
|  6001 | GITA     | F      | Compliance officers | 7920 | 1981-07-19 | 1750 | NULL |     30 |       1 | GITA         | sales@2017 | NULL       |        1 |
|  6129 | VRUSHALI | F      | Compliance officers | 7920 | 1981-07-19 | 1750 | NULL |     50 |       1 | VRUSHALI     | PUN@8877   | NULL       |        1 |
|  6473 | SHARMIN  | F      | Public Relation     | 7920 | 1981-07-19 | 1750 | NULL |     20 |       1 | SHARMIN      | a12recmpm  | NULL       |        1 |
|  6781 | BANDISH  | F      | Public Relation     | 7920 | 1981-07-19 | 1750 | NULL |     20 |       1 | BANDISH      | a12recmpm  | NULL       |        1 |
|  7369 | SMITH    | M      | CLERK               | 7902 | 1980-12-17 |  800 | NULL |     20 |       2 | TRITONE      | a12recmpm  | 7032300023 |        0 |
|  7415 | AARAV    | M      | CLERK               | 7902 | 1981-12-31 | 3350 | NULL |     10 |    NULL | AARAV        | NULL       | 7032300084 |        0 |
|  7421 | THOMAS   | M      | CLERK               | 7920 | 1981-07-19 | 1750 | NULL |     10 |       1 | THOMAS       | r50mpm     | 7032300011 |        0 |
|  7499 | ALLEN    | M      | SALESMAN            | 7698 | 1981-02-20 | 1600 |  300 |     30 |       4 | ALWAYS TESTE | sales@2017 | 7032300096 |        1 |
|  7521 | WARD     | M      | SALESMAN            | 7698 | 1981-02-22 | 1250 |  500 |     30 |       1 | WARD         | sales@2017 | 7132300034 |        1 |
|  7566 | JONES    | M      | MANAGER             | 7839 | 1981-04-02 | 2975 | NULL |     20 |       4 | HONEYCOMB    | a12recmpm  | 7132300039 |        1 |
|  7654 | MARTIN   | M      | SALESMAN            | 7698 | 1981-09-28 | 1250 | 1400 |     30 |       6 | LIFE RACER   | sales@2017 | 7132300050 |        1 |
|  7698 | BLAKE    | M      | MANAGER             | 7839 | 1981-05-01 | 2850 | NULL |     30 |       1 | BIG BEN      | sales@2017 | 7132300027 |        1 |
|  7782 | CLARK    | M      | MANAGER             | 7839 | 1981-06-09 | 2450 | NULL |     10 |       3 | CLARK        | r50mpm     | 7032300001 |        1 |
|  7788 | SCOTT    | M      | ANALYST             | 7566 | 1982-12-09 | 3000 | NULL |     20 |       3 | WHITE SAND   | a12recmpm  | NULL       |        1 |
|  7839 | KING     | M      | PRESIDENT           | NULL | 1981-11-17 | 5000 | NULL |     10 |       1 | KING         | r50mpm     | 7132300081 |        1 |
|  7840 | FRED     | M      | vice PRESIDENT      | 7839 | 1983-08-09 | 5000 | NULL |     20 |       1 | SAND STONE   | a12recmpm  | NULL       |        1 |
|  7844 | TURNER   | M      | SALESMAN            | 7698 | 1981-09-08 | 1500 |    0 |     30 |       5 | SAND DUST    | sales@2017 | NULL       |        1 |
|  7876 | ADAMS    | M      | CLERK               | 7788 | 1983-01-12 | 1100 | NULL |     20 |       1 | CRAZY ANYONE | a12recmpm  | 7132300086 |        1 |
|  7900 | JAMES    | M      | CLERK               | 7698 | 1981-12-03 |  950 | NULL |     30 |       2 | CRAZY LEADER | sales@2017 | 7132300042 |        1 |
|  7902 | FORD     | M      | ANALYST             | 7566 | 1981-12-03 | 3000 | NULL |     20 |       4 | CONBRIO      | a12recmpm  | NULL       |        0 |
|  7919 | HOFFMAN  | M      | MANAGER             | 7566 | 1982-03-24 | 4150 | NULL |     30 |       3 | INTERVAL     | sales@2017 | NULL       |        1 |
|  7920 | GRASS    | M      | SALESMAN            | 7919 | 1980-02-14 | 2575 | 2700 |     30 |       5 | GRASS        | sales@2017 | NULL       |        1 |
|  7934 | MILLER   | M      | CLERK               | 7782 | 1982-01-23 | 1300 | NULL |     10 |       2 | QUARTERNOTE  | r50mpm     | 7132300055 |        0 |
|  7945 | AARUSH   | M      | SALESMAN            | 7902 | 1980-02-14 | 1350 | 2700 |     30 |    NULL | AARUSH       | ABCDEF     | NULL       |        0 |
|  7949 | ALEX     | M      | MANAGER             | 7698 | 1982-01-24 | 1250 |  500 |     30 |       5 | QUARTERREST  | sales@2017 | 7156567183 |        1 |
|  8433 | NATASHA  | F      | CLERK               | 7920 | 1981-07-19 | 1750 | NULL |     30 |       1 | NATASHA      | sales@2017 | NULL       |        1 |
|  9400 | SANGITA  | F      | Compliance officers | 7920 | 1981-07-19 | 1750 | NULL |     50 |       1 | SANGITA      | NULL       | NULL       |        1 |
|  9473 | SUPRIYA  | F      | ANALYST             | 7920 | 1981-07-19 | 1750 | NULL |     50 |       1 | SUPRIYA      | XYZ@1234   | NULL       |        1 |
+-------+----------+--------+---------------------+------+------------+------+------+--------+---------+--------------+------------+------------+----------+
28 rows in set (0.04 sec)

+----+----------+---------------------+------+--------+
| R1 | ename    | job                 | sal  | deptno |
+----+----------+---------------------+------+--------+
|  1 | SCOTT    | ANALYST             | 3000 |     20 |
|  2 | FORD     | ANALYST             | 3000 |     20 |
|  3 | SUPRIYA  | ANALYST             | 1750 |     50 |
|  1 | AARAV    | CLERK               | 3350 |     10 |
|  2 | THOMAS   | CLERK               | 1750 |     10 |
|  3 | MILLER   | CLERK               | 1300 |     10 |
|  4 | SMITH    | CLERK               |  800 |     20 |
|  5 | ADAMS    | CLERK               | 1100 |     20 |
|  6 | JAMES    | CLERK               |  950 |     30 |
|  7 | NATASHA  | CLERK               | 1750 |     30 |
|  1 | GITA     | Compliance officers | 1750 |     30 |
|  2 | VRUSHALI | Compliance officers | 1750 |     50 |
|  3 | SANGITA  | Compliance officers | 1750 |     50 |
|  1 | CLARK    | MANAGER             | 2450 |     10 |
|  2 | JONES    | MANAGER             | 2975 |     20 |
|  3 | BLAKE    | MANAGER             | 2850 |     30 |
|  4 | HOFFMAN  | MANAGER             | 4150 |     30 |
|  5 | ALEX     | MANAGER             | 1250 |     30 |
|  1 | KING     | PRESIDENT           | 5000 |     10 |
|  1 | SHARMIN  | Public Relation     | 1750 |     20 |
|  2 | BANDISH  | Public Relation     | 1750 |     20 |
|  1 | ALLEN    | SALESMAN            | 1600 |     30 |
|  2 | WARD     | SALESMAN            | 1250 |     30 |
|  3 | MARTIN   | SALESMAN            | 1250 |     30 |
|  4 | TURNER   | SALESMAN            | 1500 |     30 |
|  5 | GRASS    | SALESMAN            | 2575 |     30 |
|  6 | AARUSH   | SALESMAN            | 1350 |     30 |
|  1 | FRED     | vice PRESIDENT      | 5000 |     20 |
+----+----------+---------------------+------+--------+
28 rows in set (0.00 sec)

mysql>
mysql> select row_number() over(partition by job order by deptno) R1, ename, job, sal, deptno from emp;
+----+----------+---------------------+------+--------+
| R1 | ename    | job                 | sal  | deptno |
+----+----------+---------------------+------+--------+
|  1 | SCOTT    | ANALYST             | 3000 |     20 |
|  2 | FORD     | ANALYST             | 3000 |     20 |
|  3 | SUPRIYA  | ANALYST             | 1750 |     50 |
|  1 | AARAV    | CLERK               | 3350 |     10 |
|  2 | THOMAS   | CLERK               | 1750 |     10 |
|  3 | MILLER   | CLERK               | 1300 |     10 |
|  4 | SMITH    | CLERK               |  800 |     20 |
|  5 | ADAMS    | CLERK               | 1100 |     20 |
|  6 | JAMES    | CLERK               |  950 |     30 |
|  7 | NATASHA  | CLERK               | 1750 |     30 |
|  1 | GITA     | Compliance officers | 1750 |     30 |
|  2 | VRUSHALI | Compliance officers | 1750 |     50 |
|  3 | SANGITA  | Compliance officers | 1750 |     50 |
|  1 | CLARK    | MANAGER             | 2450 |     10 |
|  2 | JONES    | MANAGER             | 2975 |     20 |
|  3 | BLAKE    | MANAGER             | 2850 |     30 |
|  4 | HOFFMAN  | MANAGER             | 4150 |     30 |
|  5 | ALEX     | MANAGER             | 1250 |     30 |
|  1 | KING     | PRESIDENT           | 5000 |     10 |
|  1 | SHARMIN  | Public Relation     | 1750 |     20 |
|  2 | BANDISH  | Public Relation     | 1750 |     20 |
|  1 | ALLEN    | SALESMAN            | 1600 |     30 |
|  2 | WARD     | SALESMAN            | 1250 |     30 |
|  3 | MARTIN   | SALESMAN            | 1250 |     30 |
|  4 | TURNER   | SALESMAN            | 1500 |     30 |
|  5 | GRASS    | SALESMAN            | 2575 |     30 |
|  6 | AARUSH   | SALESMAN            | 1350 |     30 |
|  1 | FRED     | vice PRESIDENT      | 5000 |     20 |
+----+----------+---------------------+------+--------+
28 rows in set (0.00 sec)

mysql> select row_number() over() R1, ename, job, sal, deptno from emp;
+----+----------+---------------------+------+--------+
| R1 | ename    | job                 | sal  | deptno |
+----+----------+---------------------+------+--------+
|  1 | GITA     | Compliance officers | 1750 |     30 |
|  2 | VRUSHALI | Compliance officers | 1750 |     50 |
|  3 | SHARMIN  | Public Relation     | 1750 |     20 |
|  4 | BANDISH  | Public Relation     | 1750 |     20 |
|  5 | SMITH    | CLERK               |  800 |     20 |
|  6 | AARAV    | CLERK               | 3350 |     10 |
|  7 | THOMAS   | CLERK               | 1750 |     10 |
|  8 | ALLEN    | SALESMAN            | 1600 |     30 |
|  9 | WARD     | SALESMAN            | 1250 |     30 |
| 10 | JONES    | MANAGER             | 2975 |     20 |
| 11 | MARTIN   | SALESMAN            | 1250 |     30 |
| 12 | BLAKE    | MANAGER             | 2850 |     30 |
| 13 | CLARK    | MANAGER             | 2450 |     10 |
| 14 | SCOTT    | ANALYST             | 3000 |     20 |
| 15 | KING     | PRESIDENT           | 5000 |     10 |
| 16 | FRED     | vice PRESIDENT      | 5000 |     20 |
| 17 | TURNER   | SALESMAN            | 1500 |     30 |
| 18 | ADAMS    | CLERK               | 1100 |     20 |
| 19 | JAMES    | CLERK               |  950 |     30 |
| 20 | FORD     | ANALYST             | 3000 |     20 |
| 21 | HOFFMAN  | MANAGER             | 4150 |     30 |
| 22 | GRASS    | SALESMAN            | 2575 |     30 |
| 23 | MILLER   | CLERK               | 1300 |     10 |
| 24 | AARUSH   | SALESMAN            | 1350 |     30 |
| 25 | ALEX     | MANAGER             | 1250 |     30 |
| 26 | NATASHA  | CLERK               | 1750 |     30 |
| 27 | SANGITA  | Compliance officers | 1750 |     50 |
| 28 | SUPRIYA  | ANALYST             | 1750 |     50 |
+----+----------+---------------------+------+--------+
28 rows in set (0.00 sec)

mysql> select row_number() over(order by deptno) R1, ename, job, sal, deptno from emp;
+----+----------+---------------------+------+--------+
| R1 | ename    | job                 | sal  | deptno |
+----+----------+---------------------+------+--------+
|  1 | AARAV    | CLERK               | 3350 |     10 |
|  2 | THOMAS   | CLERK               | 1750 |     10 |
|  3 | CLARK    | MANAGER             | 2450 |     10 |
|  4 | KING     | PRESIDENT           | 5000 |     10 |
|  5 | MILLER   | CLERK               | 1300 |     10 |
|  6 | SHARMIN  | Public Relation     | 1750 |     20 |
|  7 | BANDISH  | Public Relation     | 1750 |     20 |
|  8 | SMITH    | CLERK               |  800 |     20 |
|  9 | JONES    | MANAGER             | 2975 |     20 |
| 10 | SCOTT    | ANALYST             | 3000 |     20 |
| 11 | FRED     | vice PRESIDENT      | 5000 |     20 |
| 12 | ADAMS    | CLERK               | 1100 |     20 |
| 13 | FORD     | ANALYST             | 3000 |     20 |
| 14 | GITA     | Compliance officers | 1750 |     30 |
| 15 | ALLEN    | SALESMAN            | 1600 |     30 |
| 16 | WARD     | SALESMAN            | 1250 |     30 |
| 17 | MARTIN   | SALESMAN            | 1250 |     30 |
| 18 | BLAKE    | MANAGER             | 2850 |     30 |
| 19 | TURNER   | SALESMAN            | 1500 |     30 |
| 20 | JAMES    | CLERK               |  950 |     30 |
| 21 | HOFFMAN  | MANAGER             | 4150 |     30 |
| 22 | GRASS    | SALESMAN            | 2575 |     30 |
| 23 | AARUSH   | SALESMAN            | 1350 |     30 |
| 24 | ALEX     | MANAGER             | 1250 |     30 |
| 25 | NATASHA  | CLERK               | 1750 |     30 |
| 26 | VRUSHALI | Compliance officers | 1750 |     50 |
| 27 | SANGITA  | Compliance officers | 1750 |     50 |
| 28 | SUPRIYA  | ANALYST             | 1750 |     50 |
+----+----------+---------------------+------+--------+
28 rows in set (0.00 sec)

mysql> select row_number() over(partition by job order by deptno) R1, ename, job, sal, deptno from emp;
+----+----------+---------------------+------+--------+
| R1 | ename    | job                 | sal  | deptno |
+----+----------+---------------------+------+--------+
|  1 | SCOTT    | ANALYST             | 3000 |     20 |
|  2 | FORD     | ANALYST             | 3000 |     20 |
|  3 | SUPRIYA  | ANALYST             | 1750 |     50 |
|  1 | AARAV    | CLERK               | 3350 |     10 |
|  2 | THOMAS   | CLERK               | 1750 |     10 |
|  3 | MILLER   | CLERK               | 1300 |     10 |
|  4 | SMITH    | CLERK               |  800 |     20 |
|  5 | ADAMS    | CLERK               | 1100 |     20 |
|  6 | JAMES    | CLERK               |  950 |     30 |
|  7 | NATASHA  | CLERK               | 1750 |     30 |
|  1 | GITA     | Compliance officers | 1750 |     30 |
|  2 | VRUSHALI | Compliance officers | 1750 |     50 |
|  3 | SANGITA  | Compliance officers | 1750 |     50 |
|  1 | CLARK    | MANAGER             | 2450 |     10 |
|  2 | JONES    | MANAGER             | 2975 |     20 |
|  3 | BLAKE    | MANAGER             | 2850 |     30 |
|  4 | HOFFMAN  | MANAGER             | 4150 |     30 |
|  5 | ALEX     | MANAGER             | 1250 |     30 |
|  1 | KING     | PRESIDENT           | 5000 |     10 |
|  1 | SHARMIN  | Public Relation     | 1750 |     20 |
|  2 | BANDISH  | Public Relation     | 1750 |     20 |
|  1 | ALLEN    | SALESMAN            | 1600 |     30 |
|  2 | WARD     | SALESMAN            | 1250 |     30 |
|  3 | MARTIN   | SALESMAN            | 1250 |     30 |
|  4 | TURNER   | SALESMAN            | 1500 |     30 |
|  5 | GRASS    | SALESMAN            | 2575 |     30 |
|  6 | AARUSH   | SALESMAN            | 1350 |     30 |
|  1 | FRED     | vice PRESIDENT      | 5000 |     20 |
+----+----------+---------------------+------+--------+
28 rows in set (0.00 sec)

mysql> select row_number() over(partition by job order by deptno) R1, ename, job, sal, deptno from emp;
+----+----------+---------------------+------+--------+
| R1 | ename    | job                 | sal  | deptno |
+----+----------+---------------------+------+--------+
|  1 | SCOTT    | ANALYST             | 3000 |     20 |
|  2 | FORD     | ANALYST             | 3000 |     20 |
|  3 | SUPRIYA  | ANALYST             | 1750 |     50 |
|  1 | AARAV    | CLERK               | 3350 |     10 |
|  2 | THOMAS   | CLERK               | 1750 |     10 |
|  3 | MILLER   | CLERK               | 1300 |     10 |
|  4 | SMITH    | CLERK               |  800 |     20 |
|  5 | ADAMS    | CLERK               | 1100 |     20 |
|  6 | JAMES    | CLERK               |  950 |     30 |
|  7 | NATASHA  | CLERK               | 1750 |     30 |
|  1 | GITA     | Compliance officers | 1750 |     30 |
|  2 | VRUSHALI | Compliance officers | 1750 |     50 |
|  3 | SANGITA  | Compliance officers | 1750 |     50 |
|  1 | CLARK    | MANAGER             | 2450 |     10 |
|  2 | JONES    | MANAGER             | 2975 |     20 |
|  3 | BLAKE    | MANAGER             | 2850 |     30 |
|  4 | HOFFMAN  | MANAGER             | 4150 |     30 |
|  5 | ALEX     | MANAGER             | 1250 |     30 |
|  1 | KING     | PRESIDENT           | 5000 |     10 |
|  1 | SHARMIN  | Public Relation     | 1750 |     20 |
|  2 | BANDISH  | Public Relation     | 1750 |     20 |
|  1 | ALLEN    | SALESMAN            | 1600 |     30 |
|  2 | WARD     | SALESMAN            | 1250 |     30 |
|  3 | MARTIN   | SALESMAN            | 1250 |     30 |
|  4 | TURNER   | SALESMAN            | 1500 |     30 |
|  5 | GRASS    | SALESMAN            | 2575 |     30 |
|  6 | AARUSH   | SALESMAN            | 1350 |     30 |
|  1 | FRED     | vice PRESIDENT      | 5000 |     20 |
+----+----------+---------------------+------+--------+
28 rows in set (0.00 sec)

mysql> select rank() over() job from emp;
+-----+
| job |
+-----+
|   1 |
|   1 |
|   1 |
|   1 |
|   1 |
|   1 |
|   1 |
|   1 |
|   1 |
|   1 |
|   1 |
|   1 |
|   1 |
|   1 |
|   1 |
|   1 |
|   1 |
|   1 |
|   1 |
|   1 |
|   1 |
|   1 |
|   1 |
|   1 |
|   1 |
|   1 |
|   1 |
|   1 |
+-----+
28 rows in set (0.02 sec)

mysql> select ename,job,sal rank() over() job from emp;
ERROR 1064 (42000): You have an error in your SQL syntax; check the manual that corresponds to your MySQL server version for the right syntax to use near 'rank() over() job from emp' at line 1
mysql> select ename,job,sal,rank() over() job from emp;
+----------+---------------------+------+-----+
| ename    | job                 | sal  | job |
+----------+---------------------+------+-----+
| GITA     | Compliance officers | 1750 |   1 |
| VRUSHALI | Compliance officers | 1750 |   1 |
| SHARMIN  | Public Relation     | 1750 |   1 |
| BANDISH  | Public Relation     | 1750 |   1 |
| SMITH    | CLERK               |  800 |   1 |
| AARAV    | CLERK               | 3350 |   1 |
| THOMAS   | CLERK               | 1750 |   1 |
| ALLEN    | SALESMAN            | 1600 |   1 |
| WARD     | SALESMAN            | 1250 |   1 |
| JONES    | MANAGER             | 2975 |   1 |
| MARTIN   | SALESMAN            | 1250 |   1 |
| BLAKE    | MANAGER             | 2850 |   1 |
| CLARK    | MANAGER             | 2450 |   1 |
| SCOTT    | ANALYST             | 3000 |   1 |
| KING     | PRESIDENT           | 5000 |   1 |
| FRED     | vice PRESIDENT      | 5000 |   1 |
| TURNER   | SALESMAN            | 1500 |   1 |
| ADAMS    | CLERK               | 1100 |   1 |
| JAMES    | CLERK               |  950 |   1 |
| FORD     | ANALYST             | 3000 |   1 |
| HOFFMAN  | MANAGER             | 4150 |   1 |
| GRASS    | SALESMAN            | 2575 |   1 |
| MILLER   | CLERK               | 1300 |   1 |
| AARUSH   | SALESMAN            | 1350 |   1 |
| ALEX     | MANAGER             | 1250 |   1 |
| NATASHA  | CLERK               | 1750 |   1 |
| SANGITA  | Compliance officers | 1750 |   1 |
| SUPRIYA  | ANALYST             | 1750 |   1 |
+----------+---------------------+------+-----+
28 rows in set (0.00 sec)

mysql> select ename,job,sal,rank() over(order by job) from emp;
+----------+---------------------+------+---------------------------+
| ename    | job                 | sal  | rank() over(order by job) |
+----------+---------------------+------+---------------------------+
| SCOTT    | ANALYST             | 3000 |                         1 |
| FORD     | ANALYST             | 3000 |                         1 |
| SUPRIYA  | ANALYST             | 1750 |                         1 |
| SMITH    | CLERK               |  800 |                         4 |
| AARAV    | CLERK               | 3350 |                         4 |
| THOMAS   | CLERK               | 1750 |                         4 |
| ADAMS    | CLERK               | 1100 |                         4 |
| JAMES    | CLERK               |  950 |                         4 |
| MILLER   | CLERK               | 1300 |                         4 |
| NATASHA  | CLERK               | 1750 |                         4 |
| GITA     | Compliance officers | 1750 |                        11 |
| VRUSHALI | Compliance officers | 1750 |                        11 |
| SANGITA  | Compliance officers | 1750 |                        11 |
| JONES    | MANAGER             | 2975 |                        14 |
| BLAKE    | MANAGER             | 2850 |                        14 |
| CLARK    | MANAGER             | 2450 |                        14 |
| HOFFMAN  | MANAGER             | 4150 |                        14 |
| ALEX     | MANAGER             | 1250 |                        14 |
| KING     | PRESIDENT           | 5000 |                        19 |
| SHARMIN  | Public Relation     | 1750 |                        20 |
| BANDISH  | Public Relation     | 1750 |                        20 |
| ALLEN    | SALESMAN            | 1600 |                        22 |
| WARD     | SALESMAN            | 1250 |                        22 |
| MARTIN   | SALESMAN            | 1250 |                        22 |
| TURNER   | SALESMAN            | 1500 |                        22 |
| GRASS    | SALESMAN            | 2575 |                        22 |
| AARUSH   | SALESMAN            | 1350 |                        22 |
| FRED     | vice PRESIDENT      | 5000 |                        28 |
+----------+---------------------+------+---------------------------+
28 rows in set (0.00 sec)

mysql> select ename,job,sal,rank() over() from emp;
+----------+---------------------+------+---------------+
| ename    | job                 | sal  | rank() over() |
+----------+---------------------+------+---------------+
| GITA     | Compliance officers | 1750 |             1 |
| VRUSHALI | Compliance officers | 1750 |             1 |
| SHARMIN  | Public Relation     | 1750 |             1 |
| BANDISH  | Public Relation     | 1750 |             1 |
| SMITH    | CLERK               |  800 |             1 |
| AARAV    | CLERK               | 3350 |             1 |
| THOMAS   | CLERK               | 1750 |             1 |
| ALLEN    | SALESMAN            | 1600 |             1 |
| WARD     | SALESMAN            | 1250 |             1 |
| JONES    | MANAGER             | 2975 |             1 |
| MARTIN   | SALESMAN            | 1250 |             1 |
| BLAKE    | MANAGER             | 2850 |             1 |
| CLARK    | MANAGER             | 2450 |             1 |
| SCOTT    | ANALYST             | 3000 |             1 |
| KING     | PRESIDENT           | 5000 |             1 |
| FRED     | vice PRESIDENT      | 5000 |             1 |
| TURNER   | SALESMAN            | 1500 |             1 |
| ADAMS    | CLERK               | 1100 |             1 |
| JAMES    | CLERK               |  950 |             1 |
| FORD     | ANALYST             | 3000 |             1 |
| HOFFMAN  | MANAGER             | 4150 |             1 |
| GRASS    | SALESMAN            | 2575 |             1 |
| MILLER   | CLERK               | 1300 |             1 |
| AARUSH   | SALESMAN            | 1350 |             1 |
| ALEX     | MANAGER             | 1250 |             1 |
| NATASHA  | CLERK               | 1750 |             1 |
| SANGITA  | Compliance officers | 1750 |             1 |
| SUPRIYA  | ANALYST             | 1750 |             1 |
+----------+---------------------+------+---------------+
28 rows in set (0.00 sec)

mysql> select ename,job,sal,dense_rank() over() from emp;
+----------+---------------------+------+---------------------+
| ename    | job                 | sal  | dense_rank() over() |
+----------+---------------------+------+---------------------+
| GITA     | Compliance officers | 1750 |                   1 |
| VRUSHALI | Compliance officers | 1750 |                   1 |
| SHARMIN  | Public Relation     | 1750 |                   1 |
| BANDISH  | Public Relation     | 1750 |                   1 |
| SMITH    | CLERK               |  800 |                   1 |
| AARAV    | CLERK               | 3350 |                   1 |
| THOMAS   | CLERK               | 1750 |                   1 |
| ALLEN    | SALESMAN            | 1600 |                   1 |
| WARD     | SALESMAN            | 1250 |                   1 |
| JONES    | MANAGER             | 2975 |                   1 |
| MARTIN   | SALESMAN            | 1250 |                   1 |
| BLAKE    | MANAGER             | 2850 |                   1 |
| CLARK    | MANAGER             | 2450 |                   1 |
| SCOTT    | ANALYST             | 3000 |                   1 |
| KING     | PRESIDENT           | 5000 |                   1 |
| FRED     | vice PRESIDENT      | 5000 |                   1 |
| TURNER   | SALESMAN            | 1500 |                   1 |
| ADAMS    | CLERK               | 1100 |                   1 |
| JAMES    | CLERK               |  950 |                   1 |
| FORD     | ANALYST             | 3000 |                   1 |
| HOFFMAN  | MANAGER             | 4150 |                   1 |
| GRASS    | SALESMAN            | 2575 |                   1 |
| MILLER   | CLERK               | 1300 |                   1 |
| AARUSH   | SALESMAN            | 1350 |                   1 |
| ALEX     | MANAGER             | 1250 |                   1 |
| NATASHA  | CLERK               | 1750 |                   1 |
| SANGITA  | Compliance officers | 1750 |                   1 |
| SUPRIYA  | ANALYST             | 1750 |                   1 |
+----------+---------------------+------+---------------------+
28 rows in set (0.00 sec)

mysql> select ename,job,sal,rank() over(order by job),dense_rank() from emp;
ERROR 1064 (42000): You have an error in your SQL syntax; check the manual that corresponds to your MySQL server version for the right syntax to use near 'from emp' at line 1
mysql> select ename,job,sal,rank() over(order by job),dense_rank() over() from emp;
+----------+---------------------+------+---------------------------+---------------------+
| ename    | job                 | sal  | rank() over(order by job) | dense_rank() over() |
+----------+---------------------+------+---------------------------+---------------------+
| SCOTT    | ANALYST             | 3000 |                         1 |                   1 |
| FORD     | ANALYST             | 3000 |                         1 |                   1 |
| SUPRIYA  | ANALYST             | 1750 |                         1 |                   1 |
| SMITH    | CLERK               |  800 |                         4 |                   1 |
| AARAV    | CLERK               | 3350 |                         4 |                   1 |
| THOMAS   | CLERK               | 1750 |                         4 |                   1 |
| ADAMS    | CLERK               | 1100 |                         4 |                   1 |
| JAMES    | CLERK               |  950 |                         4 |                   1 |
| MILLER   | CLERK               | 1300 |                         4 |                   1 |
| NATASHA  | CLERK               | 1750 |                         4 |                   1 |
| GITA     | Compliance officers | 1750 |                        11 |                   1 |
| VRUSHALI | Compliance officers | 1750 |                        11 |                   1 |
| SANGITA  | Compliance officers | 1750 |                        11 |                   1 |
| JONES    | MANAGER             | 2975 |                        14 |                   1 |
| BLAKE    | MANAGER             | 2850 |                        14 |                   1 |
| CLARK    | MANAGER             | 2450 |                        14 |                   1 |
| HOFFMAN  | MANAGER             | 4150 |                        14 |                   1 |
| ALEX     | MANAGER             | 1250 |                        14 |                   1 |
| KING     | PRESIDENT           | 5000 |                        19 |                   1 |
| SHARMIN  | Public Relation     | 1750 |                        20 |                   1 |
| BANDISH  | Public Relation     | 1750 |                        20 |                   1 |
| ALLEN    | SALESMAN            | 1600 |                        22 |                   1 |
| WARD     | SALESMAN            | 1250 |                        22 |                   1 |
| MARTIN   | SALESMAN            | 1250 |                        22 |                   1 |
| TURNER   | SALESMAN            | 1500 |                        22 |                   1 |
| GRASS    | SALESMAN            | 2575 |                        22 |                   1 |
| AARUSH   | SALESMAN            | 1350 |                        22 |                   1 |
| FRED     | vice PRESIDENT      | 5000 |                        28 |                   1 |
+----------+---------------------+------+---------------------------+---------------------+
28 rows in set (0.00 sec)

mysql> select sal,rank(),over(order by sal desc) r1, dense_rank() over(order by sal desc) from emp;
ERROR 1064 (42000): You have an error in your SQL syntax; check the manual that corresponds to your MySQL server version for the right syntax to use near ',over(order by sal desc) r1, dense_rank() over(order by sal desc) from emp' at line 1
mysql> select sal,rank(),over(order by sal desc) r1, dense_rank() over(order by sal desc) from emp;
ERROR 1064 (42000): You have an error in your SQL syntax; check the manual that corresponds to your MySQL server version for the right syntax to use near ',over(order by sal desc) r1, dense_rank() over(order by sal desc) from emp' at line 1
mysql>
mysql>
mysql>
mysql>
mysql>
mysql> select sal,rank() over(order by sal desc) r1, dense_rank() over(order by sal desc) r2 from emp;
+------+----+----+
| sal  | r1 | r2 |
+------+----+----+
| 5000 |  1 |  1 |
| 5000 |  1 |  1 |
| 4150 |  3 |  2 |
| 3350 |  4 |  3 |
| 3000 |  5 |  4 |
| 3000 |  5 |  4 |
| 2975 |  7 |  5 |
| 2850 |  8 |  6 |
| 2575 |  9 |  7 |
| 2450 | 10 |  8 |
| 1750 | 11 |  9 |
| 1750 | 11 |  9 |
| 1750 | 11 |  9 |
| 1750 | 11 |  9 |
| 1750 | 11 |  9 |
| 1750 | 11 |  9 |
| 1750 | 11 |  9 |
| 1750 | 11 |  9 |
| 1600 | 19 | 10 |
| 1500 | 20 | 11 |
| 1350 | 21 | 12 |
| 1300 | 22 | 13 |
| 1250 | 23 | 14 |
| 1250 | 23 | 14 |
| 1250 | 23 | 14 |
| 1100 | 26 | 15 |
|  950 | 27 | 16 |
|  800 | 28 | 17 |
+------+----+----+
28 rows in set (0.00 sec)

mysql> select job,rank() over(order by sal desc) r1, dense_rank() over(order by sal desc) r2 from emp;
+---------------------+----+----+
| job                 | r1 | r2 |
+---------------------+----+----+
| PRESIDENT           |  1 |  1 |
| vice PRESIDENT      |  1 |  1 |
| MANAGER             |  3 |  2 |
| CLERK               |  4 |  3 |
| ANALYST             |  5 |  4 |
| ANALYST             |  5 |  4 |
| MANAGER             |  7 |  5 |
| MANAGER             |  8 |  6 |
| SALESMAN            |  9 |  7 |
| MANAGER             | 10 |  8 |
| Compliance officers | 11 |  9 |
| Compliance officers | 11 |  9 |
| Public Relation     | 11 |  9 |
| Public Relation     | 11 |  9 |
| CLERK               | 11 |  9 |
| CLERK               | 11 |  9 |
| Compliance officers | 11 |  9 |
| ANALYST             | 11 |  9 |
| SALESMAN            | 19 | 10 |
| SALESMAN            | 20 | 11 |
| SALESMAN            | 21 | 12 |
| CLERK               | 22 | 13 |
| SALESMAN            | 23 | 14 |
| SALESMAN            | 23 | 14 |
| MANAGER             | 23 | 14 |
| CLERK               | 26 | 15 |
| CLERK               | 27 | 16 |
| CLERK               | 28 | 17 |
+---------------------+----+----+
28 rows in set (0.00 sec)

mysql> select job,sal,rank() over(order by sal desc) r1, dense_rank() over(order by sal desc) r2 from emp;
+---------------------+------+----+----+
| job                 | sal  | r1 | r2 |
+---------------------+------+----+----+
| PRESIDENT           | 5000 |  1 |  1 |
| vice PRESIDENT      | 5000 |  1 |  1 |
| MANAGER             | 4150 |  3 |  2 |
| CLERK               | 3350 |  4 |  3 |
| ANALYST             | 3000 |  5 |  4 |
| ANALYST             | 3000 |  5 |  4 |
| MANAGER             | 2975 |  7 |  5 |
| MANAGER             | 2850 |  8 |  6 |
| SALESMAN            | 2575 |  9 |  7 |
| MANAGER             | 2450 | 10 |  8 |
| Compliance officers | 1750 | 11 |  9 |
| Compliance officers | 1750 | 11 |  9 |
| Public Relation     | 1750 | 11 |  9 |
| Public Relation     | 1750 | 11 |  9 |
| CLERK               | 1750 | 11 |  9 |
| CLERK               | 1750 | 11 |  9 |
| Compliance officers | 1750 | 11 |  9 |
| ANALYST             | 1750 | 11 |  9 |
| SALESMAN            | 1600 | 19 | 10 |
| SALESMAN            | 1500 | 20 | 11 |
| SALESMAN            | 1350 | 21 | 12 |
| CLERK               | 1300 | 22 | 13 |
| SALESMAN            | 1250 | 23 | 14 |
| SALESMAN            | 1250 | 23 | 14 |
| MANAGER             | 1250 | 23 | 14 |
| CLERK               | 1100 | 26 | 15 |
| CLERK               |  950 | 27 | 16 |
| CLERK               |  800 | 28 | 17 |
+---------------------+------+----+----+
28 rows in set (0.00 sec)

mysql> select job,sal, row_number() over(),rank() over(order by sal desc) r1, dense_rank() over(order by sal desc) r2 from emp;
+---------------------+------+---------------------+----+----+
| job                 | sal  | row_number() over() | r1 | r2 |
+---------------------+------+---------------------+----+----+
| PRESIDENT           | 5000 |                  15 |  1 |  1 |
| vice PRESIDENT      | 5000 |                  16 |  1 |  1 |
| MANAGER             | 4150 |                  21 |  3 |  2 |
| CLERK               | 3350 |                   6 |  4 |  3 |
| ANALYST             | 3000 |                  14 |  5 |  4 |
| ANALYST             | 3000 |                  20 |  5 |  4 |
| MANAGER             | 2975 |                  10 |  7 |  5 |
| MANAGER             | 2850 |                  12 |  8 |  6 |
| SALESMAN            | 2575 |                  22 |  9 |  7 |
| MANAGER             | 2450 |                  13 | 10 |  8 |
| Compliance officers | 1750 |                   1 | 11 |  9 |
| Compliance officers | 1750 |                   2 | 11 |  9 |
| Public Relation     | 1750 |                   3 | 11 |  9 |
| Public Relation     | 1750 |                   4 | 11 |  9 |
| CLERK               | 1750 |                   7 | 11 |  9 |
| CLERK               | 1750 |                  26 | 11 |  9 |
| Compliance officers | 1750 |                  27 | 11 |  9 |
| ANALYST             | 1750 |                  28 | 11 |  9 |
| SALESMAN            | 1600 |                   8 | 19 | 10 |
| SALESMAN            | 1500 |                  17 | 20 | 11 |
| SALESMAN            | 1350 |                  24 | 21 | 12 |
| CLERK               | 1300 |                  23 | 22 | 13 |
| SALESMAN            | 1250 |                   9 | 23 | 14 |
| SALESMAN            | 1250 |                  11 | 23 | 14 |
| MANAGER             | 1250 |                  25 | 23 | 14 |
| CLERK               | 1100 |                  18 | 26 | 15 |
| CLERK               |  950 |                  19 | 27 | 16 |
| CLERK               |  800 |                   5 | 28 | 17 |
+---------------------+------+---------------------+----+----+
28 rows in set (0.00 sec)

mysql> select job,sal, row_number() over(),rank() over() r1, dense_rank() over() r2 from emp;
+---------------------+------+---------------------+----+----+
| job                 | sal  | row_number() over() | r1 | r2 |
+---------------------+------+---------------------+----+----+
| Compliance officers | 1750 |                   1 |  1 |  1 |
| Compliance officers | 1750 |                   2 |  1 |  1 |
| Public Relation     | 1750 |                   3 |  1 |  1 |
| Public Relation     | 1750 |                   4 |  1 |  1 |
| CLERK               |  800 |                   5 |  1 |  1 |
| CLERK               | 3350 |                   6 |  1 |  1 |
| CLERK               | 1750 |                   7 |  1 |  1 |
| SALESMAN            | 1600 |                   8 |  1 |  1 |
| SALESMAN            | 1250 |                   9 |  1 |  1 |
| MANAGER             | 2975 |                  10 |  1 |  1 |
| SALESMAN            | 1250 |                  11 |  1 |  1 |
| MANAGER             | 2850 |                  12 |  1 |  1 |
| MANAGER             | 2450 |                  13 |  1 |  1 |
| ANALYST             | 3000 |                  14 |  1 |  1 |
| PRESIDENT           | 5000 |                  15 |  1 |  1 |
| vice PRESIDENT      | 5000 |                  16 |  1 |  1 |
| SALESMAN            | 1500 |                  17 |  1 |  1 |
| CLERK               | 1100 |                  18 |  1 |  1 |
| CLERK               |  950 |                  19 |  1 |  1 |
| ANALYST             | 3000 |                  20 |  1 |  1 |
| MANAGER             | 4150 |                  21 |  1 |  1 |
| SALESMAN            | 2575 |                  22 |  1 |  1 |
| CLERK               | 1300 |                  23 |  1 |  1 |
| SALESMAN            | 1350 |                  24 |  1 |  1 |
| MANAGER             | 1250 |                  25 |  1 |  1 |
| CLERK               | 1750 |                  26 |  1 |  1 |
| Compliance officers | 1750 |                  27 |  1 |  1 |
| ANALYST             | 1750 |                  28 |  1 |  1 |
+---------------------+------+---------------------+----+----+
28 rows in set (0.00 sec)

mysql> select job,sal, row_number() over(),rank() over(order by sal) r1, dense_rank() over(order by sal) r2 from emp;
+---------------------+------+---------------------+----+----+
| job                 | sal  | row_number() over() | r1 | r2 |
+---------------------+------+---------------------+----+----+
| CLERK               |  800 |                   5 |  1 |  1 |
| CLERK               |  950 |                  19 |  2 |  2 |
| CLERK               | 1100 |                  18 |  3 |  3 |
| SALESMAN            | 1250 |                   9 |  4 |  4 |
| SALESMAN            | 1250 |                  11 |  4 |  4 |
| MANAGER             | 1250 |                  25 |  4 |  4 |
| CLERK               | 1300 |                  23 |  7 |  5 |
| SALESMAN            | 1350 |                  24 |  8 |  6 |
| SALESMAN            | 1500 |                  17 |  9 |  7 |
| SALESMAN            | 1600 |                   8 | 10 |  8 |
| Compliance officers | 1750 |                   1 | 11 |  9 |
| Compliance officers | 1750 |                   2 | 11 |  9 |
| Public Relation     | 1750 |                   3 | 11 |  9 |
| Public Relation     | 1750 |                   4 | 11 |  9 |
| CLERK               | 1750 |                   7 | 11 |  9 |
| CLERK               | 1750 |                  26 | 11 |  9 |
| Compliance officers | 1750 |                  27 | 11 |  9 |
| ANALYST             | 1750 |                  28 | 11 |  9 |
| MANAGER             | 2450 |                  13 | 19 | 10 |
| SALESMAN            | 2575 |                  22 | 20 | 11 |
| MANAGER             | 2850 |                  12 | 21 | 12 |
| MANAGER             | 2975 |                  10 | 22 | 13 |
| ANALYST             | 3000 |                  14 | 23 | 14 |
| ANALYST             | 3000 |                  20 | 23 | 14 |
| CLERK               | 3350 |                   6 | 25 | 15 |
| MANAGER             | 4150 |                  21 | 26 | 16 |
| PRESIDENT           | 5000 |                  15 | 27 | 17 |
| vice PRESIDENT      | 5000 |                  16 | 27 | 17 |
+---------------------+------+---------------------+----+----+
28 rows in set (0.00 sec)

mysql> select job,sal, row_number() over(order by sal),rank() over(order by sal) r1, dense_rank() over(order by sal) r2 from emp;
+---------------------+------+---------------------------------+----+----+
| job                 | sal  | row_number() over(order by sal) | r1 | r2 |
+---------------------+------+---------------------------------+----+----+
| CLERK               |  800 |                               1 |  1 |  1 |
| CLERK               |  950 |                               2 |  2 |  2 |
| CLERK               | 1100 |                               3 |  3 |  3 |
| SALESMAN            | 1250 |                               4 |  4 |  4 |
| SALESMAN            | 1250 |                               5 |  4 |  4 |
| MANAGER             | 1250 |                               6 |  4 |  4 |
| CLERK               | 1300 |                               7 |  7 |  5 |
| SALESMAN            | 1350 |                               8 |  8 |  6 |
| SALESMAN            | 1500 |                               9 |  9 |  7 |
| SALESMAN            | 1600 |                              10 | 10 |  8 |
| Compliance officers | 1750 |                              11 | 11 |  9 |
| Compliance officers | 1750 |                              12 | 11 |  9 |
| Public Relation     | 1750 |                              13 | 11 |  9 |
| Public Relation     | 1750 |                              14 | 11 |  9 |
| CLERK               | 1750 |                              15 | 11 |  9 |
| CLERK               | 1750 |                              16 | 11 |  9 |
| Compliance officers | 1750 |                              17 | 11 |  9 |
| ANALYST             | 1750 |                              18 | 11 |  9 |
| MANAGER             | 2450 |                              19 | 19 | 10 |
| SALESMAN            | 2575 |                              20 | 20 | 11 |
| MANAGER             | 2850 |                              21 | 21 | 12 |
| MANAGER             | 2975 |                              22 | 22 | 13 |
| ANALYST             | 3000 |                              23 | 23 | 14 |
| ANALYST             | 3000 |                              24 | 23 | 14 |
| CLERK               | 3350 |                              25 | 25 | 15 |
| MANAGER             | 4150 |                              26 | 26 | 16 |
| PRESIDENT           | 5000 |                              27 | 27 | 17 |
| vice PRESIDENT      | 5000 |                              28 | 27 | 17 |
+---------------------+------+---------------------------------+----+----+
28 rows in set (0.00 sec)

mysql> change database dac51;
ERROR 1064 (42000): You have an error in your SQL syntax; check the manual that corresponds to your MySQL server version for the right syntax to use near 'database dac51' at line 1
mysql> use database dac51;
ERROR 1044 (42000): Access denied for user 'dac51'@'%' to database 'database'
mysql> use dac51;
Database changed
mysql> select number repeat('*',5) from student_phone ;
ERROR 1064 (42000): You have an error in your SQL syntax; check the manual that corresponds to your MySQL server version for the right syntax to use near 'repeat('*',5) from student_phone' at line 1
mysql> select number repeat('*',5) r1 from student_phone ;
ERROR 1064 (42000): You have an error in your SQL syntax; check the manual that corresponds to your MySQL server version for the right syntax to use near 'repeat('*',5) r1 from student_phone' at line 1
mysql> select ename,rpad(number,15,*) r1 from student_phone;
ERROR 1064 (42000): You have an error in your SQL syntax; check the manual that corresponds to your MySQL server version for the right syntax to use near '*) r1 from student_phone' at line 1
mysql>
mysql>
mysql>
mysql> select rpad(number,15,*) r1 from student_phone;
ERROR 1064 (42000): You have an error in your SQL syntax; check the manual that corresponds to your MySQL server version for the right syntax to use near '*) r1 from student_phone' at line 1
mysql> select rpad(number,15,*) r1 from student_phone;
ERROR 1064 (42000): You have an error in your SQL syntax; check the manual that corresponds to your MySQL server version for the right syntax to use near '*) r1 from student_phone' at line 1
mysql>
mysql>
mysql>
mysql>
mysql> select rpad(number,15,'*') r1 from student_phone;
ERROR 1146 (42S02): Table 'dac51.student_phone' doesn't exist
mysql> select rpad(number,15,'*') r1 from student_phone;
ERROR 1146 (42S02): Table 'dac51.student_phone' doesn't exist
mysql>
mysql>
mysql> select rpad(number,15,'*') from student_phone;
ERROR 1146 (42S02): Table 'dac51.student_phone' doesn't exist
mysql> select number rpad(number,15,'*') from student_phone;
ERROR 1064 (42000): You have an error in your SQL syntax; check the manual that corresponds to your MySQL server version for the right syntax to use near '(number,15,'*') from student_phone' at line 1
mysql> select number,rpad(number,15,'*') from student_phone;
ERROR 1146 (42S02): Table 'dac51.student_phone' doesn't exist
mysql> show tables;
+---------------------+
| Tables_in_dac51     |
+---------------------+
| a                   |
| agent               |
| andor               |
| b                   |
| blanktablea         |
| blanktableb         |
| blog                |
| bonus               |
| books               |
| candidate           |
| client              |
| coalesce            |
| comments            |
| company             |
| customer            |
| customers           |
| demodept1           |
| demodept2           |
| dept                |
| dept1               |
| docs                |
| dummy               |
| duplicate           |
| emp                 |
| emp1                |
| emp2                |
| emp_attendance      |
| emp_cards           |
| emp_phone           |
| empj                |
| envelope            |
| finance             |
| food                |
| grp                 |
| hobby               |
| item                |
| key_parts           |
| licence             |
| location            |
| mass_table          |
| menucard            |
| nearest             |
| new                 |
| newbooks            |
| nullif              |
| numberstring        |
| ord                 |
| orders              |
| plumber             |
| plumber_service_map |
| points              |
| price               |
| product             |
| products            |
| quarter_revenue     |
| r                   |
| r1                  |
| r2                  |
| races               |
| regexpr             |
| replacedept         |
| revenue             |
| runners             |
| sales               |
| sales_channel       |
| salespeople         |
| salesperson         |
| salgrade            |
| service             |
| seta                |
| setb                |
| softdrink           |
| sort                |
| stadium             |
| states              |
| station             |
| status              |
| stringnumber        |
| student             |
| t1                  |
| tablea              |
| tableaa             |
| tableb              |
| tablebb             |
| tasks               |
| temp1               |
| transactions        |
| vote_response       |
| votes               |
| warehouse           |
| warehouse2          |
| z                   |
+---------------------+
92 rows in set (0.02 sec)

mysql> show database();
ERROR 1064 (42000): You have an error in your SQL syntax; check the manual that corresponds to your MySQL server version for the right syntax to use near 'database()' at line 1
mysql> use database();
ERROR 1044 (42000): Access denied for user 'dac51'@'%' to database 'database()'
mysql> use dac51_campus;
Database changed
mysql> show tables;
+------------------------+
| Tables_in_dac51_campus |
+------------------------+
| batch_students         |
| course                 |
| course_batches         |
| course_modules         |
| faculty                |
| faculty_address        |
| faculty_phone          |
| faculty_qualifications |
| modules                |
| student                |
| student_address        |
| student_cards          |
| student_order          |
| student_phone          |
| student_qualifications |
+------------------------+
15 rows in set (0.01 sec)

mysql> select number,rpad(number,15,'*') from student_phone;
+------------+---------------------+
| number     | rpad(number,15,'*') |
+------------+---------------------+
| 7032300034 | 7032300034*****     |
| 7032300039 | 7032300039*****     |
| 7032300050 | 7032300050*****     |
| 7032300027 | 7032300027*****     |
| 7032300801 | 7032300801*****     |
| 7032300079 | 7032300079*****     |
| 7032300081 | 7032300081*****     |
| 7032300054 | 7032300054*****     |
| 7032300059 | 7032300059*****     |
| 7032300086 | 7032300086*****     |
| 7032300082 | 7032300082*****     |
| 7032300042 | 7032300042*****     |
| 7032300055 | 7032300055*****     |
| 7032300013 | 7032300013*****     |
| 7032300099 | 7032300099*****     |
| 7032300023 | 7032300023*****     |
| 7032300084 | 7032300084*****     |
| 7032300011 | 7032300011*****     |
| 7032300066 | 7032300066*****     |
| 7032300096 | 7032300096*****     |
| 7132300034 | 7132300034*****     |
| 7132300039 | 7132300039*****     |
| 7132300050 | 7132300050*****     |
| 7132300027 | 7132300027*****     |
| 7032300001 | 7032300001*****     |
| 7132300079 | 7132300079*****     |
| 7132300081 | 7132300081*****     |
| 7132300054 | 7132300054*****     |
| 7132300059 | 7132300059*****     |
| 7132300086 | 7132300086*****     |
| 7132300082 | 7132300082*****     |
| 7132300042 | 7132300042*****     |
| 7132300055 | 7132300055*****     |
| 7132376055 | 7132376055*****     |
| 7132307055 | 7132307055*****     |
| 7134567123 | 7134567123*****     |
| 7156567123 | 7156567123*****     |
| 7156567134 | 7156567134*****     |
| 7156563423 | 7156563423*****     |
| 7156567183 | 7156567183*****     |
| 7146566412 | 7146566412*****     |
+------------+---------------------+
41 rows in set (0.06 sec)

mysql> select extract month from DOB;
ERROR 1146 (42S02): Table 'dac51_campus.dob' doesn't exist
mysql> select DOB(extract month) from student;
ERROR 1584 (42000): Incorrect parameters in the call to stored function `DOB`
mysql> select DOB(extract month) from student;
ERROR 1584 (42000): Incorrect parameters in the call to stored function `DOB`
mysql>
mysql>
mysql> select month(DOB)='October';
ERROR 1054 (42S22): Unknown column 'DOB' in 'field list'
mysql> select month(DOB)='October' from student;
+----------------------+
| month(DOB)='October' |
+----------------------+
|                    0 |
|                    0 |
|                    0 |
|                    0 |
|                    0 |
|                    0 |
|                    0 |
|                    0 |
|                    0 |
|                    0 |
|                    0 |
|                    0 |
|                    0 |
|                    0 |
|                    0 |
|                    0 |
|                    0 |
|                    0 |
|                    0 |
|                    0 |
|                    0 |
|                    0 |
|                    0 |
|                    0 |
|                    0 |
|                    0 |
|                    0 |
|                    0 |
+----------------------+
28 rows in set, 1 warning (0.05 sec)

mysql> select month(DOB)=1 from student;
+--------------+
| month(DOB)=1 |
+--------------+
|            0 |
|            0 |
|            0 |
|            0 |
|            1 |
|            0 |
|            0 |
|            0 |
|            0 |
|            0 |
|            0 |
|            0 |
|            0 |
|            0 |
|            0 |
|            0 |
|            0 |
|            0 |
|            0 |
|            0 |
|            0 |
|            0 |
|            0 |
|            0 |
|            0 |
|            0 |
|            0 |
|            0 |
+--------------+
28 rows in set (0.00 sec)

mysql> select month(DOB)=10 from student;
+---------------+
| month(DOB)=10 |
+---------------+
|             0 |
|             1 |
|             1 |
|             1 |
|             0 |
|             0 |
|             0 |
|             0 |
|             1 |
|             1 |
|             1 |
|             0 |
|             0 |
|             0 |
|             0 |
|             0 |
|             1 |
|             0 |
|             0 |
|             0 |
|             0 |
|             0 |
|             0 |
|             0 |
|             0 |
|             0 |
|             0 |
|             0 |
+---------------+
28 rows in set (0.00 sec)

mysql> select ename,month(DOB)=10 from student;
ERROR 1054 (42S22): Unknown column 'ename' in 'field list'
mysql> select name,month(DOB)=10 from student;
ERROR 1054 (42S22): Unknown column 'name' in 'field list'
mysql> select namelast,month(DOB)=10 from student;
+----------+---------------+
| namelast | month(DOB)=10 |
+----------+---------------+
| bagde    |             0 |
| rakde    |             1 |
| joshi    |             1 |
| patil    |             1 |
| bagde    |             0 |
| prasad   |             0 |
| bagde    |             0 |
| bagde    |             0 |
| khande   |             1 |
| patil    |             1 |
| save     |             1 |
| save     |             0 |
| save     |             0 |
| karnik   |             0 |
| karnik   |             0 |
| karnik   |             0 |
| menon    |             1 |
| shah     |             0 |
| patel    |             0 |
| patil    |             0 |
| gandhi   |             0 |
| patel    |             0 |
| patel    |             0 |
| bhavsar  |             0 |
| khande   |             0 |
| khan     |             0 |
| patil    |             0 |
| bubber   |             0 |
+----------+---------------+
28 rows in set (0.00 sec)

mysql> select namelast,DOB,month(DOB)=10 from student;
+----------+------------+---------------+
| namelast | DOB        | month(DOB)=10 |
+----------+------------+---------------+
| bagde    | 1984-06-12 |             0 |
| rakde    | 1969-10-25 |             1 |
| joshi    | 1970-10-25 |             1 |
| patil    | 1982-10-31 |             1 |
| bagde    | 1984-01-12 |             0 |
| prasad   | 1980-12-01 |             0 |
| bagde    | 1986-12-14 |             0 |
| bagde    | 1984-12-29 |             0 |
| khande   | 1992-10-26 |             1 |
| patil    | 1990-10-26 |             1 |
| save     | 1975-10-30 |             1 |
| save     | 1986-11-30 |             0 |
| save     | 1981-12-01 |             0 |
| karnik   | 1983-12-15 |             0 |
| karnik   | 1987-12-30 |             0 |
| karnik   | 1990-12-01 |             0 |
| menon    | 1989-10-26 |             1 |
| shah     | 1982-06-12 |             0 |
| patel    | 1983-11-13 |             0 |
| patil    | 1982-07-30 |             0 |
| gandhi   | 1982-07-30 |             0 |
| patel    | 1982-07-30 |             0 |
| patel    | 1982-07-30 |             0 |
| bhavsar  | 1982-07-30 |             0 |
| khande   | 1982-07-30 |             0 |
| khan     | 1972-05-13 |             0 |
| patil    | 1976-12-31 |             0 |
| bubber   | 1982-02-28 |             0 |
+----------+------------+---------------+
28 rows in set (0.00 sec)

mysql> select * from student where month(DOB)=10;
+----+-----------+----------+------------+-------------------------+
| ID | namefirst | namelast | DOB        | emailID                 |
+----+-----------+----------+------------+-------------------------+
|  2 | omkar     | rakde    | 1969-10-25 | omkar.rakde@gmail.com   |
|  3 | ulka      | joshi    | 1970-10-25 | ulka.joshi@gmail.com    |
|  4 | rahul     | patil    | 1982-10-31 | rahul.patil@gmail.com   |
|  9 | vasant    | khande   | 1992-10-26 | vasant.khande@gmail.com |
| 10 | nitish    | patil    | 1990-10-26 | nitish.patil@gmail.com  |
| 11 | neel      | save     | 1975-10-30 | neel.save@gmail.com     |
| 17 | sangita   | menon    | 1989-10-26 | sangita.menon@gmail.com |
+----+-----------+----------+------------+-------------------------+
7 rows in set (0.00 sec)

mysql> select * from student where year(DOB)=1982;
+----+-----------+----------+------------+--------------------------+
| ID | namefirst | namelast | DOB        | emailID                  |
+----+-----------+----------+------------+--------------------------+
|  4 | rahul     | patil    | 1982-10-31 | rahul.patil@gmail.com    |
| 18 | rahul     | shah     | 1982-06-12 | rahul.shah@gmail.com     |
| 20 | kaushal   | patil    | 1982-07-30 | kaushal.patil@gmail.com  |
| 21 | pankaj    | gandhi   | 1982-07-30 | pankaj.gandhi@gmail.com  |
| 22 | rajan     | patel    | 1982-07-30 | rajan.patel@gmail.com    |
| 23 | bhavin    | patel    | 1982-07-30 | bhavin.patel@gmail.com   |
| 24 | mukesh    | bhavsar  | 1982-07-30 | mukesh.bhavsar@gmail.com |
| 25 | dilu      | khande   | 1982-07-30 | dilu.khande@gmail.com    |
| 28 | raj       | bubber   | 1982-02-28 | raj.bubber@gmail.com     |
+----+-----------+----------+------------+--------------------------+
9 rows in set (0.00 sec)

mysql> select * from student where between month(DOB)=1 to month(DOB)=12
    -> ;
ERROR 1064 (42000): You have an error in your SQL syntax; check the manual that corresponds to your MySQL server version for the right syntax to use near 'between month(DOB)=1 to month(DOB)=12' at line 1
mysql> select * from student where between month(DOB)=1 and month(DOB)=12
    -> ;
ERROR 1064 (42000): You have an error in your SQL syntax; check the manual that corresponds to your MySQL server version for the right syntax to use near 'between month(DOB)=1 and month(DOB)=12' at line 1
mysql> ;
ERROR:
No query specified

mysql>
mysql>
mysql>
mysql> select * from student where R1 between month(DOB)=1 and month(DOB)=12;
ERROR 1064 (42000): You have an error in your SQL syntax; check the manual that corresponds to your MySQL server version for the right syntax to use near '=1 and month(DOB)=12' at line 1
mysql>
mysql>
mysql> select * from student where month(DOB)=1 or month(DOB)=12;
+----+-----------+----------+------------+--------------------------+
| ID | namefirst | namelast | DOB        | emailID                  |
+----+-----------+----------+------------+--------------------------+
|  5 | ruhan     | bagde    | 1984-01-12 | ruhan.bagde@gmail.com    |
|  6 | lala      | prasad   | 1980-12-01 | lala.prasad@gmail.com    |
|  7 | sharmin   | bagde    | 1986-12-14 | sharmin.bagde@gmail.com  |
|  8 | vrushali  | bagde    | 1984-12-29 | vrushali.bagde@gmail.com |
| 13 | nrupali   | save     | 1981-12-01 | nrupali.save@gmail.com   |
| 14 | supriya   | karnik   | 1983-12-15 | supriya.karnik@gmail.com |
| 15 | bandish   | karnik   | 1987-12-30 | bandish.karnik@gmail.com |
| 16 | sangita   | karnik   | 1990-12-01 | sangita.karnik@gmail.com |
| 27 | rohit     | patil    | 1976-12-31 | rohit.patil@gmail.com    |
+----+-----------+----------+------------+--------------------------+
9 rows in set (0.00 sec)

mysql> select * from student where day(DOB)='Sunday';
Empty set, 1 warning (0.00 sec)

mysql> select * from student where day(DOB)='monday';
Empty set, 1 warning (0.00 sec)

mysql> select * from student where day(DOB)='friday';
Empty set, 1 warning (0.00 sec)

mysql> select * from student where week_day(DOB)='friday';
ERROR 1305 (42000): FUNCTION dac51_campus.week_day does not exist
mysql>
mysql>
mysql> select * from student where day(DOB)=1;
+----+-----------+----------+------------+--------------------------+
| ID | namefirst | namelast | DOB        | emailID                  |
+----+-----------+----------+------------+--------------------------+
|  6 | lala      | prasad   | 1980-12-01 | lala.prasad@gmail.com    |
| 13 | nrupali   | save     | 1981-12-01 | nrupali.save@gmail.com   |
| 16 | sangita   | karnik   | 1990-12-01 | sangita.karnik@gmail.com |
+----+-----------+----------+------------+--------------------------+
3 rows in set (0.00 sec)

mysql>
mysql> select * from student where day(DOB)=1;
+----+-----------+----------+------------+--------------------------+
| ID | namefirst | namelast | DOB        | emailID                  |
+----+-----------+----------+------------+--------------------------+
|  6 | lala      | prasad   | 1980-12-01 | lala.prasad@gmail.com    |
| 13 | nrupali   | save     | 1981-12-01 | nrupali.save@gmail.com   |
| 16 | sangita   | karnik   | 1990-12-01 | sangita.karnik@gmail.com |
+----+-----------+----------+------------+--------------------------+
3 rows in set (0.00 sec)

mysql> select date();
ERROR 1064 (42000): You have an error in your SQL syntax; check the manual that corresponds to your MySQL server version for the right syntax to use near ')' at line 1
mysql> date;
ERROR 1064 (42000): You have an error in your SQL syntax; check the manual that corresponds to your MySQL server version for the right syntax to use near 'date' at line 1
mysql> select date;
ERROR 1054 (42S22): Unknown column 'date' in 'field list'
mysql> select date();
ERROR 1064 (42000): You have an error in your SQL syntax; check the manual that corresponds to your MySQL server version for the right syntax to use near ')' at line 1
mysql> select date from now();
ERROR 1064 (42000): You have an error in your SQL syntax; check the manual that corresponds to your MySQL server version for the right syntax to use near 'now()' at line 1
mysql> select date from now();
ERROR 1064 (42000): You have an error in your SQL syntax; check the manual that corresponds to your MySQL server version for the right syntax to use near 'now()' at line 1
mysql> select yyyy-mm-dd(now());
ERROR 1054 (42S22): Unknown column 'yyyy' in 'field list'
mysql> select yyyy-mm-dd(now());
ERROR 1054 (42S22): Unknown column 'yyyy' in 'field list'
mysql> select now();
+---------------------+
| now()               |
+---------------------+
| 2023-04-15 19:47:27 |
+---------------------+
1 row in set (0.00 sec)

mysql> select extract month(DOB) from student;
ERROR 1064 (42000): You have an error in your SQL syntax; check the manual that corresponds to your MySQL server version for the right syntax to use near '(DOB) from student' at line 1
mysql>
mysql>
mysql> select extract month(current_date) from student;
ERROR 1064 (42000): You have an error in your SQL syntax; check the manual that corresponds to your MySQL server version for the right syntax to use near '(current_date) from student' at line 1
mysql> select extract month(current_date);
ERROR 1064 (42000): You have an error in your SQL syntax; check the manual that corresponds to your MySQL server version for the right syntax to use near '(current_date)' at line 1
mysql> select extract(month from now());
+---------------------------+
| extract(month from now()) |
+---------------------------+
|                         4 |
+---------------------------+
1 row in set (0.00 sec)

mysql> select extract(year from now());
+--------------------------+
| extract(year from now()) |
+--------------------------+
|                     2023 |
+--------------------------+
1 row in set (0.00 sec)

mysql> select extract(year from now()) R];
ERROR 1064 (42000): You have an error in your SQL syntax; check the manual that corresponds to your MySQL server version for the right syntax to use near ']' at line 1
mysql> select extract(year from now()) R]
    -> ;
ERROR 1064 (42000): You have an error in your SQL syntax; check the manual that corresponds to your MySQL server version for the right syntax to use near ']' at line 1
mysql> select extract(year from now()) R;
+------+
| R    |
+------+
| 2023 |
+------+
1 row in set (0.00 sec)

mysql> select namefirst from student where year(DOB)=1984 order by namefirst;
+-----------+
| namefirst |
+-----------+
| ruhan     |
| saleel    |
| vrushali  |
+-----------+
3 rows in set (0.00 sec)

mysql> select namefirst,DOB from student where year(DOB)=1984 order by namefirst;
+-----------+------------+
| namefirst | DOB        |
+-----------+------------+
| ruhan     | 1984-01-12 |
| saleel    | 1984-06-12 |
| vrushali  | 1984-12-29 |
+-----------+------------+
3 rows in set (0.00 sec)

mysql> select namefirst,DOB from student where year(DOB)=1984;
+-----------+------------+
| namefirst | DOB        |
+-----------+------------+
| saleel    | 1984-06-12 |
| ruhan     | 1984-01-12 |
| vrushali  | 1984-12-29 |
+-----------+------------+
3 rows in set (0.00 sec)

mysql> select namefirst,DOB from student where quarter(DOB)=4;
+-----------+------------+
| namefirst | DOB        |
+-----------+------------+
| omkar     | 1969-10-25 |
| ulka      | 1970-10-25 |
| rahul     | 1982-10-31 |
| lala      | 1980-12-01 |
| sharmin   | 1986-12-14 |
| vrushali  | 1984-12-29 |
| vasant    | 1992-10-26 |
| nitish    | 1990-10-26 |
| neel      | 1975-10-30 |
| deep      | 1986-11-30 |
| nrupali   | 1981-12-01 |
| supriya   | 1983-12-15 |
| bandish   | 1987-12-30 |
| sangita   | 1990-12-01 |
| sangita   | 1989-10-26 |
| bhavin    | 1983-11-13 |
| rohit     | 1976-12-31 |
+-----------+------------+
17 rows in set (0.00 sec)

mysql> select namefirst,DOB from student where week(DOB)=43;
+-----------+------------+
| namefirst | DOB        |
+-----------+------------+
| ulka      | 1970-10-25 |
| vasant    | 1992-10-26 |
| neel      | 1975-10-30 |
| sangita   | 1989-10-26 |
+-----------+------------+
4 rows in set (0.00 sec)

mysql> select namefirst,DOB from student between day(DOB)=10 and day(DOB)=19;
ERROR 1064 (42000): You have an error in your SQL syntax; check the manual that corresponds to your MySQL server version for the right syntax to use near 'between day(DOB)=10 and day(DOB)=19' at line 1
mysql> select namefirst,DOB from student between day(DOB)=10 and day(DOB)=19;
ERROR 1064 (42000): You have an error in your SQL syntax; check the manual that corresponds to your MySQL server version for the right syntax to use near 'between day(DOB)=10 and day(DOB)=19' at line 1
mysql>
mysql>
mysql> select namefirst,DOB from student between day(DOB)=10 or day(DOB)=19;
ERROR 1064 (42000): You have an error in your SQL syntax; check the manual that corresponds to your MySQL server version for the right syntax to use near 'between day(DOB)=10 or day(DOB)=19' at line 1
mysql>
mysql>
mysql> select namefirst,DOB from student between day(DOB)=10 or day(DOB)=19;
ERROR 1064 (42000): You have an error in your SQL syntax; check the manual that corresponds to your MySQL server version for the right syntax to use near 'between day(DOB)=10 or day(DOB)=19' at line 1
mysql>