| a                   |
| abc                 |
| agent               |
| andor               |
| b                   |
| blanktablea         |
| blanktableb         |
| blog                |
| bonus               |
| books               |
| candidate           |
| client              |
| coalesce            |
| comments            |
| company             |
| customer            |
| customers           |
| demodept1           |
| demodept2           |
| dept                |
| dept1               |
| docs                |
| dummy               |
| duplicate           |
| emp                 |
| emp1                |
| emp2                |
| emp_attendance      |
| emp_cards           |
| emp_phone           |
| empj                |
| envelope            |
| finance             |
| food                |
| grp                 |
| hobby               |
| item                |
| key_parts           |
| licence             |
| location            |
| mass_table          |
| menucard            |
| nearest             |
| new                 |
| newbooks            |
| nullif              |
| numberstring        |
| ord                 |
| orders              |
| plumber             |
| plumber_service_map |
| points              |
| price               |
| product             |
| products            |
| quarter_revenue     |
| r                   |
| r1                  |
| r2                  |
| races               |
| regexpr             |
| replacedept         |
| revenue             |
| runners             |
| sales               |
| sales_channel       |
| salespeople         |
| salesperson         |
| salgrade            |
| service             |
| seta                |
| setb                |
| softdrink           |
| sort                |
| stadium             |
| states              |
| station             |
| status              |
| stringnumber        |
| student             |
| t1                  |
| tablea              |
| tableaa             |
| tableb              |
| tablebb             |
| tasks               |
| temp1               |
| transactions        |
| vote_response       |
| votes               |
| warehouse           |
| warehouse2          |
| xyz                 |
| z                   |
+---------------------+
94 rows in set (0.01 sec)

mysql> select * from emp,dept;
+-------+----------+--------+---------------------+------+------------+------+------+--------+---------+--------------+------------+------------+----------+--------+------------+----------+------------+------------+
| EMPNO | ENAME    | GENDER | JOB                 | MGR  | HIREDATE   | SAL  | COMM | DEPTNO | BONUSID | USER NAME    | PWD        | PHONE      | isActive | DEPTNO | DNAME      | LOC      | PWD        | STARTEDON  |
+-------+----------+--------+---------------------+------+------------+------+------+--------+---------+--------------+------------+------------+----------+--------+------------+----------+------------+------------+
|  6001 | GITA     | F      | Compliance officers | 7920 | 1981-07-19 | 1750 | NULL |     30 |       1 | GITA         | sales@2017 | NULL       |        1 |     50 | HR         | PUNE     | PUN@8877   | 22/12/1989 |
|  6001 | GITA     | F      | Compliance officers | 7920 | 1981-07-19 | 1750 | NULL |     30 |       1 | GITA         | sales@2017 | NULL       |        1 |     40 | OPERATIONS | BOSTON   | opr@123    | 12/07/1989 |
|  6001 | GITA     | F      | Compliance officers | 7920 | 1981-07-19 | 1750 | NULL |     30 |       1 | GITA         | sales@2017 | NULL       |        1 |     30 | SALES      | CHICAGO  | sales@2017 | 13/04/1989 |
|  6001 | GITA     | F      | Compliance officers | 7920 | 1981-07-19 | 1750 | NULL |     30 |       1 | GITA         | sales@2017 | NULL       |        1 |     20 | RESEARCH   | DALLAS   | a12recmpm  | 12/04/1989 |
|  6001 | GITA     | F      | Compliance officers | 7920 | 1981-07-19 | 1750 | NULL |     30 |       1 | GITA         | sales@2017 | NULL       |        1 |     10 | ACCOUNTING | NEW YORK | r50mpm     | 24/03/1989 |
|  6129 | VRUSHALI | F      | Compliance officers | 7920 | 1981-07-19 | 1750 | NULL |     50 |       1 | VRUSHALI     | PUN@8877   | NULL       |        1 |     50 | HR         | PUNE     | PUN@8877   | 22/12/1989 |
|  6129 | VRUSHALI | F      | Compliance officers | 7920 | 1981-07-19 | 1750 | NULL |     50 |       1 | VRUSHALI     | PUN@8877   | NULL       |        1 |     40 | OPERATIONS | BOSTON   | opr@123    | 12/07/1989 |
|  6129 | VRUSHALI | F      | Compliance officers | 7920 | 1981-07-19 | 1750 | NULL |     50 |       1 | VRUSHALI     | PUN@8877   | NULL       |        1 |     30 | SALES      | CHICAGO  | sales@2017 | 13/04/1989 |
|  6129 | VRUSHALI | F      | Compliance officers | 7920 | 1981-07-19 | 1750 | NULL |     50 |       1 | VRUSHALI     | PUN@8877   | NULL       |        1 |     20 | RESEARCH   | DALLAS   | a12recmpm  | 12/04/1989 |
|  6129 | VRUSHALI | F      | Compliance officers | 7920 | 1981-07-19 | 1750 | NULL |     50 |       1 | VRUSHALI     | PUN@8877   | NULL       |        1 |     10 | ACCOUNTING | NEW YORK | r50mpm     | 24/03/1989 |
|  6473 | SHARMIN  | F      | Public Relation     | 7920 | 1981-07-19 | 1750 | NULL |     20 |       1 | SHARMIN      | a12recmpm  | NULL       |        1 |     50 | HR         | PUNE     | PUN@8877   | 22/12/1989 |
|  6473 | SHARMIN  | F      | Public Relation     | 7920 | 1981-07-19 | 1750 | NULL |     20 |       1 | SHARMIN      | a12recmpm  | NULL       |        1 |     40 | OPERATIONS | BOSTON   | opr@123    | 12/07/1989 |
|  6473 | SHARMIN  | F      | Public Relation     | 7920 | 1981-07-19 | 1750 | NULL |     20 |       1 | SHARMIN      | a12recmpm  | NULL       |        1 |     30 | SALES      | CHICAGO  | sales@2017 | 13/04/1989 |
|  6473 | SHARMIN  | F      | Public Relation     | 7920 | 1981-07-19 | 1750 | NULL |     20 |       1 | SHARMIN      | a12recmpm  | NULL       |        1 |     20 | RESEARCH   | DALLAS   | a12recmpm  | 12/04/1989 |
|  6473 | SHARMIN  | F      | Public Relation     | 7920 | 1981-07-19 | 1750 | NULL |     20 |       1 | SHARMIN      | a12recmpm  | NULL       |        1 |     10 | ACCOUNTING | NEW YORK | r50mpm     | 24/03/1989 |
|  6781 | BANDISH  | F      | Public Relation     | 7920 | 1981-07-19 | 1750 | NULL |     20 |       1 | BANDISH      | a12recmpm  | NULL       |        1 |     50 | HR         | PUNE     | PUN@8877   | 22/12/1989 |
|  6781 | BANDISH  | F      | Public Relation     | 7920 | 1981-07-19 | 1750 | NULL |     20 |       1 | BANDISH      | a12recmpm  | NULL       |        1 |     40 | OPERATIONS | BOSTON   | opr@123    | 12/07/1989 |
|  6781 | BANDISH  | F      | Public Relation     | 7920 | 1981-07-19 | 1750 | NULL |     20 |       1 | BANDISH      | a12recmpm  | NULL       |        1 |     30 | SALES      | CHICAGO  | sales@2017 | 13/04/1989 |
|  6781 | BANDISH  | F      | Public Relation     | 7920 | 1981-07-19 | 1750 | NULL |     20 |       1 | BANDISH      | a12recmpm  | NULL       |        1 |     20 | RESEARCH   | DALLAS   | a12recmpm  | 12/04/1989 |
|  6781 | BANDISH  | F      | Public Relation     | 7920 | 1981-07-19 | 1750 | NULL |     20 |       1 | BANDISH      | a12recmpm  | NULL       |        1 |     10 | ACCOUNTING | NEW YORK | r50mpm     | 24/03/1989 |
|  7369 | SMITH    | M      | CLERK               | 7902 | 1980-12-17 |  800 | NULL |     20 |       2 | TRITONE      | a12recmpm  | 7032300023 |        0 |     50 | HR         | PUNE     | PUN@8877   | 22/12/1989 |
|  7369 | SMITH    | M      | CLERK               | 7902 | 1980-12-17 |  800 | NULL |     20 |       2 | TRITONE      | a12recmpm  | 7032300023 |        0 |     40 | OPERATIONS | BOSTON   | opr@123    | 12/07/1989 |
|  7369 | SMITH    | M      | CLERK               | 7902 | 1980-12-17 |  800 | NULL |     20 |       2 | TRITONE      | a12recmpm  | 7032300023 |        0 |     30 | SALES      | CHICAGO  | sales@2017 | 13/04/1989 |
|  7369 | SMITH    | M      | CLERK               | 7902 | 1980-12-17 |  800 | NULL |     20 |       2 | TRITONE      | a12recmpm  | 7032300023 |        0 |     20 | RESEARCH   | DALLAS   | a12recmpm  | 12/04/1989 |
|  7369 | SMITH    | M      | CLERK               | 7902 | 1980-12-17 |  800 | NULL |     20 |       2 | TRITONE      | a12recmpm  | 7032300023 |        0 |     10 | ACCOUNTING | NEW YORK | r50mpm     | 24/03/1989 |
|  7415 | AARAV    | M      | CLERK               | 7902 | 1981-12-31 | 3350 | NULL |     10 |    NULL | AARAV        | NULL       | 7032300084 |        0 |     50 | HR         | PUNE     | PUN@8877   | 22/12/1989 |
|  7415 | AARAV    | M      | CLERK               | 7902 | 1981-12-31 | 3350 | NULL |     10 |    NULL | AARAV        | NULL       | 7032300084 |        0 |     40 | OPERATIONS | BOSTON   | opr@123    | 12/07/1989 |
|  7415 | AARAV    | M      | CLERK               | 7902 | 1981-12-31 | 3350 | NULL |     10 |    NULL | AARAV        | NULL       | 7032300084 |        0 |     30 | SALES      | CHICAGO  | sales@2017 | 13/04/1989 |
|  7415 | AARAV    | M      | CLERK               | 7902 | 1981-12-31 | 3350 | NULL |     10 |    NULL | AARAV        | NULL       | 7032300084 |        0 |     20 | RESEARCH   | DALLAS   | a12recmpm  | 12/04/1989 |
|  7415 | AARAV    | M      | CLERK               | 7902 | 1981-12-31 | 3350 | NULL |     10 |    NULL | AARAV        | NULL       | 7032300084 |        0 |     10 | ACCOUNTING | NEW YORK | r50mpm     | 24/03/1989 |
|  7421 | THOMAS   | M      | CLERK               | 7920 | 1981-07-19 | 1750 | NULL |     10 |       1 | THOMAS       | r50mpm     | 7032300011 |        0 |     50 | HR         | PUNE     | PUN@8877   | 22/12/1989 |
|  7421 | THOMAS   | M      | CLERK               | 7920 | 1981-07-19 | 1750 | NULL |     10 |       1 | THOMAS       | r50mpm     | 7032300011 |        0 |     40 | OPERATIONS | BOSTON   | opr@123    | 12/07/1989 |
|  7421 | THOMAS   | M      | CLERK               | 7920 | 1981-07-19 | 1750 | NULL |     10 |       1 | THOMAS       | r50mpm     | 7032300011 |        0 |     30 | SALES      | CHICAGO  | sales@2017 | 13/04/1989 |
|  7421 | THOMAS   | M      | CLERK               | 7920 | 1981-07-19 | 1750 | NULL |     10 |       1 | THOMAS       | r50mpm     | 7032300011 |        0 |     20 | RESEARCH   | DALLAS   | a12recmpm  | 12/04/1989 |
|  7421 | THOMAS   | M      | CLERK               | 7920 | 1981-07-19 | 1750 | NULL |     10 |       1 | THOMAS       | r50mpm     | 7032300011 |        0 |     10 | ACCOUNTING | NEW YORK | r50mpm     | 24/03/1989 |
|  7499 | ALLEN    | M      | SALESMAN            | 7698 | 1981-02-20 | 1600 |  300 |     30 |       4 | ALWAYS TESTE | sales@2017 | 7032300096 |        1 |     50 | HR         | PUNE     | PUN@8877   | 22/12/1989 |
|  7499 | ALLEN    | M      | SALESMAN            | 7698 | 1981-02-20 | 1600 |  300 |     30 |       4 | ALWAYS TESTE | sales@2017 | 7032300096 |        1 |     40 | OPERATIONS | BOSTON   | opr@123    | 12/07/1989 |
|  7499 | ALLEN    | M      | SALESMAN            | 7698 | 1981-02-20 | 1600 |  300 |     30 |       4 | ALWAYS TESTE | sales@2017 | 7032300096 |        1 |     30 | SALES      | CHICAGO  | sales@2017 | 13/04/1989 |
|  7499 | ALLEN    | M      | SALESMAN            | 7698 | 1981-02-20 | 1600 |  300 |     30 |       4 | ALWAYS TESTE | sales@2017 | 7032300096 |        1 |     20 | RESEARCH   | DALLAS   | a12recmpm  | 12/04/1989 |
|  7499 | ALLEN    | M      | SALESMAN            | 7698 | 1981-02-20 | 1600 |  300 |     30 |       4 | ALWAYS TESTE | sales@2017 | 7032300096 |        1 |     10 | ACCOUNTING | NEW YORK | r50mpm     | 24/03/1989 |
|  7521 | WARD     | M      | SALESMAN            | 7698 | 1981-02-22 | 1250 |  500 |     30 |       1 | WARD         | sales@2017 | 7132300034 |        1 |     50 | HR         | PUNE     | PUN@8877   | 22/12/1989 |
|  7521 | WARD     | M      | SALESMAN            | 7698 | 1981-02-22 | 1250 |  500 |     30 |       1 | WARD         | sales@2017 | 7132300034 |        1 |     40 | OPERATIONS | BOSTON   | opr@123    | 12/07/1989 |
|  7521 | WARD     | M      | SALESMAN            | 7698 | 1981-02-22 | 1250 |  500 |     30 |       1 | WARD         | sales@2017 | 7132300034 |        1 |     30 | SALES      | CHICAGO  | sales@2017 | 13/04/1989 |
|  7521 | WARD     | M      | SALESMAN            | 7698 | 1981-02-22 | 1250 |  500 |     30 |       1 | WARD         | sales@2017 | 7132300034 |        1 |     20 | RESEARCH   | DALLAS   | a12recmpm  | 12/04/1989 |
|  7521 | WARD     | M      | SALESMAN            | 7698 | 1981-02-22 | 1250 |  500 |     30 |       1 | WARD         | sales@2017 | 7132300034 |        1 |     10 | ACCOUNTING | NEW YORK | r50mpm     | 24/03/1989 |
|  7566 | JONES    | M      | MANAGER             | 7839 | 1981-04-02 | 2975 | NULL |     20 |       4 | HONEYCOMB    | a12recmpm  | 7132300039 |        1 |     50 | HR         | PUNE     | PUN@8877   | 22/12/1989 |
|  7566 | JONES    | M      | MANAGER             | 7839 | 1981-04-02 | 2975 | NULL |     20 |       4 | HONEYCOMB    | a12recmpm  | 7132300039 |        1 |     40 | OPERATIONS | BOSTON   | opr@123    | 12/07/1989 |
|  7566 | JONES    | M      | MANAGER             | 7839 | 1981-04-02 | 2975 | NULL |     20 |       4 | HONEYCOMB    | a12recmpm  | 7132300039 |        1 |     30 | SALES      | CHICAGO  | sales@2017 | 13/04/1989 |
|  7566 | JONES    | M      | MANAGER             | 7839 | 1981-04-02 | 2975 | NULL |     20 |       4 | HONEYCOMB    | a12recmpm  | 7132300039 |        1 |     20 | RESEARCH   | DALLAS   | a12recmpm  | 12/04/1989 |
|  7566 | JONES    | M      | MANAGER             | 7839 | 1981-04-02 | 2975 | NULL |     20 |       4 | HONEYCOMB    | a12recmpm  | 7132300039 |        1 |     10 | ACCOUNTING | NEW YORK | r50mpm     | 24/03/1989 |
|  7654 | MARTIN   | M      | SALESMAN            | 7698 | 1981-09-28 | 1250 | 1400 |     30 |       6 | LIFE RACER   | sales@2017 | 7132300050 |        1 |     50 | HR         | PUNE     | PUN@8877   | 22/12/1989 |
|  7654 | MARTIN   | M      | SALESMAN            | 7698 | 1981-09-28 | 1250 | 1400 |     30 |       6 | LIFE RACER   | sales@2017 | 7132300050 |        1 |     40 | OPERATIONS | BOSTON   | opr@123    | 12/07/1989 |
|  7654 | MARTIN   | M      | SALESMAN            | 7698 | 1981-09-28 | 1250 | 1400 |     30 |       6 | LIFE RACER   | sales@2017 | 7132300050 |        1 |     30 | SALES      | CHICAGO  | sales@2017 | 13/04/1989 |
|  7654 | MARTIN   | M      | SALESMAN            | 7698 | 1981-09-28 | 1250 | 1400 |     30 |       6 | LIFE RACER   | sales@2017 | 7132300050 |        1 |     20 | RESEARCH   | DALLAS   | a12recmpm  | 12/04/1989 |
|  7654 | MARTIN   | M      | SALESMAN            | 7698 | 1981-09-28 | 1250 | 1400 |     30 |       6 | LIFE RACER   | sales@2017 | 7132300050 |        1 |     10 | ACCOUNTING | NEW YORK | r50mpm     | 24/03/1989 |
|  7698 | BLAKE    | M      | MANAGER             | 7839 | 1981-05-01 | 2850 | NULL |     30 |       1 | BIG BEN      | sales@2017 | 7132300027 |        1 |     50 | HR         | PUNE     | PUN@8877   | 22/12/1989 |
|  7698 | BLAKE    | M      | MANAGER             | 7839 | 1981-05-01 | 2850 | NULL |     30 |       1 | BIG BEN      | sales@2017 | 7132300027 |        1 |     40 | OPERATIONS | BOSTON   | opr@123    | 12/07/1989 |
|  7698 | BLAKE    | M      | MANAGER             | 7839 | 1981-05-01 | 2850 | NULL |     30 |       1 | BIG BEN      | sales@2017 | 7132300027 |        1 |     30 | SALES      | CHICAGO  | sales@2017 | 13/04/1989 |
|  7698 | BLAKE    | M      | MANAGER             | 7839 | 1981-05-01 | 2850 | NULL |     30 |       1 | BIG BEN      | sales@2017 | 7132300027 |        1 |     20 | RESEARCH   | DALLAS   | a12recmpm  | 12/04/1989 |
|  7698 | BLAKE    | M      | MANAGER             | 7839 | 1981-05-01 | 2850 | NULL |     30 |       1 | BIG BEN      | sales@2017 | 7132300027 |        1 |     10 | ACCOUNTING | NEW YORK | r50mpm     | 24/03/1989 |
|  7782 | CLARK    | M      | MANAGER             | 7839 | 1981-06-09 | 2450 | NULL |     10 |       3 | CLARK        | r50mpm     | 7032300001 |        1 |     50 | HR         | PUNE     | PUN@8877   | 22/12/1989 |
|  7782 | CLARK    | M      | MANAGER             | 7839 | 1981-06-09 | 2450 | NULL |     10 |       3 | CLARK        | r50mpm     | 7032300001 |        1 |     40 | OPERATIONS | BOSTON   | opr@123    | 12/07/1989 |
|  7782 | CLARK    | M      | MANAGER             | 7839 | 1981-06-09 | 2450 | NULL |     10 |       3 | CLARK        | r50mpm     | 7032300001 |        1 |     30 | SALES      | CHICAGO  | sales@2017 | 13/04/1989 |
|  7782 | CLARK    | M      | MANAGER             | 7839 | 1981-06-09 | 2450 | NULL |     10 |       3 | CLARK        | r50mpm     | 7032300001 |        1 |     20 | RESEARCH   | DALLAS   | a12recmpm  | 12/04/1989 |
|  7782 | CLARK    | M      | MANAGER             | 7839 | 1981-06-09 | 2450 | NULL |     10 |       3 | CLARK        | r50mpm     | 7032300001 |        1 |     10 | ACCOUNTING | NEW YORK | r50mpm     | 24/03/1989 |
|  7788 | SCOTT    | M      | ANALYST             | 7566 | 1982-12-09 | 3000 | NULL |     20 |       3 | WHITE SAND   | a12recmpm  | NULL       |        1 |     50 | HR         | PUNE     | PUN@8877   | 22/12/1989 |
|  7788 | SCOTT    | M      | ANALYST             | 7566 | 1982-12-09 | 3000 | NULL |     20 |       3 | WHITE SAND   | a12recmpm  | NULL       |        1 |     40 | OPERATIONS | BOSTON   | opr@123    | 12/07/1989 |
|  7788 | SCOTT    | M      | ANALYST             | 7566 | 1982-12-09 | 3000 | NULL |     20 |       3 | WHITE SAND   | a12recmpm  | NULL       |        1 |     30 | SALES      | CHICAGO  | sales@2017 | 13/04/1989 |
|  7788 | SCOTT    | M      | ANALYST             | 7566 | 1982-12-09 | 3000 | NULL |     20 |       3 | WHITE SAND   | a12recmpm  | NULL       |        1 |     20 | RESEARCH   | DALLAS   | a12recmpm  | 12/04/1989 |
|  7788 | SCOTT    | M      | ANALYST             | 7566 | 1982-12-09 | 3000 | NULL |     20 |       3 | WHITE SAND   | a12recmpm  | NULL       |        1 |     10 | ACCOUNTING | NEW YORK | r50mpm     | 24/03/1989 |
|  7839 | KING     | M      | PRESIDENT           | NULL | 1981-11-17 | 5000 | NULL |     10 |       1 | KING         | r50mpm     | 7132300081 |        1 |     50 | HR         | PUNE     | PUN@8877   | 22/12/1989 |
|  7839 | KING     | M      | PRESIDENT           | NULL | 1981-11-17 | 5000 | NULL |     10 |       1 | KING         | r50mpm     | 7132300081 |        1 |     40 | OPERATIONS | BOSTON   | opr@123    | 12/07/1989 |
|  7839 | KING     | M      | PRESIDENT           | NULL | 1981-11-17 | 5000 | NULL |     10 |       1 | KING         | r50mpm     | 7132300081 |        1 |     30 | SALES      | CHICAGO  | sales@2017 | 13/04/1989 |
|  7839 | KING     | M      | PRESIDENT           | NULL | 1981-11-17 | 5000 | NULL |     10 |       1 | KING         | r50mpm     | 7132300081 |        1 |     20 | RESEARCH   | DALLAS   | a12recmpm  | 12/04/1989 |
|  7839 | KING     | M      | PRESIDENT           | NULL | 1981-11-17 | 5000 | NULL |     10 |       1 | KING         | r50mpm     | 7132300081 |        1 |     10 | ACCOUNTING | NEW YORK | r50mpm     | 24/03/1989 |
|  7840 | FRED     | M      | vice PRESIDENT      | 7839 | 1983-08-09 | 5000 | NULL |     20 |       1 | SAND STONE   | a12recmpm  | NULL       |        1 |     50 | HR         | PUNE     | PUN@8877   | 22/12/1989 |
|  7840 | FRED     | M      | vice PRESIDENT      | 7839 | 1983-08-09 | 5000 | NULL |     20 |       1 | SAND STONE   | a12recmpm  | NULL       |        1 |     40 | OPERATIONS | BOSTON   | opr@123    | 12/07/1989 |
|  7840 | FRED     | M      | vice PRESIDENT      | 7839 | 1983-08-09 | 5000 | NULL |     20 |       1 | SAND STONE   | a12recmpm  | NULL       |        1 |     30 | SALES      | CHICAGO  | sales@2017 | 13/04/1989 |
|  7840 | FRED     | M      | vice PRESIDENT      | 7839 | 1983-08-09 | 5000 | NULL |     20 |       1 | SAND STONE   | a12recmpm  | NULL       |        1 |     20 | RESEARCH   | DALLAS   | a12recmpm  | 12/04/1989 |
|  7840 | FRED     | M      | vice PRESIDENT      | 7839 | 1983-08-09 | 5000 | NULL |     20 |       1 | SAND STONE   | a12recmpm  | NULL       |        1 |     10 | ACCOUNTING | NEW YORK | r50mpm     | 24/03/1989 |
|  7844 | TURNER   | M      | SALESMAN            | 7698 | 1981-09-08 | 1500 |    0 |     30 |       5 | SAND DUST    | sales@2017 | NULL       |        1 |     50 | HR         | PUNE     | PUN@8877   | 22/12/1989 |
|  7844 | TURNER   | M      | SALESMAN            | 7698 | 1981-09-08 | 1500 |    0 |     30 |       5 | SAND DUST    | sales@2017 | NULL       |        1 |     40 | OPERATIONS | BOSTON   | opr@123    | 12/07/1989 |
|  7844 | TURNER   | M      | SALESMAN            | 7698 | 1981-09-08 | 1500 |    0 |     30 |       5 | SAND DUST    | sales@2017 | NULL       |        1 |     30 | SALES      | CHICAGO  | sales@2017 | 13/04/1989 |
|  7844 | TURNER   | M      | SALESMAN            | 7698 | 1981-09-08 | 1500 |    0 |     30 |       5 | SAND DUST    | sales@2017 | NULL       |        1 |     20 | RESEARCH   | DALLAS   | a12recmpm  | 12/04/1989 |
|  7844 | TURNER   | M      | SALESMAN            | 7698 | 1981-09-08 | 1500 |    0 |     30 |       5 | SAND DUST    | sales@2017 | NULL       |        1 |     10 | ACCOUNTING | NEW YORK | r50mpm     | 24/03/1989 |
|  7876 | ADAMS    | M      | CLERK               | 7788 | 1983-01-12 | 1100 | NULL |     20 |       1 | CRAZY ANYONE | a12recmpm  | 7132300086 |        1 |     50 | HR         | PUNE     | PUN@8877   | 22/12/1989 |
|  7876 | ADAMS    | M      | CLERK               | 7788 | 1983-01-12 | 1100 | NULL |     20 |       1 | CRAZY ANYONE | a12recmpm  | 7132300086 |        1 |     40 | OPERATIONS | BOSTON   | opr@123    | 12/07/1989 |
|  7876 | ADAMS    | M      | CLERK               | 7788 | 1983-01-12 | 1100 | NULL |     20 |       1 | CRAZY ANYONE | a12recmpm  | 7132300086 |        1 |     30 | SALES      | CHICAGO  | sales@2017 | 13/04/1989 |
|  7876 | ADAMS    | M      | CLERK               | 7788 | 1983-01-12 | 1100 | NULL |     20 |       1 | CRAZY ANYONE | a12recmpm  | 7132300086 |        1 |     20 | RESEARCH   | DALLAS   | a12recmpm  | 12/04/1989 |
|  7876 | ADAMS    | M      | CLERK               | 7788 | 1983-01-12 | 1100 | NULL |     20 |       1 | CRAZY ANYONE | a12recmpm  | 7132300086 |        1 |     10 | ACCOUNTING | NEW YORK | r50mpm     | 24/03/1989 |
|  7900 | JAMES    | M      | CLERK               | 7698 | 1981-12-03 |  950 | NULL |     30 |       2 | CRAZY LEADER | sales@2017 | 7132300042 |        1 |     50 | HR         | PUNE     | PUN@8877   | 22/12/1989 |
|  7900 | JAMES    | M      | CLERK               | 7698 | 1981-12-03 |  950 | NULL |     30 |       2 | CRAZY LEADER | sales@2017 | 7132300042 |        1 |     40 | OPERATIONS | BOSTON   | opr@123    | 12/07/1989 |
|  7900 | JAMES    | M      | CLERK               | 7698 | 1981-12-03 |  950 | NULL |     30 |       2 | CRAZY LEADER | sales@2017 | 7132300042 |        1 |     30 | SALES      | CHICAGO  | sales@2017 | 13/04/1989 |
|  7900 | JAMES    | M      | CLERK               | 7698 | 1981-12-03 |  950 | NULL |     30 |       2 | CRAZY LEADER | sales@2017 | 7132300042 |        1 |     20 | RESEARCH   | DALLAS   | a12recmpm  | 12/04/1989 |
|  7900 | JAMES    | M      | CLERK               | 7698 | 1981-12-03 |  950 | NULL |     30 |       2 | CRAZY LEADER | sales@2017 | 7132300042 |        1 |     10 | ACCOUNTING | NEW YORK | r50mpm     | 24/03/1989 |
|  7902 | FORD     | M      | ANALYST             | 7566 | 1981-12-03 | 3000 | NULL |     20 |       4 | CONBRIO      | a12recmpm  | NULL       |        0 |     50 | HR         | PUNE     | PUN@8877   | 22/12/1989 |
|  7902 | FORD     | M      | ANALYST             | 7566 | 1981-12-03 | 3000 | NULL |     20 |       4 | CONBRIO      | a12recmpm  | NULL       |        0 |     40 | OPERATIONS | BOSTON   | opr@123    | 12/07/1989 |
|  7902 | FORD     | M      | ANALYST             | 7566 | 1981-12-03 | 3000 | NULL |     20 |       4 | CONBRIO      | a12recmpm  | NULL       |        0 |     30 | SALES      | CHICAGO  | sales@2017 | 13/04/1989 |
|  7902 | FORD     | M      | ANALYST             | 7566 | 1981-12-03 | 3000 | NULL |     20 |       4 | CONBRIO      | a12recmpm  | NULL       |        0 |     20 | RESEARCH   | DALLAS   | a12recmpm  | 12/04/1989 |
|  7902 | FORD     | M      | ANALYST             | 7566 | 1981-12-03 | 3000 | NULL |     20 |       4 | CONBRIO      | a12recmpm  | NULL       |        0 |     10 | ACCOUNTING | NEW YORK | r50mpm     | 24/03/1989 |
|  7919 | HOFFMAN  | M      | MANAGER             | 7566 | 1982-03-24 | 4150 | NULL |     30 |       3 | INTERVAL     | sales@2017 | NULL       |        1 |     50 | HR         | PUNE     | PUN@8877   | 22/12/1989 |
|  7919 | HOFFMAN  | M      | MANAGER             | 7566 | 1982-03-24 | 4150 | NULL |     30 |       3 | INTERVAL     | sales@2017 | NULL       |        1 |     40 | OPERATIONS | BOSTON   | opr@123    | 12/07/1989 |
|  7919 | HOFFMAN  | M      | MANAGER             | 7566 | 1982-03-24 | 4150 | NULL |     30 |       3 | INTERVAL     | sales@2017 | NULL       |        1 |     30 | SALES      | CHICAGO  | sales@2017 | 13/04/1989 |
|  7919 | HOFFMAN  | M      | MANAGER             | 7566 | 1982-03-24 | 4150 | NULL |     30 |       3 | INTERVAL     | sales@2017 | NULL       |        1 |     20 | RESEARCH   | DALLAS   | a12recmpm  | 12/04/1989 |
|  7919 | HOFFMAN  | M      | MANAGER             | 7566 | 1982-03-24 | 4150 | NULL |     30 |       3 | INTERVAL     | sales@2017 | NULL       |        1 |     10 | ACCOUNTING | NEW YORK | r50mpm     | 24/03/1989 |
|  7920 | GRASS    | M      | SALESMAN            | 7919 | 1980-02-14 | 2575 | 2700 |     30 |       5 | GRASS        | sales@2017 | NULL       |        1 |     50 | HR         | PUNE     | PUN@8877   | 22/12/1989 |
|  7920 | GRASS    | M      | SALESMAN            | 7919 | 1980-02-14 | 2575 | 2700 |     30 |       5 | GRASS        | sales@2017 | NULL       |        1 |     40 | OPERATIONS | BOSTON   | opr@123    | 12/07/1989 |
|  7920 | GRASS    | M      | SALESMAN            | 7919 | 1980-02-14 | 2575 | 2700 |     30 |       5 | GRASS        | sales@2017 | NULL       |        1 |     30 | SALES      | CHICAGO  | sales@2017 | 13/04/1989 |
|  7920 | GRASS    | M      | SALESMAN            | 7919 | 1980-02-14 | 2575 | 2700 |     30 |       5 | GRASS        | sales@2017 | NULL       |        1 |     20 | RESEARCH   | DALLAS   | a12recmpm  | 12/04/1989 |
|  7920 | GRASS    | M      | SALESMAN            | 7919 | 1980-02-14 | 2575 | 2700 |     30 |       5 | GRASS        | sales@2017 | NULL       |        1 |     10 | ACCOUNTING | NEW YORK | r50mpm     | 24/03/1989 |
|  7934 | MILLER   | M      | CLERK               | 7782 | 1982-01-23 | 1300 | NULL |     10 |       2 | QUARTERNOTE  | r50mpm     | 7132300055 |        0 |     50 | HR         | PUNE     | PUN@8877   | 22/12/1989 |
|  7934 | MILLER   | M      | CLERK               | 7782 | 1982-01-23 | 1300 | NULL |     10 |       2 | QUARTERNOTE  | r50mpm     | 7132300055 |        0 |     40 | OPERATIONS | BOSTON   | opr@123    | 12/07/1989 |
|  7934 | MILLER   | M      | CLERK               | 7782 | 1982-01-23 | 1300 | NULL |     10 |       2 | QUARTERNOTE  | r50mpm     | 7132300055 |        0 |     30 | SALES      | CHICAGO  | sales@2017 | 13/04/1989 |
|  7934 | MILLER   | M      | CLERK               | 7782 | 1982-01-23 | 1300 | NULL |     10 |       2 | QUARTERNOTE  | r50mpm     | 7132300055 |        0 |     20 | RESEARCH   | DALLAS   | a12recmpm  | 12/04/1989 |
|  7934 | MILLER   | M      | CLERK               | 7782 | 1982-01-23 | 1300 | NULL |     10 |       2 | QUARTERNOTE  | r50mpm     | 7132300055 |        0 |     10 | ACCOUNTING | NEW YORK | r50mpm     | 24/03/1989 |
|  7945 | AARUSH   | M      | SALESMAN            | 7902 | 1980-02-14 | 1350 | 2700 |     30 |    NULL | AARUSH       | ABCDEF     | NULL       |        0 |     50 | HR         | PUNE     | PUN@8877   | 22/12/1989 |
|  7945 | AARUSH   | M      | SALESMAN            | 7902 | 1980-02-14 | 1350 | 2700 |     30 |    NULL | AARUSH       | ABCDEF     | NULL       |        0 |     40 | OPERATIONS | BOSTON   | opr@123    | 12/07/1989 |
|  7945 | AARUSH   | M      | SALESMAN            | 7902 | 1980-02-14 | 1350 | 2700 |     30 |    NULL | AARUSH       | ABCDEF     | NULL       |        0 |     30 | SALES      | CHICAGO  | sales@2017 | 13/04/1989 |
|  7945 | AARUSH   | M      | SALESMAN            | 7902 | 1980-02-14 | 1350 | 2700 |     30 |    NULL | AARUSH       | ABCDEF     | NULL       |        0 |     20 | RESEARCH   | DALLAS   | a12recmpm  | 12/04/1989 |
|  7945 | AARUSH   | M      | SALESMAN            | 7902 | 1980-02-14 | 1350 | 2700 |     30 |    NULL | AARUSH       | ABCDEF     | NULL       |        0 |     10 | ACCOUNTING | NEW YORK | r50mpm     | 24/03/1989 |
|  7949 | ALEX     | M      | MANAGER             | 7698 | 1982-01-24 | 1250 |  500 |     30 |       5 | QUARTERREST  | sales@2017 | 7156567183 |        1 |     50 | HR         | PUNE     | PUN@8877   | 22/12/1989 |
|  7949 | ALEX     | M      | MANAGER             | 7698 | 1982-01-24 | 1250 |  500 |     30 |       5 | QUARTERREST  | sales@2017 | 7156567183 |        1 |     40 | OPERATIONS | BOSTON   | opr@123    | 12/07/1989 |
|  7949 | ALEX     | M      | MANAGER             | 7698 | 1982-01-24 | 1250 |  500 |     30 |       5 | QUARTERREST  | sales@2017 | 7156567183 |        1 |     30 | SALES      | CHICAGO  | sales@2017 | 13/04/1989 |
|  7949 | ALEX     | M      | MANAGER             | 7698 | 1982-01-24 | 1250 |  500 |     30 |       5 | QUARTERREST  | sales@2017 | 7156567183 |        1 |     20 | RESEARCH   | DALLAS   | a12recmpm  | 12/04/1989 |
|  7949 | ALEX     | M      | MANAGER             | 7698 | 1982-01-24 | 1250 |  500 |     30 |       5 | QUARTERREST  | sales@2017 | 7156567183 |        1 |     10 | ACCOUNTING | NEW YORK | r50mpm     | 24/03/1989 |
|  8433 | NATASHA  | F      | CLERK               | 7920 | 1981-07-19 | 1750 | NULL |     30 |       1 | NATASHA      | sales@2017 | NULL       |        1 |     50 | HR         | PUNE     | PUN@8877   | 22/12/1989 |
|  8433 | NATASHA  | F      | CLERK               | 7920 | 1981-07-19 | 1750 | NULL |     30 |       1 | NATASHA      | sales@2017 | NULL       |        1 |     40 | OPERATIONS | BOSTON   | opr@123    | 12/07/1989 |
|  8433 | NATASHA  | F      | CLERK               | 7920 | 1981-07-19 | 1750 | NULL |     30 |       1 | NATASHA      | sales@2017 | NULL       |        1 |     30 | SALES      | CHICAGO  | sales@2017 | 13/04/1989 |
|  8433 | NATASHA  | F      | CLERK               | 7920 | 1981-07-19 | 1750 | NULL |     30 |       1 | NATASHA      | sales@2017 | NULL       |        1 |     20 | RESEARCH   | DALLAS   | a12recmpm  | 12/04/1989 |
|  8433 | NATASHA  | F      | CLERK               | 7920 | 1981-07-19 | 1750 | NULL |     30 |       1 | NATASHA      | sales@2017 | NULL       |        1 |     10 | ACCOUNTING | NEW YORK | r50mpm     | 24/03/1989 |
|  9400 | SANGITA  | F      | Compliance officers | 7920 | 1981-07-19 | 1750 | NULL |     50 |       1 | SANGITA      | NULL       | NULL       |        1 |     50 | HR         | PUNE     | PUN@8877   | 22/12/1989 |
|  9400 | SANGITA  | F      | Compliance officers | 7920 | 1981-07-19 | 1750 | NULL |     50 |       1 | SANGITA      | NULL       | NULL       |        1 |     40 | OPERATIONS | BOSTON   | opr@123    | 12/07/1989 |
|  9400 | SANGITA  | F      | Compliance officers | 7920 | 1981-07-19 | 1750 | NULL |     50 |       1 | SANGITA      | NULL       | NULL       |        1 |     30 | SALES      | CHICAGO  | sales@2017 | 13/04/1989 |
|  9400 | SANGITA  | F      | Compliance officers | 7920 | 1981-07-19 | 1750 | NULL |     50 |       1 | SANGITA      | NULL       | NULL       |        1 |     20 | RESEARCH   | DALLAS   | a12recmpm  | 12/04/1989 |
|  9400 | SANGITA  | F      | Compliance officers | 7920 | 1981-07-19 | 1750 | NULL |     50 |       1 | SANGITA      | NULL       | NULL       |        1 |     10 | ACCOUNTING | NEW YORK | r50mpm     | 24/03/1989 |
|  9473 | SUPRIYA  | F      | ANALYST             | 7920 | 1981-07-19 | 1750 | NULL |     50 |       1 | SUPRIYA      | XYZ@1234   | NULL       |        1 |     50 | HR         | PUNE     | PUN@8877   | 22/12/1989 |
|  9473 | SUPRIYA  | F      | ANALYST             | 7920 | 1981-07-19 | 1750 | NULL |     50 |       1 | SUPRIYA      | XYZ@1234   | NULL       |        1 |     40 | OPERATIONS | BOSTON   | opr@123    | 12/07/1989 |
|  9473 | SUPRIYA  | F      | ANALYST             | 7920 | 1981-07-19 | 1750 | NULL |     50 |       1 | SUPRIYA      | XYZ@1234   | NULL       |        1 |     30 | SALES      | CHICAGO  | sales@2017 | 13/04/1989 |
|  9473 | SUPRIYA  | F      | ANALYST             | 7920 | 1981-07-19 | 1750 | NULL |     50 |       1 | SUPRIYA      | XYZ@1234   | NULL       |        1 |     20 | RESEARCH   | DALLAS   | a12recmpm  | 12/04/1989 |
|  9473 | SUPRIYA  | F      | ANALYST             | 7920 | 1981-07-19 | 1750 | NULL |     50 |       1 | SUPRIYA      | XYZ@1234   | NULL       |        1 |     10 | ACCOUNTING | NEW YORK | r50mpm     | 24/03/1989 |
+-------+----------+--------+---------------------+------+------------+------+------+--------+---------+--------------+------------+------------+----------+--------+------------+----------+------------+------------+
140 rows in set (0.01 sec)

mysql> desc dept,emp;
ERROR 1064 (42000): You have an error in your SQL syntax; check the manual that corresponds to your MySQL server version for the right syntax to use near ',emp' at line 1
mysql>
mysql>
mysql> select * from emp,dept;
+-------+----------+--------+---------------------+------+------------+------+------+--------+---------+--------------+------------+------------+----------+--------+------------+----------+------------+------------+
| EMPNO | ENAME    | GENDER | JOB                 | MGR  | HIREDATE   | SAL  | COMM | DEPTNO | BONUSID | USER NAME    | PWD        | PHONE      | isActive | DEPTNO | DNAME      | LOC      | PWD        | STARTEDON  |
+-------+----------+--------+---------------------+------+------------+------+------+--------+---------+--------------+------------+------------+----------+--------+------------+----------+------------+------------+
|  6001 | GITA     | F      | Compliance officers | 7920 | 1981-07-19 | 1750 | NULL |     30 |       1 | GITA         | sales@2017 | NULL       |        1 |     50 | HR         | PUNE     | PUN@8877   | 22/12/1989 |
|  6001 | GITA     | F      | Compliance officers | 7920 | 1981-07-19 | 1750 | NULL |     30 |       1 | GITA         | sales@2017 | NULL       |        1 |     40 | OPERATIONS | BOSTON   | opr@123    | 12/07/1989 |
|  6001 | GITA     | F      | Compliance officers | 7920 | 1981-07-19 | 1750 | NULL |     30 |       1 | GITA         | sales@2017 | NULL       |        1 |     30 | SALES      | CHICAGO  | sales@2017 | 13/04/1989 |
|  6001 | GITA     | F      | Compliance officers | 7920 | 1981-07-19 | 1750 | NULL |     30 |       1 | GITA         | sales@2017 | NULL       |        1 |     20 | RESEARCH   | DALLAS   | a12recmpm  | 12/04/1989 |
|  6001 | GITA     | F      | Compliance officers | 7920 | 1981-07-19 | 1750 | NULL |     30 |       1 | GITA         | sales@2017 | NULL       |        1 |     10 | ACCOUNTING | NEW YORK | r50mpm     | 24/03/1989 |
|  6129 | VRUSHALI | F      | Compliance officers | 7920 | 1981-07-19 | 1750 | NULL |     50 |       1 | VRUSHALI     | PUN@8877   | NULL       |        1 |     50 | HR         | PUNE     | PUN@8877   | 22/12/1989 |
|  6129 | VRUSHALI | F      | Compliance officers | 7920 | 1981-07-19 | 1750 | NULL |     50 |       1 | VRUSHALI     | PUN@8877   | NULL       |        1 |     40 | OPERATIONS | BOSTON   | opr@123    | 12/07/1989 |
|  6129 | VRUSHALI | F      | Compliance officers | 7920 | 1981-07-19 | 1750 | NULL |     50 |       1 | VRUSHALI     | PUN@8877   | NULL       |        1 |     30 | SALES      | CHICAGO  | sales@2017 | 13/04/1989 |
|  6129 | VRUSHALI | F      | Compliance officers | 7920 | 1981-07-19 | 1750 | NULL |     50 |       1 | VRUSHALI     | PUN@8877   | NULL       |        1 |     20 | RESEARCH   | DALLAS   | a12recmpm  | 12/04/1989 |
|  6129 | VRUSHALI | F      | Compliance officers | 7920 | 1981-07-19 | 1750 | NULL |     50 |       1 | VRUSHALI     | PUN@8877   | NULL       |        1 |     10 | ACCOUNTING | NEW YORK | r50mpm     | 24/03/1989 |
|  6473 | SHARMIN  | F      | Public Relation     | 7920 | 1981-07-19 | 1750 | NULL |     20 |       1 | SHARMIN      | a12recmpm  | NULL       |        1 |     50 | HR         | PUNE     | PUN@8877   | 22/12/1989 |
|  6473 | SHARMIN  | F      | Public Relation     | 7920 | 1981-07-19 | 1750 | NULL |     20 |       1 | SHARMIN      | a12recmpm  | NULL       |        1 |     40 | OPERATIONS | BOSTON   | opr@123    | 12/07/1989 |
|  6473 | SHARMIN  | F      | Public Relation     | 7920 | 1981-07-19 | 1750 | NULL |     20 |       1 | SHARMIN      | a12recmpm  | NULL       |        1 |     30 | SALES      | CHICAGO  | sales@2017 | 13/04/1989 |
|  6473 | SHARMIN  | F      | Public Relation     | 7920 | 1981-07-19 | 1750 | NULL |     20 |       1 | SHARMIN      | a12recmpm  | NULL       |        1 |     20 | RESEARCH   | DALLAS   | a12recmpm  | 12/04/1989 |
|  6473 | SHARMIN  | F      | Public Relation     | 7920 | 1981-07-19 | 1750 | NULL |     20 |       1 | SHARMIN      | a12recmpm  | NULL       |        1 |     10 | ACCOUNTING | NEW YORK | r50mpm     | 24/03/1989 |
|  6781 | BANDISH  | F      | Public Relation     | 7920 | 1981-07-19 | 1750 | NULL |     20 |       1 | BANDISH      | a12recmpm  | NULL       |        1 |     50 | HR         | PUNE     | PUN@8877   | 22/12/1989 |
|  6781 | BANDISH  | F      | Public Relation     | 7920 | 1981-07-19 | 1750 | NULL |     20 |       1 | BANDISH      | a12recmpm  | NULL       |        1 |     40 | OPERATIONS | BOSTON   | opr@123    | 12/07/1989 |
|  6781 | BANDISH  | F      | Public Relation     | 7920 | 1981-07-19 | 1750 | NULL |     20 |       1 | BANDISH      | a12recmpm  | NULL       |        1 |     30 | SALES      | CHICAGO  | sales@2017 | 13/04/1989 |
|  6781 | BANDISH  | F      | Public Relation     | 7920 | 1981-07-19 | 1750 | NULL |     20 |       1 | BANDISH      | a12recmpm  | NULL       |        1 |     20 | RESEARCH   | DALLAS   | a12recmpm  | 12/04/1989 |
|  6781 | BANDISH  | F      | Public Relation     | 7920 | 1981-07-19 | 1750 | NULL |     20 |       1 | BANDISH      | a12recmpm  | NULL       |        1 |     10 | ACCOUNTING | NEW YORK | r50mpm     | 24/03/1989 |
|  7369 | SMITH    | M      | CLERK               | 7902 | 1980-12-17 |  800 | NULL |     20 |       2 | TRITONE      | a12recmpm  | 7032300023 |        0 |     50 | HR         | PUNE     | PUN@8877   | 22/12/1989 |
|  7369 | SMITH    | M      | CLERK               | 7902 | 1980-12-17 |  800 | NULL |     20 |       2 | TRITONE      | a12recmpm  | 7032300023 |        0 |     40 | OPERATIONS | BOSTON   | opr@123    | 12/07/1989 |
|  7369 | SMITH    | M      | CLERK               | 7902 | 1980-12-17 |  800 | NULL |     20 |       2 | TRITONE      | a12recmpm  | 7032300023 |        0 |     30 | SALES      | CHICAGO  | sales@2017 | 13/04/1989 |
|  7369 | SMITH    | M      | CLERK               | 7902 | 1980-12-17 |  800 | NULL |     20 |       2 | TRITONE      | a12recmpm  | 7032300023 |        0 |     20 | RESEARCH   | DALLAS   | a12recmpm  | 12/04/1989 |
|  7369 | SMITH    | M      | CLERK               | 7902 | 1980-12-17 |  800 | NULL |     20 |       2 | TRITONE      | a12recmpm  | 7032300023 |        0 |     10 | ACCOUNTING | NEW YORK | r50mpm     | 24/03/1989 |
|  7415 | AARAV    | M      | CLERK               | 7902 | 1981-12-31 | 3350 | NULL |     10 |    NULL | AARAV        | NULL       | 7032300084 |        0 |     50 | HR         | PUNE     | PUN@8877   | 22/12/1989 |
|  7415 | AARAV    | M      | CLERK               | 7902 | 1981-12-31 | 3350 | NULL |     10 |    NULL | AARAV        | NULL       | 7032300084 |        0 |     40 | OPERATIONS | BOSTON   | opr@123    | 12/07/1989 |
|  7415 | AARAV    | M      | CLERK               | 7902 | 1981-12-31 | 3350 | NULL |     10 |    NULL | AARAV        | NULL       | 7032300084 |        0 |     30 | SALES      | CHICAGO  | sales@2017 | 13/04/1989 |
|  7415 | AARAV    | M      | CLERK               | 7902 | 1981-12-31 | 3350 | NULL |     10 |    NULL | AARAV        | NULL       | 7032300084 |        0 |     20 | RESEARCH   | DALLAS   | a12recmpm  | 12/04/1989 |
|  7415 | AARAV    | M      | CLERK               | 7902 | 1981-12-31 | 3350 | NULL |     10 |    NULL | AARAV        | NULL       | 7032300084 |        0 |     10 | ACCOUNTING | NEW YORK | r50mpm     | 24/03/1989 |
|  7421 | THOMAS   | M      | CLERK               | 7920 | 1981-07-19 | 1750 | NULL |     10 |       1 | THOMAS       | r50mpm     | 7032300011 |        0 |     50 | HR         | PUNE     | PUN@8877   | 22/12/1989 |
|  7421 | THOMAS   | M      | CLERK               | 7920 | 1981-07-19 | 1750 | NULL |     10 |       1 | THOMAS       | r50mpm     | 7032300011 |        0 |     40 | OPERATIONS | BOSTON   | opr@123    | 12/07/1989 |
|  7421 | THOMAS   | M      | CLERK               | 7920 | 1981-07-19 | 1750 | NULL |     10 |       1 | THOMAS       | r50mpm     | 7032300011 |        0 |     30 | SALES      | CHICAGO  | sales@2017 | 13/04/1989 |
|  7421 | THOMAS   | M      | CLERK               | 7920 | 1981-07-19 | 1750 | NULL |     10 |       1 | THOMAS       | r50mpm     | 7032300011 |        0 |     20 | RESEARCH   | DALLAS   | a12recmpm  | 12/04/1989 |
|  7421 | THOMAS   | M      | CLERK               | 7920 | 1981-07-19 | 1750 | NULL |     10 |       1 | THOMAS       | r50mpm     | 7032300011 |        0 |     10 | ACCOUNTING | NEW YORK | r50mpm     | 24/03/1989 |
|  7499 | ALLEN    | M      | SALESMAN            | 7698 | 1981-02-20 | 1600 |  300 |     30 |       4 | ALWAYS TESTE | sales@2017 | 7032300096 |        1 |     50 | HR         | PUNE     | PUN@8877   | 22/12/1989 |
|  7499 | ALLEN    | M      | SALESMAN            | 7698 | 1981-02-20 | 1600 |  300 |     30 |       4 | ALWAYS TESTE | sales@2017 | 7032300096 |        1 |     40 | OPERATIONS | BOSTON   | opr@123    | 12/07/1989 |
|  7499 | ALLEN    | M      | SALESMAN            | 7698 | 1981-02-20 | 1600 |  300 |     30 |       4 | ALWAYS TESTE | sales@2017 | 7032300096 |        1 |     30 | SALES      | CHICAGO  | sales@2017 | 13/04/1989 |
|  7499 | ALLEN    | M      | SALESMAN            | 7698 | 1981-02-20 | 1600 |  300 |     30 |       4 | ALWAYS TESTE | sales@2017 | 7032300096 |        1 |     20 | RESEARCH   | DALLAS   | a12recmpm  | 12/04/1989 |
|  7499 | ALLEN    | M      | SALESMAN            | 7698 | 1981-02-20 | 1600 |  300 |     30 |       4 | ALWAYS TESTE | sales@2017 | 7032300096 |        1 |     10 | ACCOUNTING | NEW YORK | r50mpm     | 24/03/1989 |
|  7521 | WARD     | M      | SALESMAN            | 7698 | 1981-02-22 | 1250 |  500 |     30 |       1 | WARD         | sales@2017 | 7132300034 |        1 |     50 | HR         | PUNE     | PUN@8877   | 22/12/1989 |
|  7521 | WARD     | M      | SALESMAN            | 7698 | 1981-02-22 | 1250 |  500 |     30 |       1 | WARD         | sales@2017 | 7132300034 |        1 |     40 | OPERATIONS | BOSTON   | opr@123    | 12/07/1989 |
|  7521 | WARD     | M      | SALESMAN            | 7698 | 1981-02-22 | 1250 |  500 |     30 |       1 | WARD         | sales@2017 | 7132300034 |        1 |     30 | SALES      | CHICAGO  | sales@2017 | 13/04/1989 |
|  7521 | WARD     | M      | SALESMAN            | 7698 | 1981-02-22 | 1250 |  500 |     30 |       1 | WARD         | sales@2017 | 7132300034 |        1 |     20 | RESEARCH   | DALLAS   | a12recmpm  | 12/04/1989 |
|  7521 | WARD     | M      | SALESMAN            | 7698 | 1981-02-22 | 1250 |  500 |     30 |       1 | WARD         | sales@2017 | 7132300034 |        1 |     10 | ACCOUNTING | NEW YORK | r50mpm     | 24/03/1989 |
|  7566 | JONES    | M      | MANAGER             | 7839 | 1981-04-02 | 2975 | NULL |     20 |       4 | HONEYCOMB    | a12recmpm  | 7132300039 |        1 |     50 | HR         | PUNE     | PUN@8877   | 22/12/1989 |
|  7566 | JONES    | M      | MANAGER             | 7839 | 1981-04-02 | 2975 | NULL |     20 |       4 | HONEYCOMB    | a12recmpm  | 7132300039 |        1 |     40 | OPERATIONS | BOSTON   | opr@123    | 12/07/1989 |
|  7566 | JONES    | M      | MANAGER             | 7839 | 1981-04-02 | 2975 | NULL |     20 |       4 | HONEYCOMB    | a12recmpm  | 7132300039 |        1 |     30 | SALES      | CHICAGO  | sales@2017 | 13/04/1989 |
|  7566 | JONES    | M      | MANAGER             | 7839 | 1981-04-02 | 2975 | NULL |     20 |       4 | HONEYCOMB    | a12recmpm  | 7132300039 |        1 |     20 | RESEARCH   | DALLAS   | a12recmpm  | 12/04/1989 |
|  7566 | JONES    | M      | MANAGER             | 7839 | 1981-04-02 | 2975 | NULL |     20 |       4 | HONEYCOMB    | a12recmpm  | 7132300039 |        1 |     10 | ACCOUNTING | NEW YORK | r50mpm     | 24/03/1989 |
|  7654 | MARTIN   | M      | SALESMAN            | 7698 | 1981-09-28 | 1250 | 1400 |     30 |       6 | LIFE RACER   | sales@2017 | 7132300050 |        1 |     50 | HR         | PUNE     | PUN@8877   | 22/12/1989 |
|  7654 | MARTIN   | M      | SALESMAN            | 7698 | 1981-09-28 | 1250 | 1400 |     30 |       6 | LIFE RACER   | sales@2017 | 7132300050 |        1 |     40 | OPERATIONS | BOSTON   | opr@123    | 12/07/1989 |
|  7654 | MARTIN   | M      | SALESMAN            | 7698 | 1981-09-28 | 1250 | 1400 |     30 |       6 | LIFE RACER   | sales@2017 | 7132300050 |        1 |     30 | SALES      | CHICAGO  | sales@2017 | 13/04/1989 |
|  7654 | MARTIN   | M      | SALESMAN            | 7698 | 1981-09-28 | 1250 | 1400 |     30 |       6 | LIFE RACER   | sales@2017 | 7132300050 |        1 |     20 | RESEARCH   | DALLAS   | a12recmpm  | 12/04/1989 |
|  7654 | MARTIN   | M      | SALESMAN            | 7698 | 1981-09-28 | 1250 | 1400 |     30 |       6 | LIFE RACER   | sales@2017 | 7132300050 |        1 |     10 | ACCOUNTING | NEW YORK | r50mpm     | 24/03/1989 |
|  7698 | BLAKE    | M      | MANAGER             | 7839 | 1981-05-01 | 2850 | NULL |     30 |       1 | BIG BEN      | sales@2017 | 7132300027 |        1 |     50 | HR         | PUNE     | PUN@8877   | 22/12/1989 |
|  7698 | BLAKE    | M      | MANAGER             | 7839 | 1981-05-01 | 2850 | NULL |     30 |       1 | BIG BEN      | sales@2017 | 7132300027 |        1 |     40 | OPERATIONS | BOSTON   | opr@123    | 12/07/1989 |
|  7698 | BLAKE    | M      | MANAGER             | 7839 | 1981-05-01 | 2850 | NULL |     30 |       1 | BIG BEN      | sales@2017 | 7132300027 |        1 |     30 | SALES      | CHICAGO  | sales@2017 | 13/04/1989 |
|  7698 | BLAKE    | M      | MANAGER             | 7839 | 1981-05-01 | 2850 | NULL |     30 |       1 | BIG BEN      | sales@2017 | 7132300027 |        1 |     20 | RESEARCH   | DALLAS   | a12recmpm  | 12/04/1989 |
|  7698 | BLAKE    | M      | MANAGER             | 7839 | 1981-05-01 | 2850 | NULL |     30 |       1 | BIG BEN      | sales@2017 | 7132300027 |        1 |     10 | ACCOUNTING | NEW YORK | r50mpm     | 24/03/1989 |
|  7782 | CLARK    | M      | MANAGER             | 7839 | 1981-06-09 | 2450 | NULL |     10 |       3 | CLARK        | r50mpm     | 7032300001 |        1 |     50 | HR         | PUNE     | PUN@8877   | 22/12/1989 |
|  7782 | CLARK    | M      | MANAGER             | 7839 | 1981-06-09 | 2450 | NULL |     10 |       3 | CLARK        | r50mpm     | 7032300001 |        1 |     40 | OPERATIONS | BOSTON   | opr@123    | 12/07/1989 |
|  7782 | CLARK    | M      | MANAGER             | 7839 | 1981-06-09 | 2450 | NULL |     10 |       3 | CLARK        | r50mpm     | 7032300001 |        1 |     30 | SALES      | CHICAGO  | sales@2017 | 13/04/1989 |
|  7782 | CLARK    | M      | MANAGER             | 7839 | 1981-06-09 | 2450 | NULL |     10 |       3 | CLARK        | r50mpm     | 7032300001 |        1 |     20 | RESEARCH   | DALLAS   | a12recmpm  | 12/04/1989 |
|  7782 | CLARK    | M      | MANAGER             | 7839 | 1981-06-09 | 2450 | NULL |     10 |       3 | CLARK        | r50mpm     | 7032300001 |        1 |     10 | ACCOUNTING | NEW YORK | r50mpm     | 24/03/1989 |
|  7788 | SCOTT    | M      | ANALYST             | 7566 | 1982-12-09 | 3000 | NULL |     20 |       3 | WHITE SAND   | a12recmpm  | NULL       |        1 |     50 | HR         | PUNE     | PUN@8877   | 22/12/1989 |
|  7788 | SCOTT    | M      | ANALYST             | 7566 | 1982-12-09 | 3000 | NULL |     20 |       3 | WHITE SAND   | a12recmpm  | NULL       |        1 |     40 | OPERATIONS | BOSTON   | opr@123    | 12/07/1989 |
|  7788 | SCOTT    | M      | ANALYST             | 7566 | 1982-12-09 | 3000 | NULL |     20 |       3 | WHITE SAND   | a12recmpm  | NULL       |        1 |     30 | SALES      | CHICAGO  | sales@2017 | 13/04/1989 |
|  7788 | SCOTT    | M      | ANALYST             | 7566 | 1982-12-09 | 3000 | NULL |     20 |       3 | WHITE SAND   | a12recmpm  | NULL       |        1 |     20 | RESEARCH   | DALLAS   | a12recmpm  | 12/04/1989 |
|  7788 | SCOTT    | M      | ANALYST             | 7566 | 1982-12-09 | 3000 | NULL |     20 |       3 | WHITE SAND   | a12recmpm  | NULL       |        1 |     10 | ACCOUNTING | NEW YORK | r50mpm     | 24/03/1989 |
|  7839 | KING     | M      | PRESIDENT           | NULL | 1981-11-17 | 5000 | NULL |     10 |       1 | KING         | r50mpm     | 7132300081 |        1 |     50 | HR         | PUNE     | PUN@8877   | 22/12/1989 |
|  7839 | KING     | M      | PRESIDENT           | NULL | 1981-11-17 | 5000 | NULL |     10 |       1 | KING         | r50mpm     | 7132300081 |        1 |     40 | OPERATIONS | BOSTON   | opr@123    | 12/07/1989 |
|  7839 | KING     | M      | PRESIDENT           | NULL | 1981-11-17 | 5000 | NULL |     10 |       1 | KING         | r50mpm     | 7132300081 |        1 |     30 | SALES      | CHICAGO  | sales@2017 | 13/04/1989 |
|  7839 | KING     | M      | PRESIDENT           | NULL | 1981-11-17 | 5000 | NULL |     10 |       1 | KING         | r50mpm     | 7132300081 |        1 |     20 | RESEARCH   | DALLAS   | a12recmpm  | 12/04/1989 |
|  7839 | KING     | M      | PRESIDENT           | NULL | 1981-11-17 | 5000 | NULL |     10 |       1 | KING         | r50mpm     | 7132300081 |        1 |     10 | ACCOUNTING | NEW YORK | r50mpm     | 24/03/1989 |
|  7840 | FRED     | M      | vice PRESIDENT      | 7839 | 1983-08-09 | 5000 | NULL |     20 |       1 | SAND STONE   | a12recmpm  | NULL       |        1 |     50 | HR         | PUNE     | PUN@8877   | 22/12/1989 |
|  7840 | FRED     | M      | vice PRESIDENT      | 7839 | 1983-08-09 | 5000 | NULL |     20 |       1 | SAND STONE   | a12recmpm  | NULL       |        1 |     40 | OPERATIONS | BOSTON   | opr@123    | 12/07/1989 |
|  7840 | FRED     | M      | vice PRESIDENT      | 7839 | 1983-08-09 | 5000 | NULL |     20 |       1 | SAND STONE   | a12recmpm  | NULL       |        1 |     30 | SALES      | CHICAGO  | sales@2017 | 13/04/1989 |
|  7840 | FRED     | M      | vice PRESIDENT      | 7839 | 1983-08-09 | 5000 | NULL |     20 |       1 | SAND STONE   | a12recmpm  | NULL       |        1 |     20 | RESEARCH   | DALLAS   | a12recmpm  | 12/04/1989 |
|  7840 | FRED     | M      | vice PRESIDENT      | 7839 | 1983-08-09 | 5000 | NULL |     20 |       1 | SAND STONE   | a12recmpm  | NULL       |        1 |     10 | ACCOUNTING | NEW YORK | r50mpm     | 24/03/1989 |
|  7844 | TURNER   | M      | SALESMAN            | 7698 | 1981-09-08 | 1500 |    0 |     30 |       5 | SAND DUST    | sales@2017 | NULL       |        1 |     50 | HR         | PUNE     | PUN@8877   | 22/12/1989 |
|  7844 | TURNER   | M      | SALESMAN            | 7698 | 1981-09-08 | 1500 |    0 |     30 |       5 | SAND DUST    | sales@2017 | NULL       |        1 |     40 | OPERATIONS | BOSTON   | opr@123    | 12/07/1989 |
|  7844 | TURNER   | M      | SALESMAN            | 7698 | 1981-09-08 | 1500 |    0 |     30 |       5 | SAND DUST    | sales@2017 | NULL       |        1 |     30 | SALES      | CHICAGO  | sales@2017 | 13/04/1989 |
|  7844 | TURNER   | M      | SALESMAN            | 7698 | 1981-09-08 | 1500 |    0 |     30 |       5 | SAND DUST    | sales@2017 | NULL       |        1 |     20 | RESEARCH   | DALLAS   | a12recmpm  | 12/04/1989 |
|  7844 | TURNER   | M      | SALESMAN            | 7698 | 1981-09-08 | 1500 |    0 |     30 |       5 | SAND DUST    | sales@2017 | NULL       |        1 |     10 | ACCOUNTING | NEW YORK | r50mpm     | 24/03/1989 |
|  7876 | ADAMS    | M      | CLERK               | 7788 | 1983-01-12 | 1100 | NULL |     20 |       1 | CRAZY ANYONE | a12recmpm  | 7132300086 |        1 |     50 | HR         | PUNE     | PUN@8877   | 22/12/1989 |
|  7876 | ADAMS    | M      | CLERK               | 7788 | 1983-01-12 | 1100 | NULL |     20 |       1 | CRAZY ANYONE | a12recmpm  | 7132300086 |        1 |     40 | OPERATIONS | BOSTON   | opr@123    | 12/07/1989 |
|  7876 | ADAMS    | M      | CLERK               | 7788 | 1983-01-12 | 1100 | NULL |     20 |       1 | CRAZY ANYONE | a12recmpm  | 7132300086 |        1 |     30 | SALES      | CHICAGO  | sales@2017 | 13/04/1989 |
|  7876 | ADAMS    | M      | CLERK               | 7788 | 1983-01-12 | 1100 | NULL |     20 |       1 | CRAZY ANYONE | a12recmpm  | 7132300086 |        1 |     20 | RESEARCH   | DALLAS   | a12recmpm  | 12/04/1989 |
|  7876 | ADAMS    | M      | CLERK               | 7788 | 1983-01-12 | 1100 | NULL |     20 |       1 | CRAZY ANYONE | a12recmpm  | 7132300086 |        1 |     10 | ACCOUNTING | NEW YORK | r50mpm     | 24/03/1989 |
|  7900 | JAMES    | M      | CLERK               | 7698 | 1981-12-03 |  950 | NULL |     30 |       2 | CRAZY LEADER | sales@2017 | 7132300042 |        1 |     50 | HR         | PUNE     | PUN@8877   | 22/12/1989 |
|  7900 | JAMES    | M      | CLERK               | 7698 | 1981-12-03 |  950 | NULL |     30 |       2 | CRAZY LEADER | sales@2017 | 7132300042 |        1 |     40 | OPERATIONS | BOSTON   | opr@123    | 12/07/1989 |
|  7900 | JAMES    | M      | CLERK               | 7698 | 1981-12-03 |  950 | NULL |     30 |       2 | CRAZY LEADER | sales@2017 | 7132300042 |        1 |     30 | SALES      | CHICAGO  | sales@2017 | 13/04/1989 |
|  7900 | JAMES    | M      | CLERK               | 7698 | 1981-12-03 |  950 | NULL |     30 |       2 | CRAZY LEADER | sales@2017 | 7132300042 |        1 |     20 | RESEARCH   | DALLAS   | a12recmpm  | 12/04/1989 |
|  7900 | JAMES    | M      | CLERK               | 7698 | 1981-12-03 |  950 | NULL |     30 |       2 | CRAZY LEADER | sales@2017 | 7132300042 |        1 |     10 | ACCOUNTING | NEW YORK | r50mpm     | 24/03/1989 |
|  7902 | FORD     | M      | ANALYST             | 7566 | 1981-12-03 | 3000 | NULL |     20 |       4 | CONBRIO      | a12recmpm  | NULL       |        0 |     50 | HR         | PUNE     | PUN@8877   | 22/12/1989 |
|  7902 | FORD     | M      | ANALYST             | 7566 | 1981-12-03 | 3000 | NULL |     20 |       4 | CONBRIO      | a12recmpm  | NULL       |        0 |     40 | OPERATIONS | BOSTON   | opr@123    | 12/07/1989 |
|  7902 | FORD     | M      | ANALYST             | 7566 | 1981-12-03 | 3000 | NULL |     20 |       4 | CONBRIO      | a12recmpm  | NULL       |        0 |     30 | SALES      | CHICAGO  | sales@2017 | 13/04/1989 |
|  7902 | FORD     | M      | ANALYST             | 7566 | 1981-12-03 | 3000 | NULL |     20 |       4 | CONBRIO      | a12recmpm  | NULL       |        0 |     20 | RESEARCH   | DALLAS   | a12recmpm  | 12/04/1989 |
|  7902 | FORD     | M      | ANALYST             | 7566 | 1981-12-03 | 3000 | NULL |     20 |       4 | CONBRIO      | a12recmpm  | NULL       |        0 |     10 | ACCOUNTING | NEW YORK | r50mpm     | 24/03/1989 |
|  7919 | HOFFMAN  | M      | MANAGER             | 7566 | 1982-03-24 | 4150 | NULL |     30 |       3 | INTERVAL     | sales@2017 | NULL       |        1 |     50 | HR         | PUNE     | PUN@8877   | 22/12/1989 |
|  7919 | HOFFMAN  | M      | MANAGER             | 7566 | 1982-03-24 | 4150 | NULL |     30 |       3 | INTERVAL     | sales@2017 | NULL       |        1 |     40 | OPERATIONS | BOSTON   | opr@123    | 12/07/1989 |
|  7919 | HOFFMAN  | M      | MANAGER             | 7566 | 1982-03-24 | 4150 | NULL |     30 |       3 | INTERVAL     | sales@2017 | NULL       |        1 |     30 | SALES      | CHICAGO  | sales@2017 | 13/04/1989 |
|  7919 | HOFFMAN  | M      | MANAGER             | 7566 | 1982-03-24 | 4150 | NULL |     30 |       3 | INTERVAL     | sales@2017 | NULL       |        1 |     20 | RESEARCH   | DALLAS   | a12recmpm  | 12/04/1989 |
|  7919 | HOFFMAN  | M      | MANAGER             | 7566 | 1982-03-24 | 4150 | NULL |     30 |       3 | INTERVAL     | sales@2017 | NULL       |        1 |     10 | ACCOUNTING | NEW YORK | r50mpm     | 24/03/1989 |
|  7920 | GRASS    | M      | SALESMAN            | 7919 | 1980-02-14 | 2575 | 2700 |     30 |       5 | GRASS        | sales@2017 | NULL       |        1 |     50 | HR         | PUNE     | PUN@8877   | 22/12/1989 |
|  7920 | GRASS    | M      | SALESMAN            | 7919 | 1980-02-14 | 2575 | 2700 |     30 |       5 | GRASS        | sales@2017 | NULL       |        1 |     40 | OPERATIONS | BOSTON   | opr@123    | 12/07/1989 |
|  7920 | GRASS    | M      | SALESMAN            | 7919 | 1980-02-14 | 2575 | 2700 |     30 |       5 | GRASS        | sales@2017 | NULL       |        1 |     30 | SALES      | CHICAGO  | sales@2017 | 13/04/1989 |
|  7920 | GRASS    | M      | SALESMAN            | 7919 | 1980-02-14 | 2575 | 2700 |     30 |       5 | GRASS        | sales@2017 | NULL       |        1 |     20 | RESEARCH   | DALLAS   | a12recmpm  | 12/04/1989 |
|  7920 | GRASS    | M      | SALESMAN            | 7919 | 1980-02-14 | 2575 | 2700 |     30 |       5 | GRASS        | sales@2017 | NULL       |        1 |     10 | ACCOUNTING | NEW YORK | r50mpm     | 24/03/1989 |
|  7934 | MILLER   | M      | CLERK               | 7782 | 1982-01-23 | 1300 | NULL |     10 |       2 | QUARTERNOTE  | r50mpm     | 7132300055 |        0 |     50 | HR         | PUNE     | PUN@8877   | 22/12/1989 |
|  7934 | MILLER   | M      | CLERK               | 7782 | 1982-01-23 | 1300 | NULL |     10 |       2 | QUARTERNOTE  | r50mpm     | 7132300055 |        0 |     40 | OPERATIONS | BOSTON   | opr@123    | 12/07/1989 |
|  7934 | MILLER   | M      | CLERK               | 7782 | 1982-01-23 | 1300 | NULL |     10 |       2 | QUARTERNOTE  | r50mpm     | 7132300055 |        0 |     30 | SALES      | CHICAGO  | sales@2017 | 13/04/1989 |
|  7934 | MILLER   | M      | CLERK               | 7782 | 1982-01-23 | 1300 | NULL |     10 |       2 | QUARTERNOTE  | r50mpm     | 7132300055 |        0 |     20 | RESEARCH   | DALLAS   | a12recmpm  | 12/04/1989 |
|  7934 | MILLER   | M      | CLERK               | 7782 | 1982-01-23 | 1300 | NULL |     10 |       2 | QUARTERNOTE  | r50mpm     | 7132300055 |        0 |     10 | ACCOUNTING | NEW YORK | r50mpm     | 24/03/1989 |
|  7945 | AARUSH   | M      | SALESMAN            | 7902 | 1980-02-14 | 1350 | 2700 |     30 |    NULL | AARUSH       | ABCDEF     | NULL       |        0 |     50 | HR         | PUNE     | PUN@8877   | 22/12/1989 |
|  7945 | AARUSH   | M      | SALESMAN            | 7902 | 1980-02-14 | 1350 | 2700 |     30 |    NULL | AARUSH       | ABCDEF     | NULL       |        0 |     40 | OPERATIONS | BOSTON   | opr@123    | 12/07/1989 |
|  7945 | AARUSH   | M      | SALESMAN            | 7902 | 1980-02-14 | 1350 | 2700 |     30 |    NULL | AARUSH       | ABCDEF     | NULL       |        0 |     30 | SALES      | CHICAGO  | sales@2017 | 13/04/1989 |
|  7945 | AARUSH   | M      | SALESMAN            | 7902 | 1980-02-14 | 1350 | 2700 |     30 |    NULL | AARUSH       | ABCDEF     | NULL       |        0 |     20 | RESEARCH   | DALLAS   | a12recmpm  | 12/04/1989 |
|  7945 | AARUSH   | M      | SALESMAN            | 7902 | 1980-02-14 | 1350 | 2700 |     30 |    NULL | AARUSH       | ABCDEF     | NULL       |        0 |     10 | ACCOUNTING | NEW YORK | r50mpm     | 24/03/1989 |
|  7949 | ALEX     | M      | MANAGER             | 7698 | 1982-01-24 | 1250 |  500 |     30 |       5 | QUARTERREST  | sales@2017 | 7156567183 |        1 |     50 | HR         | PUNE     | PUN@8877   | 22/12/1989 |
|  7949 | ALEX     | M      | MANAGER             | 7698 | 1982-01-24 | 1250 |  500 |     30 |       5 | QUARTERREST  | sales@2017 | 7156567183 |        1 |     40 | OPERATIONS | BOSTON   | opr@123    | 12/07/1989 |
|  7949 | ALEX     | M      | MANAGER             | 7698 | 1982-01-24 | 1250 |  500 |     30 |       5 | QUARTERREST  | sales@2017 | 7156567183 |        1 |     30 | SALES      | CHICAGO  | sales@2017 | 13/04/1989 |
|  7949 | ALEX     | M      | MANAGER             | 7698 | 1982-01-24 | 1250 |  500 |     30 |       5 | QUARTERREST  | sales@2017 | 7156567183 |        1 |     20 | RESEARCH   | DALLAS   | a12recmpm  | 12/04/1989 |
|  7949 | ALEX     | M      | MANAGER             | 7698 | 1982-01-24 | 1250 |  500 |     30 |       5 | QUARTERREST  | sales@2017 | 7156567183 |        1 |     10 | ACCOUNTING | NEW YORK | r50mpm     | 24/03/1989 |
|  8433 | NATASHA  | F      | CLERK               | 7920 | 1981-07-19 | 1750 | NULL |     30 |       1 | NATASHA      | sales@2017 | NULL       |        1 |     50 | HR         | PUNE     | PUN@8877   | 22/12/1989 |
|  8433 | NATASHA  | F      | CLERK               | 7920 | 1981-07-19 | 1750 | NULL |     30 |       1 | NATASHA      | sales@2017 | NULL       |        1 |     40 | OPERATIONS | BOSTON   | opr@123    | 12/07/1989 |
|  8433 | NATASHA  | F      | CLERK               | 7920 | 1981-07-19 | 1750 | NULL |     30 |       1 | NATASHA      | sales@2017 | NULL       |        1 |     30 | SALES      | CHICAGO  | sales@2017 | 13/04/1989 |
|  8433 | NATASHA  | F      | CLERK               | 7920 | 1981-07-19 | 1750 | NULL |     30 |       1 | NATASHA      | sales@2017 | NULL       |        1 |     20 | RESEARCH   | DALLAS   | a12recmpm  | 12/04/1989 |
|  8433 | NATASHA  | F      | CLERK               | 7920 | 1981-07-19 | 1750 | NULL |     30 |       1 | NATASHA      | sales@2017 | NULL       |        1 |     10 | ACCOUNTING | NEW YORK | r50mpm     | 24/03/1989 |
|  9400 | SANGITA  | F      | Compliance officers | 7920 | 1981-07-19 | 1750 | NULL |     50 |       1 | SANGITA      | NULL       | NULL       |        1 |     50 | HR         | PUNE     | PUN@8877   | 22/12/1989 |
|  9400 | SANGITA  | F      | Compliance officers | 7920 | 1981-07-19 | 1750 | NULL |     50 |       1 | SANGITA      | NULL       | NULL       |        1 |     40 | OPERATIONS | BOSTON   | opr@123    | 12/07/1989 |
|  9400 | SANGITA  | F      | Compliance officers | 7920 | 1981-07-19 | 1750 | NULL |     50 |       1 | SANGITA      | NULL       | NULL       |        1 |     30 | SALES      | CHICAGO  | sales@2017 | 13/04/1989 |
|  9400 | SANGITA  | F      | Compliance officers | 7920 | 1981-07-19 | 1750 | NULL |     50 |       1 | SANGITA      | NULL       | NULL       |        1 |     20 | RESEARCH   | DALLAS   | a12recmpm  | 12/04/1989 |
|  9400 | SANGITA  | F      | Compliance officers | 7920 | 1981-07-19 | 1750 | NULL |     50 |       1 | SANGITA      | NULL       | NULL       |        1 |     10 | ACCOUNTING | NEW YORK | r50mpm     | 24/03/1989 |
|  9473 | SUPRIYA  | F      | ANALYST             | 7920 | 1981-07-19 | 1750 | NULL |     50 |       1 | SUPRIYA      | XYZ@1234   | NULL       |        1 |     50 | HR         | PUNE     | PUN@8877   | 22/12/1989 |
|  9473 | SUPRIYA  | F      | ANALYST             | 7920 | 1981-07-19 | 1750 | NULL |     50 |       1 | SUPRIYA      | XYZ@1234   | NULL       |        1 |     40 | OPERATIONS | BOSTON   | opr@123    | 12/07/1989 |
|  9473 | SUPRIYA  | F      | ANALYST             | 7920 | 1981-07-19 | 1750 | NULL |     50 |       1 | SUPRIYA      | XYZ@1234   | NULL       |        1 |     30 | SALES      | CHICAGO  | sales@2017 | 13/04/1989 |
|  9473 | SUPRIYA  | F      | ANALYST             | 7920 | 1981-07-19 | 1750 | NULL |     50 |       1 | SUPRIYA      | XYZ@1234   | NULL       |        1 |     20 | RESEARCH   | DALLAS   | a12recmpm  | 12/04/1989 |
|  9473 | SUPRIYA  | F      | ANALYST             | 7920 | 1981-07-19 | 1750 | NULL |     50 |       1 | SUPRIYA      | XYZ@1234   | NULL       |        1 |     10 | ACCOUNTING | NEW YORK | r50mpm     | 24/03/1989 |
+-------+----------+--------+---------------------+------+------------+------+------+--------+---------+--------------+------------+------------+----------+--------+------------+----------+------------+------------+
140 rows in set (0.00 sec)

mysql> select * from emp inner join dept;
+-------+----------+--------+---------------------+------+------------+------+------+--------+---------+--------------+------------+------------+----------+--------+------------+----------+------------+------------+
| EMPNO | ENAME    | GENDER | JOB                 | MGR  | HIREDATE   | SAL  | COMM | DEPTNO | BONUSID | USER NAME    | PWD        | PHONE      | isActive | DEPTNO | DNAME      | LOC      | PWD        | STARTEDON  |
+-------+----------+--------+---------------------+------+------------+------+------+--------+---------+--------------+------------+------------+----------+--------+------------+----------+------------+------------+
|  6001 | GITA     | F      | Compliance officers | 7920 | 1981-07-19 | 1750 | NULL |     30 |       1 | GITA         | sales@2017 | NULL       |        1 |     50 | HR         | PUNE     | PUN@8877   | 22/12/1989 |
|  6001 | GITA     | F      | Compliance officers | 7920 | 1981-07-19 | 1750 | NULL |     30 |       1 | GITA         | sales@2017 | NULL       |        1 |     40 | OPERATIONS | BOSTON   | opr@123    | 12/07/1989 |
|  6001 | GITA     | F      | Compliance officers | 7920 | 1981-07-19 | 1750 | NULL |     30 |       1 | GITA         | sales@2017 | NULL       |        1 |     30 | SALES      | CHICAGO  | sales@2017 | 13/04/1989 |
|  6001 | GITA     | F      | Compliance officers | 7920 | 1981-07-19 | 1750 | NULL |     30 |       1 | GITA         | sales@2017 | NULL       |        1 |     20 | RESEARCH   | DALLAS   | a12recmpm  | 12/04/1989 |
|  6001 | GITA     | F      | Compliance officers | 7920 | 1981-07-19 | 1750 | NULL |     30 |       1 | GITA         | sales@2017 | NULL       |        1 |     10 | ACCOUNTING | NEW YORK | r50mpm     | 24/03/1989 |
|  6129 | VRUSHALI | F      | Compliance officers | 7920 | 1981-07-19 | 1750 | NULL |     50 |       1 | VRUSHALI     | PUN@8877   | NULL       |        1 |     50 | HR         | PUNE     | PUN@8877   | 22/12/1989 |
|  6129 | VRUSHALI | F      | Compliance officers | 7920 | 1981-07-19 | 1750 | NULL |     50 |       1 | VRUSHALI     | PUN@8877   | NULL       |        1 |     40 | OPERATIONS | BOSTON   | opr@123    | 12/07/1989 |
|  6129 | VRUSHALI | F      | Compliance officers | 7920 | 1981-07-19 | 1750 | NULL |     50 |       1 | VRUSHALI     | PUN@8877   | NULL       |        1 |     30 | SALES      | CHICAGO  | sales@2017 | 13/04/1989 |
|  6129 | VRUSHALI | F      | Compliance officers | 7920 | 1981-07-19 | 1750 | NULL |     50 |       1 | VRUSHALI     | PUN@8877   | NULL       |        1 |     20 | RESEARCH   | DALLAS   | a12recmpm  | 12/04/1989 |
|  6129 | VRUSHALI | F      | Compliance officers | 7920 | 1981-07-19 | 1750 | NULL |     50 |       1 | VRUSHALI     | PUN@8877   | NULL       |        1 |     10 | ACCOUNTING | NEW YORK | r50mpm     | 24/03/1989 |
|  6473 | SHARMIN  | F      | Public Relation     | 7920 | 1981-07-19 | 1750 | NULL |     20 |       1 | SHARMIN      | a12recmpm  | NULL       |        1 |     50 | HR         | PUNE     | PUN@8877   | 22/12/1989 |
|  6473 | SHARMIN  | F      | Public Relation     | 7920 | 1981-07-19 | 1750 | NULL |     20 |       1 | SHARMIN      | a12recmpm  | NULL       |        1 |     40 | OPERATIONS | BOSTON   | opr@123    | 12/07/1989 |
|  6473 | SHARMIN  | F      | Public Relation     | 7920 | 1981-07-19 | 1750 | NULL |     20 |       1 | SHARMIN      | a12recmpm  | NULL       |        1 |     30 | SALES      | CHICAGO  | sales@2017 | 13/04/1989 |
|  6473 | SHARMIN  | F      | Public Relation     | 7920 | 1981-07-19 | 1750 | NULL |     20 |       1 | SHARMIN      | a12recmpm  | NULL       |        1 |     20 | RESEARCH   | DALLAS   | a12recmpm  | 12/04/1989 |
|  6473 | SHARMIN  | F      | Public Relation     | 7920 | 1981-07-19 | 1750 | NULL |     20 |       1 | SHARMIN      | a12recmpm  | NULL       |        1 |     10 | ACCOUNTING | NEW YORK | r50mpm     | 24/03/1989 |
|  6781 | BANDISH  | F      | Public Relation     | 7920 | 1981-07-19 | 1750 | NULL |     20 |       1 | BANDISH      | a12recmpm  | NULL       |        1 |     50 | HR         | PUNE     | PUN@8877   | 22/12/1989 |
|  6781 | BANDISH  | F      | Public Relation     | 7920 | 1981-07-19 | 1750 | NULL |     20 |       1 | BANDISH      | a12recmpm  | NULL       |        1 |     40 | OPERATIONS | BOSTON   | opr@123    | 12/07/1989 |
|  6781 | BANDISH  | F      | Public Relation     | 7920 | 1981-07-19 | 1750 | NULL |     20 |       1 | BANDISH      | a12recmpm  | NULL       |        1 |     30 | SALES      | CHICAGO  | sales@2017 | 13/04/1989 |
|  6781 | BANDISH  | F      | Public Relation     | 7920 | 1981-07-19 | 1750 | NULL |     20 |       1 | BANDISH      | a12recmpm  | NULL       |        1 |     20 | RESEARCH   | DALLAS   | a12recmpm  | 12/04/1989 |
|  6781 | BANDISH  | F      | Public Relation     | 7920 | 1981-07-19 | 1750 | NULL |     20 |       1 | BANDISH      | a12recmpm  | NULL       |        1 |     10 | ACCOUNTING | NEW YORK | r50mpm     | 24/03/1989 |
|  7369 | SMITH    | M      | CLERK               | 7902 | 1980-12-17 |  800 | NULL |     20 |       2 | TRITONE      | a12recmpm  | 7032300023 |        0 |     50 | HR         | PUNE     | PUN@8877   | 22/12/1989 |
|  7369 | SMITH    | M      | CLERK               | 7902 | 1980-12-17 |  800 | NULL |     20 |       2 | TRITONE      | a12recmpm  | 7032300023 |        0 |     40 | OPERATIONS | BOSTON   | opr@123    | 12/07/1989 |
|  7369 | SMITH    | M      | CLERK               | 7902 | 1980-12-17 |  800 | NULL |     20 |       2 | TRITONE      | a12recmpm  | 7032300023 |        0 |     30 | SALES      | CHICAGO  | sales@2017 | 13/04/1989 |
|  7369 | SMITH    | M      | CLERK               | 7902 | 1980-12-17 |  800 | NULL |     20 |       2 | TRITONE      | a12recmpm  | 7032300023 |        0 |     20 | RESEARCH   | DALLAS   | a12recmpm  | 12/04/1989 |
|  7369 | SMITH    | M      | CLERK               | 7902 | 1980-12-17 |  800 | NULL |     20 |       2 | TRITONE      | a12recmpm  | 7032300023 |        0 |     10 | ACCOUNTING | NEW YORK | r50mpm     | 24/03/1989 |
|  7415 | AARAV    | M      | CLERK               | 7902 | 1981-12-31 | 3350 | NULL |     10 |    NULL | AARAV        | NULL       | 7032300084 |        0 |     50 | HR         | PUNE     | PUN@8877   | 22/12/1989 |
|  7415 | AARAV    | M      | CLERK               | 7902 | 1981-12-31 | 3350 | NULL |     10 |    NULL | AARAV        | NULL       | 7032300084 |        0 |     40 | OPERATIONS | BOSTON   | opr@123    | 12/07/1989 |
|  7415 | AARAV    | M      | CLERK               | 7902 | 1981-12-31 | 3350 | NULL |     10 |    NULL | AARAV        | NULL       | 7032300084 |        0 |     30 | SALES      | CHICAGO  | sales@2017 | 13/04/1989 |
|  7415 | AARAV    | M      | CLERK               | 7902 | 1981-12-31 | 3350 | NULL |     10 |    NULL | AARAV        | NULL       | 7032300084 |        0 |     20 | RESEARCH   | DALLAS   | a12recmpm  | 12/04/1989 |
|  7415 | AARAV    | M      | CLERK               | 7902 | 1981-12-31 | 3350 | NULL |     10 |    NULL | AARAV        | NULL       | 7032300084 |        0 |     10 | ACCOUNTING | NEW YORK | r50mpm     | 24/03/1989 |
|  7421 | THOMAS   | M      | CLERK               | 7920 | 1981-07-19 | 1750 | NULL |     10 |       1 | THOMAS       | r50mpm     | 7032300011 |        0 |     50 | HR         | PUNE     | PUN@8877   | 22/12/1989 |
|  7421 | THOMAS   | M      | CLERK               | 7920 | 1981-07-19 | 1750 | NULL |     10 |       1 | THOMAS       | r50mpm     | 7032300011 |        0 |     40 | OPERATIONS | BOSTON   | opr@123    | 12/07/1989 |
|  7421 | THOMAS   | M      | CLERK               | 7920 | 1981-07-19 | 1750 | NULL |     10 |       1 | THOMAS       | r50mpm     | 7032300011 |        0 |     30 | SALES      | CHICAGO  | sales@2017 | 13/04/1989 |
|  7421 | THOMAS   | M      | CLERK               | 7920 | 1981-07-19 | 1750 | NULL |     10 |       1 | THOMAS       | r50mpm     | 7032300011 |        0 |     20 | RESEARCH   | DALLAS   | a12recmpm  | 12/04/1989 |
|  7421 | THOMAS   | M      | CLERK               | 7920 | 1981-07-19 | 1750 | NULL |     10 |       1 | THOMAS       | r50mpm     | 7032300011 |        0 |     10 | ACCOUNTING | NEW YORK | r50mpm     | 24/03/1989 |
|  7499 | ALLEN    | M      | SALESMAN            | 7698 | 1981-02-20 | 1600 |  300 |     30 |       4 | ALWAYS TESTE | sales@2017 | 7032300096 |        1 |     50 | HR         | PUNE     | PUN@8877   | 22/12/1989 |
|  7499 | ALLEN    | M      | SALESMAN            | 7698 | 1981-02-20 | 1600 |  300 |     30 |       4 | ALWAYS TESTE | sales@2017 | 7032300096 |        1 |     40 | OPERATIONS | BOSTON   | opr@123    | 12/07/1989 |
|  7499 | ALLEN    | M      | SALESMAN            | 7698 | 1981-02-20 | 1600 |  300 |     30 |       4 | ALWAYS TESTE | sales@2017 | 7032300096 |        1 |     30 | SALES      | CHICAGO  | sales@2017 | 13/04/1989 |
|  7499 | ALLEN    | M      | SALESMAN            | 7698 | 1981-02-20 | 1600 |  300 |     30 |       4 | ALWAYS TESTE | sales@2017 | 7032300096 |        1 |     20 | RESEARCH   | DALLAS   | a12recmpm  | 12/04/1989 |
|  7499 | ALLEN    | M      | SALESMAN            | 7698 | 1981-02-20 | 1600 |  300 |     30 |       4 | ALWAYS TESTE | sales@2017 | 7032300096 |        1 |     10 | ACCOUNTING | NEW YORK | r50mpm     | 24/03/1989 |
|  7521 | WARD     | M      | SALESMAN            | 7698 | 1981-02-22 | 1250 |  500 |     30 |       1 | WARD         | sales@2017 | 7132300034 |        1 |     50 | HR         | PUNE     | PUN@8877   | 22/12/1989 |
|  7521 | WARD     | M      | SALESMAN            | 7698 | 1981-02-22 | 1250 |  500 |     30 |       1 | WARD         | sales@2017 | 7132300034 |        1 |     40 | OPERATIONS | BOSTON   | opr@123    | 12/07/1989 |
|  7521 | WARD     | M      | SALESMAN            | 7698 | 1981-02-22 | 1250 |  500 |     30 |       1 | WARD         | sales@2017 | 7132300034 |        1 |     30 | SALES      | CHICAGO  | sales@2017 | 13/04/1989 |
|  7521 | WARD     | M      | SALESMAN            | 7698 | 1981-02-22 | 1250 |  500 |     30 |       1 | WARD         | sales@2017 | 7132300034 |        1 |     20 | RESEARCH   | DALLAS   | a12recmpm  | 12/04/1989 |
|  7521 | WARD     | M      | SALESMAN            | 7698 | 1981-02-22 | 1250 |  500 |     30 |       1 | WARD         | sales@2017 | 7132300034 |        1 |     10 | ACCOUNTING | NEW YORK | r50mpm     | 24/03/1989 |
|  7566 | JONES    | M      | MANAGER             | 7839 | 1981-04-02 | 2975 | NULL |     20 |       4 | HONEYCOMB    | a12recmpm  | 7132300039 |        1 |     50 | HR         | PUNE     | PUN@8877   | 22/12/1989 |
|  7566 | JONES    | M      | MANAGER             | 7839 | 1981-04-02 | 2975 | NULL |     20 |       4 | HONEYCOMB    | a12recmpm  | 7132300039 |        1 |     40 | OPERATIONS | BOSTON   | opr@123    | 12/07/1989 |
|  7566 | JONES    | M      | MANAGER             | 7839 | 1981-04-02 | 2975 | NULL |     20 |       4 | HONEYCOMB    | a12recmpm  | 7132300039 |        1 |     30 | SALES      | CHICAGO  | sales@2017 | 13/04/1989 |
|  7566 | JONES    | M      | MANAGER             | 7839 | 1981-04-02 | 2975 | NULL |     20 |       4 | HONEYCOMB    | a12recmpm  | 7132300039 |        1 |     20 | RESEARCH   | DALLAS   | a12recmpm  | 12/04/1989 |
|  7566 | JONES    | M      | MANAGER             | 7839 | 1981-04-02 | 2975 | NULL |     20 |       4 | HONEYCOMB    | a12recmpm  | 7132300039 |        1 |     10 | ACCOUNTING | NEW YORK | r50mpm     | 24/03/1989 |
|  7654 | MARTIN   | M      | SALESMAN            | 7698 | 1981-09-28 | 1250 | 1400 |     30 |       6 | LIFE RACER   | sales@2017 | 7132300050 |        1 |     50 | HR         | PUNE     | PUN@8877   | 22/12/1989 |
|  7654 | MARTIN   | M      | SALESMAN            | 7698 | 1981-09-28 | 1250 | 1400 |     30 |       6 | LIFE RACER   | sales@2017 | 7132300050 |        1 |     40 | OPERATIONS | BOSTON   | opr@123    | 12/07/1989 |
|  7654 | MARTIN   | M      | SALESMAN            | 7698 | 1981-09-28 | 1250 | 1400 |     30 |       6 | LIFE RACER   | sales@2017 | 7132300050 |        1 |     30 | SALES      | CHICAGO  | sales@2017 | 13/04/1989 |
|  7654 | MARTIN   | M      | SALESMAN            | 7698 | 1981-09-28 | 1250 | 1400 |     30 |       6 | LIFE RACER   | sales@2017 | 7132300050 |        1 |     20 | RESEARCH   | DALLAS   | a12recmpm  | 12/04/1989 |
|  7654 | MARTIN   | M      | SALESMAN            | 7698 | 1981-09-28 | 1250 | 1400 |     30 |       6 | LIFE RACER   | sales@2017 | 7132300050 |        1 |     10 | ACCOUNTING | NEW YORK | r50mpm     | 24/03/1989 |
|  7698 | BLAKE    | M      | MANAGER             | 7839 | 1981-05-01 | 2850 | NULL |     30 |       1 | BIG BEN      | sales@2017 | 7132300027 |        1 |     50 | HR         | PUNE     | PUN@8877   | 22/12/1989 |
|  7698 | BLAKE    | M      | MANAGER             | 7839 | 1981-05-01 | 2850 | NULL |     30 |       1 | BIG BEN      | sales@2017 | 7132300027 |        1 |     40 | OPERATIONS | BOSTON   | opr@123    | 12/07/1989 |
|  7698 | BLAKE    | M      | MANAGER             | 7839 | 1981-05-01 | 2850 | NULL |     30 |       1 | BIG BEN      | sales@2017 | 7132300027 |        1 |     30 | SALES      | CHICAGO  | sales@2017 | 13/04/1989 |
|  7698 | BLAKE    | M      | MANAGER             | 7839 | 1981-05-01 | 2850 | NULL |     30 |       1 | BIG BEN      | sales@2017 | 7132300027 |        1 |     20 | RESEARCH   | DALLAS   | a12recmpm  | 12/04/1989 |
|  7698 | BLAKE    | M      | MANAGER             | 7839 | 1981-05-01 | 2850 | NULL |     30 |       1 | BIG BEN      | sales@2017 | 7132300027 |        1 |     10 | ACCOUNTING | NEW YORK | r50mpm     | 24/03/1989 |
|  7782 | CLARK    | M      | MANAGER             | 7839 | 1981-06-09 | 2450 | NULL |     10 |       3 | CLARK        | r50mpm     | 7032300001 |        1 |     50 | HR         | PUNE     | PUN@8877   | 22/12/1989 |
|  7782 | CLARK    | M      | MANAGER             | 7839 | 1981-06-09 | 2450 | NULL |     10 |       3 | CLARK        | r50mpm     | 7032300001 |        1 |     40 | OPERATIONS | BOSTON   | opr@123    | 12/07/1989 |
|  7782 | CLARK    | M      | MANAGER             | 7839 | 1981-06-09 | 2450 | NULL |     10 |       3 | CLARK        | r50mpm     | 7032300001 |        1 |     30 | SALES      | CHICAGO  | sales@2017 | 13/04/1989 |
|  7782 | CLARK    | M      | MANAGER             | 7839 | 1981-06-09 | 2450 | NULL |     10 |       3 | CLARK        | r50mpm     | 7032300001 |        1 |     20 | RESEARCH   | DALLAS   | a12recmpm  | 12/04/1989 |
|  7782 | CLARK    | M      | MANAGER             | 7839 | 1981-06-09 | 2450 | NULL |     10 |       3 | CLARK        | r50mpm     | 7032300001 |        1 |     10 | ACCOUNTING | NEW YORK | r50mpm     | 24/03/1989 |
|  7788 | SCOTT    | M      | ANALYST             | 7566 | 1982-12-09 | 3000 | NULL |     20 |       3 | WHITE SAND   | a12recmpm  | NULL       |        1 |     50 | HR         | PUNE     | PUN@8877   | 22/12/1989 |
|  7788 | SCOTT    | M      | ANALYST             | 7566 | 1982-12-09 | 3000 | NULL |     20 |       3 | WHITE SAND   | a12recmpm  | NULL       |        1 |     40 | OPERATIONS | BOSTON   | opr@123    | 12/07/1989 |
|  7788 | SCOTT    | M      | ANALYST             | 7566 | 1982-12-09 | 3000 | NULL |     20 |       3 | WHITE SAND   | a12recmpm  | NULL       |        1 |     30 | SALES      | CHICAGO  | sales@2017 | 13/04/1989 |
|  7788 | SCOTT    | M      | ANALYST             | 7566 | 1982-12-09 | 3000 | NULL |     20 |       3 | WHITE SAND   | a12recmpm  | NULL       |        1 |     20 | RESEARCH   | DALLAS   | a12recmpm  | 12/04/1989 |
|  7788 | SCOTT    | M      | ANALYST             | 7566 | 1982-12-09 | 3000 | NULL |     20 |       3 | WHITE SAND   | a12recmpm  | NULL       |        1 |     10 | ACCOUNTING | NEW YORK | r50mpm     | 24/03/1989 |
|  7839 | KING     | M      | PRESIDENT           | NULL | 1981-11-17 | 5000 | NULL |     10 |       1 | KING         | r50mpm     | 7132300081 |        1 |     50 | HR         | PUNE     | PUN@8877   | 22/12/1989 |
|  7839 | KING     | M      | PRESIDENT           | NULL | 1981-11-17 | 5000 | NULL |     10 |       1 | KING         | r50mpm     | 7132300081 |        1 |     40 | OPERATIONS | BOSTON   | opr@123    | 12/07/1989 |
|  7839 | KING     | M      | PRESIDENT           | NULL | 1981-11-17 | 5000 | NULL |     10 |       1 | KING         | r50mpm     | 7132300081 |        1 |     30 | SALES      | CHICAGO  | sales@2017 | 13/04/1989 |
|  7839 | KING     | M      | PRESIDENT           | NULL | 1981-11-17 | 5000 | NULL |     10 |       1 | KING         | r50mpm     | 7132300081 |        1 |     20 | RESEARCH   | DALLAS   | a12recmpm  | 12/04/1989 |
|  7839 | KING     | M      | PRESIDENT           | NULL | 1981-11-17 | 5000 | NULL |     10 |       1 | KING         | r50mpm     | 7132300081 |        1 |     10 | ACCOUNTING | NEW YORK | r50mpm     | 24/03/1989 |
|  7840 | FRED     | M      | vice PRESIDENT      | 7839 | 1983-08-09 | 5000 | NULL |     20 |       1 | SAND STONE   | a12recmpm  | NULL       |        1 |     50 | HR         | PUNE     | PUN@8877   | 22/12/1989 |
|  7840 | FRED     | M      | vice PRESIDENT      | 7839 | 1983-08-09 | 5000 | NULL |     20 |       1 | SAND STONE   | a12recmpm  | NULL       |        1 |     40 | OPERATIONS | BOSTON   | opr@123    | 12/07/1989 |
|  7840 | FRED     | M      | vice PRESIDENT      | 7839 | 1983-08-09 | 5000 | NULL |     20 |       1 | SAND STONE   | a12recmpm  | NULL       |        1 |     30 | SALES      | CHICAGO  | sales@2017 | 13/04/1989 |
|  7840 | FRED     | M      | vice PRESIDENT      | 7839 | 1983-08-09 | 5000 | NULL |     20 |       1 | SAND STONE   | a12recmpm  | NULL       |        1 |     20 | RESEARCH   | DALLAS   | a12recmpm  | 12/04/1989 |
|  7840 | FRED     | M      | vice PRESIDENT      | 7839 | 1983-08-09 | 5000 | NULL |     20 |       1 | SAND STONE   | a12recmpm  | NULL       |        1 |     10 | ACCOUNTING | NEW YORK | r50mpm     | 24/03/1989 |
|  7844 | TURNER   | M      | SALESMAN            | 7698 | 1981-09-08 | 1500 |    0 |     30 |       5 | SAND DUST    | sales@2017 | NULL       |        1 |     50 | HR         | PUNE     | PUN@8877   | 22/12/1989 |
|  7844 | TURNER   | M      | SALESMAN            | 7698 | 1981-09-08 | 1500 |    0 |     30 |       5 | SAND DUST    | sales@2017 | NULL       |        1 |     40 | OPERATIONS | BOSTON   | opr@123    | 12/07/1989 |
|  7844 | TURNER   | M      | SALESMAN            | 7698 | 1981-09-08 | 1500 |    0 |     30 |       5 | SAND DUST    | sales@2017 | NULL       |        1 |     30 | SALES      | CHICAGO  | sales@2017 | 13/04/1989 |
|  7844 | TURNER   | M      | SALESMAN            | 7698 | 1981-09-08 | 1500 |    0 |     30 |       5 | SAND DUST    | sales@2017 | NULL       |        1 |     20 | RESEARCH   | DALLAS   | a12recmpm  | 12/04/1989 |
|  7844 | TURNER   | M      | SALESMAN            | 7698 | 1981-09-08 | 1500 |    0 |     30 |       5 | SAND DUST    | sales@2017 | NULL       |        1 |     10 | ACCOUNTING | NEW YORK | r50mpm     | 24/03/1989 |
|  7876 | ADAMS    | M      | CLERK               | 7788 | 1983-01-12 | 1100 | NULL |     20 |       1 | CRAZY ANYONE | a12recmpm  | 7132300086 |        1 |     50 | HR         | PUNE     | PUN@8877   | 22/12/1989 |
|  7876 | ADAMS    | M      | CLERK               | 7788 | 1983-01-12 | 1100 | NULL |     20 |       1 | CRAZY ANYONE | a12recmpm  | 7132300086 |        1 |     40 | OPERATIONS | BOSTON   | opr@123    | 12/07/1989 |
|  7876 | ADAMS    | M      | CLERK               | 7788 | 1983-01-12 | 1100 | NULL |     20 |       1 | CRAZY ANYONE | a12recmpm  | 7132300086 |        1 |     30 | SALES      | CHICAGO  | sales@2017 | 13/04/1989 |
|  7876 | ADAMS    | M      | CLERK               | 7788 | 1983-01-12 | 1100 | NULL |     20 |       1 | CRAZY ANYONE | a12recmpm  | 7132300086 |        1 |     20 | RESEARCH   | DALLAS   | a12recmpm  | 12/04/1989 |
|  7876 | ADAMS    | M      | CLERK               | 7788 | 1983-01-12 | 1100 | NULL |     20 |       1 | CRAZY ANYONE | a12recmpm  | 7132300086 |        1 |     10 | ACCOUNTING | NEW YORK | r50mpm     | 24/03/1989 |
|  7900 | JAMES    | M      | CLERK               | 7698 | 1981-12-03 |  950 | NULL |     30 |       2 | CRAZY LEADER | sales@2017 | 7132300042 |        1 |     50 | HR         | PUNE     | PUN@8877   | 22/12/1989 |
|  7900 | JAMES    | M      | CLERK               | 7698 | 1981-12-03 |  950 | NULL |     30 |       2 | CRAZY LEADER | sales@2017 | 7132300042 |        1 |     40 | OPERATIONS | BOSTON   | opr@123    | 12/07/1989 |
|  7900 | JAMES    | M      | CLERK               | 7698 | 1981-12-03 |  950 | NULL |     30 |       2 | CRAZY LEADER | sales@2017 | 7132300042 |        1 |     30 | SALES      | CHICAGO  | sales@2017 | 13/04/1989 |
|  7900 | JAMES    | M      | CLERK               | 7698 | 1981-12-03 |  950 | NULL |     30 |       2 | CRAZY LEADER | sales@2017 | 7132300042 |        1 |     20 | RESEARCH   | DALLAS   | a12recmpm  | 12/04/1989 |
|  7900 | JAMES    | M      | CLERK               | 7698 | 1981-12-03 |  950 | NULL |     30 |       2 | CRAZY LEADER | sales@2017 | 7132300042 |        1 |     10 | ACCOUNTING | NEW YORK | r50mpm     | 24/03/1989 |
|  7902 | FORD     | M      | ANALYST             | 7566 | 1981-12-03 | 3000 | NULL |     20 |       4 | CONBRIO      | a12recmpm  | NULL       |        0 |     50 | HR         | PUNE     | PUN@8877   | 22/12/1989 |
|  7902 | FORD     | M      | ANALYST             | 7566 | 1981-12-03 | 3000 | NULL |     20 |       4 | CONBRIO      | a12recmpm  | NULL       |        0 |     40 | OPERATIONS | BOSTON   | opr@123    | 12/07/1989 |
|  7902 | FORD     | M      | ANALYST             | 7566 | 1981-12-03 | 3000 | NULL |     20 |       4 | CONBRIO      | a12recmpm  | NULL       |        0 |     30 | SALES      | CHICAGO  | sales@2017 | 13/04/1989 |
|  7902 | FORD     | M      | ANALYST             | 7566 | 1981-12-03 | 3000 | NULL |     20 |       4 | CONBRIO      | a12recmpm  | NULL       |        0 |     20 | RESEARCH   | DALLAS   | a12recmpm  | 12/04/1989 |
|  7902 | FORD     | M      | ANALYST             | 7566 | 1981-12-03 | 3000 | NULL |     20 |       4 | CONBRIO      | a12recmpm  | NULL       |        0 |     10 | ACCOUNTING | NEW YORK | r50mpm     | 24/03/1989 |
|  7919 | HOFFMAN  | M      | MANAGER             | 7566 | 1982-03-24 | 4150 | NULL |     30 |       3 | INTERVAL     | sales@2017 | NULL       |        1 |     50 | HR         | PUNE     | PUN@8877   | 22/12/1989 |
|  7919 | HOFFMAN  | M      | MANAGER             | 7566 | 1982-03-24 | 4150 | NULL |     30 |       3 | INTERVAL     | sales@2017 | NULL       |        1 |     40 | OPERATIONS | BOSTON   | opr@123    | 12/07/1989 |
|  7919 | HOFFMAN  | M      | MANAGER             | 7566 | 1982-03-24 | 4150 | NULL |     30 |       3 | INTERVAL     | sales@2017 | NULL       |        1 |     30 | SALES      | CHICAGO  | sales@2017 | 13/04/1989 |
|  7919 | HOFFMAN  | M      | MANAGER             | 7566 | 1982-03-24 | 4150 | NULL |     30 |       3 | INTERVAL     | sales@2017 | NULL       |        1 |     20 | RESEARCH   | DALLAS   | a12recmpm  | 12/04/1989 |
|  7919 | HOFFMAN  | M      | MANAGER             | 7566 | 1982-03-24 | 4150 | NULL |     30 |       3 | INTERVAL     | sales@2017 | NULL       |        1 |     10 | ACCOUNTING | NEW YORK | r50mpm     | 24/03/1989 |
|  7920 | GRASS    | M      | SALESMAN            | 7919 | 1980-02-14 | 2575 | 2700 |     30 |       5 | GRASS        | sales@2017 | NULL       |        1 |     50 | HR         | PUNE     | PUN@8877   | 22/12/1989 |
|  7920 | GRASS    | M      | SALESMAN            | 7919 | 1980-02-14 | 2575 | 2700 |     30 |       5 | GRASS        | sales@2017 | NULL       |        1 |     40 | OPERATIONS | BOSTON   | opr@123    | 12/07/1989 |
|  7920 | GRASS    | M      | SALESMAN            | 7919 | 1980-02-14 | 2575 | 2700 |     30 |       5 | GRASS        | sales@2017 | NULL       |        1 |     30 | SALES      | CHICAGO  | sales@2017 | 13/04/1989 |
|  7920 | GRASS    | M      | SALESMAN            | 7919 | 1980-02-14 | 2575 | 2700 |     30 |       5 | GRASS        | sales@2017 | NULL       |        1 |     20 | RESEARCH   | DALLAS   | a12recmpm  | 12/04/1989 |
|  7920 | GRASS    | M      | SALESMAN            | 7919 | 1980-02-14 | 2575 | 2700 |     30 |       5 | GRASS        | sales@2017 | NULL       |        1 |     10 | ACCOUNTING | NEW YORK | r50mpm     | 24/03/1989 |
|  7934 | MILLER   | M      | CLERK               | 7782 | 1982-01-23 | 1300 | NULL |     10 |       2 | QUARTERNOTE  | r50mpm     | 7132300055 |        0 |     50 | HR         | PUNE     | PUN@8877   | 22/12/1989 |
|  7934 | MILLER   | M      | CLERK               | 7782 | 1982-01-23 | 1300 | NULL |     10 |       2 | QUARTERNOTE  | r50mpm     | 7132300055 |        0 |     40 | OPERATIONS | BOSTON   | opr@123    | 12/07/1989 |
|  7934 | MILLER   | M      | CLERK               | 7782 | 1982-01-23 | 1300 | NULL |     10 |       2 | QUARTERNOTE  | r50mpm     | 7132300055 |        0 |     30 | SALES      | CHICAGO  | sales@2017 | 13/04/1989 |
|  7934 | MILLER   | M      | CLERK               | 7782 | 1982-01-23 | 1300 | NULL |     10 |       2 | QUARTERNOTE  | r50mpm     | 7132300055 |        0 |     20 | RESEARCH   | DALLAS   | a12recmpm  | 12/04/1989 |
|  7934 | MILLER   | M      | CLERK               | 7782 | 1982-01-23 | 1300 | NULL |     10 |       2 | QUARTERNOTE  | r50mpm     | 7132300055 |        0 |     10 | ACCOUNTING | NEW YORK | r50mpm     | 24/03/1989 |
|  7945 | AARUSH   | M      | SALESMAN            | 7902 | 1980-02-14 | 1350 | 2700 |     30 |    NULL | AARUSH       | ABCDEF     | NULL       |        0 |     50 | HR         | PUNE     | PUN@8877   | 22/12/1989 |
|  7945 | AARUSH   | M      | SALESMAN            | 7902 | 1980-02-14 | 1350 | 2700 |     30 |    NULL | AARUSH       | ABCDEF     | NULL       |        0 |     40 | OPERATIONS | BOSTON   | opr@123    | 12/07/1989 |
|  7945 | AARUSH   | M      | SALESMAN            | 7902 | 1980-02-14 | 1350 | 2700 |     30 |    NULL | AARUSH       | ABCDEF     | NULL       |        0 |     30 | SALES      | CHICAGO  | sales@2017 | 13/04/1989 |
|  7945 | AARUSH   | M      | SALESMAN            | 7902 | 1980-02-14 | 1350 | 2700 |     30 |    NULL | AARUSH       | ABCDEF     | NULL       |        0 |     20 | RESEARCH   | DALLAS   | a12recmpm  | 12/04/1989 |
|  7945 | AARUSH   | M      | SALESMAN            | 7902 | 1980-02-14 | 1350 | 2700 |     30 |    NULL | AARUSH       | ABCDEF     | NULL       |        0 |     10 | ACCOUNTING | NEW YORK | r50mpm     | 24/03/1989 |
|  7949 | ALEX     | M      | MANAGER             | 7698 | 1982-01-24 | 1250 |  500 |     30 |       5 | QUARTERREST  | sales@2017 | 7156567183 |        1 |     50 | HR         | PUNE     | PUN@8877   | 22/12/1989 |
|  7949 | ALEX     | M      | MANAGER             | 7698 | 1982-01-24 | 1250 |  500 |     30 |       5 | QUARTERREST  | sales@2017 | 7156567183 |        1 |     40 | OPERATIONS | BOSTON   | opr@123    | 12/07/1989 |
|  7949 | ALEX     | M      | MANAGER             | 7698 | 1982-01-24 | 1250 |  500 |     30 |       5 | QUARTERREST  | sales@2017 | 7156567183 |        1 |     30 | SALES      | CHICAGO  | sales@2017 | 13/04/1989 |
|  7949 | ALEX     | M      | MANAGER             | 7698 | 1982-01-24 | 1250 |  500 |     30 |       5 | QUARTERREST  | sales@2017 | 7156567183 |        1 |     20 | RESEARCH   | DALLAS   | a12recmpm  | 12/04/1989 |
|  7949 | ALEX     | M      | MANAGER             | 7698 | 1982-01-24 | 1250 |  500 |     30 |       5 | QUARTERREST  | sales@2017 | 7156567183 |        1 |     10 | ACCOUNTING | NEW YORK | r50mpm     | 24/03/1989 |
|  8433 | NATASHA  | F      | CLERK               | 7920 | 1981-07-19 | 1750 | NULL |     30 |       1 | NATASHA      | sales@2017 | NULL       |        1 |     50 | HR         | PUNE     | PUN@8877   | 22/12/1989 |
|  8433 | NATASHA  | F      | CLERK               | 7920 | 1981-07-19 | 1750 | NULL |     30 |       1 | NATASHA      | sales@2017 | NULL       |        1 |     40 | OPERATIONS | BOSTON   | opr@123    | 12/07/1989 |
|  8433 | NATASHA  | F      | CLERK               | 7920 | 1981-07-19 | 1750 | NULL |     30 |       1 | NATASHA      | sales@2017 | NULL       |        1 |     30 | SALES      | CHICAGO  | sales@2017 | 13/04/1989 |
|  8433 | NATASHA  | F      | CLERK               | 7920 | 1981-07-19 | 1750 | NULL |     30 |       1 | NATASHA      | sales@2017 | NULL       |        1 |     20 | RESEARCH   | DALLAS   | a12recmpm  | 12/04/1989 |
|  8433 | NATASHA  | F      | CLERK               | 7920 | 1981-07-19 | 1750 | NULL |     30 |       1 | NATASHA      | sales@2017 | NULL       |        1 |     10 | ACCOUNTING | NEW YORK | r50mpm     | 24/03/1989 |
|  9400 | SANGITA  | F      | Compliance officers | 7920 | 1981-07-19 | 1750 | NULL |     50 |       1 | SANGITA      | NULL       | NULL       |        1 |     50 | HR         | PUNE     | PUN@8877   | 22/12/1989 |
|  9400 | SANGITA  | F      | Compliance officers | 7920 | 1981-07-19 | 1750 | NULL |     50 |       1 | SANGITA      | NULL       | NULL       |        1 |     40 | OPERATIONS | BOSTON   | opr@123    | 12/07/1989 |
|  9400 | SANGITA  | F      | Compliance officers | 7920 | 1981-07-19 | 1750 | NULL |     50 |       1 | SANGITA      | NULL       | NULL       |        1 |     30 | SALES      | CHICAGO  | sales@2017 | 13/04/1989 |
|  9400 | SANGITA  | F      | Compliance officers | 7920 | 1981-07-19 | 1750 | NULL |     50 |       1 | SANGITA      | NULL       | NULL       |        1 |     20 | RESEARCH   | DALLAS   | a12recmpm  | 12/04/1989 |
|  9400 | SANGITA  | F      | Compliance officers | 7920 | 1981-07-19 | 1750 | NULL |     50 |       1 | SANGITA      | NULL       | NULL       |        1 |     10 | ACCOUNTING | NEW YORK | r50mpm     | 24/03/1989 |
|  9473 | SUPRIYA  | F      | ANALYST             | 7920 | 1981-07-19 | 1750 | NULL |     50 |       1 | SUPRIYA      | XYZ@1234   | NULL       |        1 |     50 | HR         | PUNE     | PUN@8877   | 22/12/1989 |
|  9473 | SUPRIYA  | F      | ANALYST             | 7920 | 1981-07-19 | 1750 | NULL |     50 |       1 | SUPRIYA      | XYZ@1234   | NULL       |        1 |     40 | OPERATIONS | BOSTON   | opr@123    | 12/07/1989 |
|  9473 | SUPRIYA  | F      | ANALYST             | 7920 | 1981-07-19 | 1750 | NULL |     50 |       1 | SUPRIYA      | XYZ@1234   | NULL       |        1 |     30 | SALES      | CHICAGO  | sales@2017 | 13/04/1989 |
|  9473 | SUPRIYA  | F      | ANALYST             | 7920 | 1981-07-19 | 1750 | NULL |     50 |       1 | SUPRIYA      | XYZ@1234   | NULL       |        1 |     20 | RESEARCH   | DALLAS   | a12recmpm  | 12/04/1989 |
|  9473 | SUPRIYA  | F      | ANALYST             | 7920 | 1981-07-19 | 1750 | NULL |     50 |       1 | SUPRIYA      | XYZ@1234   | NULL       |        1 |     10 | ACCOUNTING | NEW YORK | r50mpm     | 24/03/1989 |
+-------+----------+--------+---------------------+------+------------+------+------+--------+---------+--------------+------------+------------+----------+--------+------------+----------+------------+------------+
140 rows in set (0.00 sec)

mysql> desc dept;
+-----------+-------------+------+-----+---------+-------+
| Field     | Type        | Null | Key | Default | Extra |
+-----------+-------------+------+-----+---------+-------+
| DEPTNO    | int         | NO   | PRI | NULL    |       |
| DNAME     | varchar(12) | YES  |     | NULL    |       |
| LOC       | varchar(10) | YES  |     | NULL    |       |
| PWD       | varchar(20) | YES  |     | NULL    |       |
| STARTEDON | varchar(10) | YES  |     | NULL    |       |
+-----------+-------------+------+-----+---------+-------+
5 rows in set (0.00 sec)

mysql> desc emp;
+-----------+-------------+------+-----+---------+-------+
| Field     | Type        | Null | Key | Default | Extra |
+-----------+-------------+------+-----+---------+-------+
| EMPNO     | int         | NO   | PRI | NULL    |       |
| ENAME     | varchar(12) | YES  |     | NULL    |       |
| GENDER    | char(1)     | YES  |     | NULL    |       |
| JOB       | varchar(20) | YES  |     | NULL    |       |
| MGR       | int         | YES  | MUL | NULL    |       |
| HIREDATE  | date        | YES  |     | NULL    |       |
| SAL       | int         | YES  |     | NULL    |       |
| COMM      | int         | YES  |     | NULL    |       |
| DEPTNO    | int         | NO   | MUL | NULL    |       |
| BONUSID   | int         | YES  |     | NULL    |       |
| USER NAME | varchar(20) | YES  |     | NULL    |       |
| PWD       | varchar(20) | YES  |     | NULL    |       |
| PHONE     | varchar(45) | YES  |     | NULL    |       |
| isActive  | tinyint(1)  | YES  |     | NULL    |       |
+-----------+-------------+------+-----+---------+-------+
14 rows in set (0.00 sec)

mysql> select ename,empno,job,MGR from emp;
+----------+-------+---------------------+------+
| ename    | empno | job                 | MGR  |
+----------+-------+---------------------+------+
| GITA     |  6001 | Compliance officers | 7920 |
| VRUSHALI |  6129 | Compliance officers | 7920 |
| SHARMIN  |  6473 | Public Relation     | 7920 |
| BANDISH  |  6781 | Public Relation     | 7920 |
| SMITH    |  7369 | CLERK               | 7902 |
| AARAV    |  7415 | CLERK               | 7902 |
| THOMAS   |  7421 | CLERK               | 7920 |
| ALLEN    |  7499 | SALESMAN            | 7698 |
| WARD     |  7521 | SALESMAN            | 7698 |
| JONES    |  7566 | MANAGER             | 7839 |
| MARTIN   |  7654 | SALESMAN            | 7698 |
| BLAKE    |  7698 | MANAGER             | 7839 |
| CLARK    |  7782 | MANAGER             | 7839 |
| SCOTT    |  7788 | ANALYST             | 7566 |
| KING     |  7839 | PRESIDENT           | NULL |
| FRED     |  7840 | vice PRESIDENT      | 7839 |
| TURNER   |  7844 | SALESMAN            | 7698 |
| ADAMS    |  7876 | CLERK               | 7788 |
| JAMES    |  7900 | CLERK               | 7698 |
| FORD     |  7902 | ANALYST             | 7566 |
| HOFFMAN  |  7919 | MANAGER             | 7566 |
| GRASS    |  7920 | SALESMAN            | 7919 |
| MILLER   |  7934 | CLERK               | 7782 |
| AARUSH   |  7945 | SALESMAN            | 7902 |
| ALEX     |  7949 | MANAGER             | 7698 |
| NATASHA  |  8433 | CLERK               | 7920 |
| SANGITA  |  9400 | Compliance officers | 7920 |
| SUPRIYA  |  9473 | ANALYST             | 7920 |
+----------+-------+---------------------+------+
28 rows in set (0.00 sec)

mysql> select * from menucard;
+------+------------------------------+------+
| ID   | NAME                         | RATE |
+------+------------------------------+------+
|   14 | Onion Hamburger              |  115 |
|    6 | Extra Long Cheeseburger      |  100 |
|    2 | Double Stacker               |  125 |
|    8 | Double Cheeseburger          |  100 |
|   13 | Cheese Hamburger             |  125 |
|    4 | Hamburger                    |   85 |
|   11 | Classic Grilled Dog          |   95 |
|    1 | Chili Cheese Grilled Dog     |  115 |
|    7 | Flame Grilled Chicken Burger |  135 |
|    3 | Original Chicken Sandwich    |   55 |
|    9 | McALLO TIKKI                 |   45 |
|   12 | Veg Maharaja Mac             |   75 |
|    5 | Big Spicy Chicken Wrap       |  100 |
|   15 | Cheese Onion Hamburger       |  145 |
|   10 | McVeggie Schezwan            |   85 |
+------+------------------------------+------+
15 rows in set (0.04 sec)

mysql> select * from softdrink;
+------+----------------------+------+
| ID   | NAME                 | RATE |
+------+----------------------+------+
|    1 | Coca-Cola            |   45 |
|    2 | Mello Yello          |   75 |
|    3 | Diet Coke            |   60 |
|    4 | Frozen Fanta Cherry  |   65 |
|    5 | Iced Tea             |   35 |
+------+----------------------+------+
5 rows in set (0.03 sec)

mysql> select * from menucard,softdrink;
+------+------------------------------+------+------+----------------------+------+
| ID   | NAME                         | RATE | ID   | NAME                 | RATE |
+------+------------------------------+------+------+----------------------+------+
|   14 | Onion Hamburger              |  115 |    5 | Iced Tea             |   35 |
|   14 | Onion Hamburger              |  115 |    4 | Frozen Fanta Cherry  |   65 |
|   14 | Onion Hamburger              |  115 |    3 | Diet Coke            |   60 |
|   14 | Onion Hamburger              |  115 |    2 | Mello Yello          |   75 |
|   14 | Onion Hamburger              |  115 |    1 | Coca-Cola            |   45 |
|    6 | Extra Long Cheeseburger      |  100 |    5 | Iced Tea             |   35 |
|    6 | Extra Long Cheeseburger      |  100 |    4 | Frozen Fanta Cherry  |   65 |
|    6 | Extra Long Cheeseburger      |  100 |    3 | Diet Coke            |   60 |
|    6 | Extra Long Cheeseburger      |  100 |    2 | Mello Yello          |   75 |
|    6 | Extra Long Cheeseburger      |  100 |    1 | Coca-Cola            |   45 |
|    2 | Double Stacker               |  125 |    5 | Iced Tea             |   35 |
|    2 | Double Stacker               |  125 |    4 | Frozen Fanta Cherry  |   65 |
|    2 | Double Stacker               |  125 |    3 | Diet Coke            |   60 |
|    2 | Double Stacker               |  125 |    2 | Mello Yello          |   75 |
|    2 | Double Stacker               |  125 |    1 | Coca-Cola            |   45 |
|    8 | Double Cheeseburger          |  100 |    5 | Iced Tea             |   35 |
|    8 | Double Cheeseburger          |  100 |    4 | Frozen Fanta Cherry  |   65 |
|    8 | Double Cheeseburger          |  100 |    3 | Diet Coke            |   60 |
|    8 | Double Cheeseburger          |  100 |    2 | Mello Yello          |   75 |
|    8 | Double Cheeseburger          |  100 |    1 | Coca-Cola            |   45 |
|   13 | Cheese Hamburger             |  125 |    5 | Iced Tea             |   35 |
|   13 | Cheese Hamburger             |  125 |    4 | Frozen Fanta Cherry  |   65 |
|   13 | Cheese Hamburger             |  125 |    3 | Diet Coke            |   60 |
|   13 | Cheese Hamburger             |  125 |    2 | Mello Yello          |   75 |
|   13 | Cheese Hamburger             |  125 |    1 | Coca-Cola            |   45 |
|    4 | Hamburger                    |   85 |    5 | Iced Tea             |   35 |
|    4 | Hamburger                    |   85 |    4 | Frozen Fanta Cherry  |   65 |
|    4 | Hamburger                    |   85 |    3 | Diet Coke            |   60 |
|    4 | Hamburger                    |   85 |    2 | Mello Yello          |   75 |
|    4 | Hamburger                    |   85 |    1 | Coca-Cola            |   45 |
|   11 | Classic Grilled Dog          |   95 |    5 | Iced Tea             |   35 |
|   11 | Classic Grilled Dog          |   95 |    4 | Frozen Fanta Cherry  |   65 |
|   11 | Classic Grilled Dog          |   95 |    3 | Diet Coke            |   60 |
|   11 | Classic Grilled Dog          |   95 |    2 | Mello Yello          |   75 |
|   11 | Classic Grilled Dog          |   95 |    1 | Coca-Cola            |   45 |
|    1 | Chili Cheese Grilled Dog     |  115 |    5 | Iced Tea             |   35 |
|    1 | Chili Cheese Grilled Dog     |  115 |    4 | Frozen Fanta Cherry  |   65 |
|    1 | Chili Cheese Grilled Dog     |  115 |    3 | Diet Coke            |   60 |
|    1 | Chili Cheese Grilled Dog     |  115 |    2 | Mello Yello          |   75 |
|    1 | Chili Cheese Grilled Dog     |  115 |    1 | Coca-Cola            |   45 |
|    7 | Flame Grilled Chicken Burger |  135 |    5 | Iced Tea             |   35 |
|    7 | Flame Grilled Chicken Burger |  135 |    4 | Frozen Fanta Cherry  |   65 |
|    7 | Flame Grilled Chicken Burger |  135 |    3 | Diet Coke            |   60 |
|    7 | Flame Grilled Chicken Burger |  135 |    2 | Mello Yello          |   75 |
|    7 | Flame Grilled Chicken Burger |  135 |    1 | Coca-Cola            |   45 |
|    3 | Original Chicken Sandwich    |   55 |    5 | Iced Tea             |   35 |
|    3 | Original Chicken Sandwich    |   55 |    4 | Frozen Fanta Cherry  |   65 |
|    3 | Original Chicken Sandwich    |   55 |    3 | Diet Coke            |   60 |
|    3 | Original Chicken Sandwich    |   55 |    2 | Mello Yello          |   75 |
|    3 | Original Chicken Sandwich    |   55 |    1 | Coca-Cola            |   45 |
|    9 | McALLO TIKKI                 |   45 |    5 | Iced Tea             |   35 |
|    9 | McALLO TIKKI                 |   45 |    4 | Frozen Fanta Cherry  |   65 |
|    9 | McALLO TIKKI                 |   45 |    3 | Diet Coke            |   60 |
|    9 | McALLO TIKKI                 |   45 |    2 | Mello Yello          |   75 |
|    9 | McALLO TIKKI                 |   45 |    1 | Coca-Cola            |   45 |
|   12 | Veg Maharaja Mac             |   75 |    5 | Iced Tea             |   35 |
|   12 | Veg Maharaja Mac             |   75 |    4 | Frozen Fanta Cherry  |   65 |
|   12 | Veg Maharaja Mac             |   75 |    3 | Diet Coke            |   60 |
|   12 | Veg Maharaja Mac             |   75 |    2 | Mello Yello          |   75 |
|   12 | Veg Maharaja Mac             |   75 |    1 | Coca-Cola            |   45 |
|    5 | Big Spicy Chicken Wrap       |  100 |    5 | Iced Tea             |   35 |
|    5 | Big Spicy Chicken Wrap       |  100 |    4 | Frozen Fanta Cherry  |   65 |
|    5 | Big Spicy Chicken Wrap       |  100 |    3 | Diet Coke            |   60 |
|    5 | Big Spicy Chicken Wrap       |  100 |    2 | Mello Yello          |   75 |
|    5 | Big Spicy Chicken Wrap       |  100 |    1 | Coca-Cola            |   45 |
|   15 | Cheese Onion Hamburger       |  145 |    5 | Iced Tea             |   35 |
|   15 | Cheese Onion Hamburger       |  145 |    4 | Frozen Fanta Cherry  |   65 |
|   15 | Cheese Onion Hamburger       |  145 |    3 | Diet Coke            |   60 |
|   15 | Cheese Onion Hamburger       |  145 |    2 | Mello Yello          |   75 |
|   15 | Cheese Onion Hamburger       |  145 |    1 | Coca-Cola            |   45 |
|   10 | McVeggie Schezwan            |   85 |    5 | Iced Tea             |   35 |
|   10 | McVeggie Schezwan            |   85 |    4 | Frozen Fanta Cherry  |   65 |
|   10 | McVeggie Schezwan            |   85 |    3 | Diet Coke            |   60 |
|   10 | McVeggie Schezwan            |   85 |    2 | Mello Yello          |   75 |
|   10 | McVeggie Schezwan            |   85 |    1 | Coca-Cola            |   45 |
+------+------------------------------+------+------+----------------------+------+
75 rows in set (0.00 sec)

mysql> select * from menucard cross join softdrink;
+------+------------------------------+------+------+----------------------+------+
| ID   | NAME                         | RATE | ID   | NAME                 | RATE |
+------+------------------------------+------+------+----------------------+------+
|   14 | Onion Hamburger              |  115 |    5 | Iced Tea             |   35 |
|   14 | Onion Hamburger              |  115 |    4 | Frozen Fanta Cherry  |   65 |
|   14 | Onion Hamburger              |  115 |    3 | Diet Coke            |   60 |
|   14 | Onion Hamburger              |  115 |    2 | Mello Yello          |   75 |
|   14 | Onion Hamburger              |  115 |    1 | Coca-Cola            |   45 |
|    6 | Extra Long Cheeseburger      |  100 |    5 | Iced Tea             |   35 |
|    6 | Extra Long Cheeseburger      |  100 |    4 | Frozen Fanta Cherry  |   65 |
|    6 | Extra Long Cheeseburger      |  100 |    3 | Diet Coke            |   60 |
|    6 | Extra Long Cheeseburger      |  100 |    2 | Mello Yello          |   75 |
|    6 | Extra Long Cheeseburger      |  100 |    1 | Coca-Cola            |   45 |
|    2 | Double Stacker               |  125 |    5 | Iced Tea             |   35 |
|    2 | Double Stacker               |  125 |    4 | Frozen Fanta Cherry  |   65 |
|    2 | Double Stacker               |  125 |    3 | Diet Coke            |   60 |
|    2 | Double Stacker               |  125 |    2 | Mello Yello          |   75 |
|    2 | Double Stacker               |  125 |    1 | Coca-Cola            |   45 |
|    8 | Double Cheeseburger          |  100 |    5 | Iced Tea             |   35 |
|    8 | Double Cheeseburger          |  100 |    4 | Frozen Fanta Cherry  |   65 |
|    8 | Double Cheeseburger          |  100 |    3 | Diet Coke            |   60 |
|    8 | Double Cheeseburger          |  100 |    2 | Mello Yello          |   75 |
|    8 | Double Cheeseburger          |  100 |    1 | Coca-Cola            |   45 |
|   13 | Cheese Hamburger             |  125 |    5 | Iced Tea             |   35 |
|   13 | Cheese Hamburger             |  125 |    4 | Frozen Fanta Cherry  |   65 |
|   13 | Cheese Hamburger             |  125 |    3 | Diet Coke            |   60 |
|   13 | Cheese Hamburger             |  125 |    2 | Mello Yello          |   75 |
|   13 | Cheese Hamburger             |  125 |    1 | Coca-Cola            |   45 |
|    4 | Hamburger                    |   85 |    5 | Iced Tea             |   35 |
|    4 | Hamburger                    |   85 |    4 | Frozen Fanta Cherry  |   65 |
|    4 | Hamburger                    |   85 |    3 | Diet Coke            |   60 |
|    4 | Hamburger                    |   85 |    2 | Mello Yello          |   75 |
|    4 | Hamburger                    |   85 |    1 | Coca-Cola            |   45 |
|   11 | Classic Grilled Dog          |   95 |    5 | Iced Tea             |   35 |
|   11 | Classic Grilled Dog          |   95 |    4 | Frozen Fanta Cherry  |   65 |
|   11 | Classic Grilled Dog          |   95 |    3 | Diet Coke            |   60 |
|   11 | Classic Grilled Dog          |   95 |    2 | Mello Yello          |   75 |
|   11 | Classic Grilled Dog          |   95 |    1 | Coca-Cola            |   45 |
|    1 | Chili Cheese Grilled Dog     |  115 |    5 | Iced Tea             |   35 |
|    1 | Chili Cheese Grilled Dog     |  115 |    4 | Frozen Fanta Cherry  |   65 |
|    1 | Chili Cheese Grilled Dog     |  115 |    3 | Diet Coke            |   60 |
|    1 | Chili Cheese Grilled Dog     |  115 |    2 | Mello Yello          |   75 |
|    1 | Chili Cheese Grilled Dog     |  115 |    1 | Coca-Cola            |   45 |
|    7 | Flame Grilled Chicken Burger |  135 |    5 | Iced Tea             |   35 |
|    7 | Flame Grilled Chicken Burger |  135 |    4 | Frozen Fanta Cherry  |   65 |
|    7 | Flame Grilled Chicken Burger |  135 |    3 | Diet Coke            |   60 |
|    7 | Flame Grilled Chicken Burger |  135 |    2 | Mello Yello          |   75 |
|    7 | Flame Grilled Chicken Burger |  135 |    1 | Coca-Cola            |   45 |
|    3 | Original Chicken Sandwich    |   55 |    5 | Iced Tea             |   35 |
|    3 | Original Chicken Sandwich    |   55 |    4 | Frozen Fanta Cherry  |   65 |
|    3 | Original Chicken Sandwich    |   55 |    3 | Diet Coke            |   60 |
|    3 | Original Chicken Sandwich    |   55 |    2 | Mello Yello          |   75 |
|    3 | Original Chicken Sandwich    |   55 |    1 | Coca-Cola            |   45 |
|    9 | McALLO TIKKI                 |   45 |    5 | Iced Tea             |   35 |
|    9 | McALLO TIKKI                 |   45 |    4 | Frozen Fanta Cherry  |   65 |
|    9 | McALLO TIKKI                 |   45 |    3 | Diet Coke            |   60 |
|    9 | McALLO TIKKI                 |   45 |    2 | Mello Yello          |   75 |
|    9 | McALLO TIKKI                 |   45 |    1 | Coca-Cola            |   45 |
|   12 | Veg Maharaja Mac             |   75 |    5 | Iced Tea             |   35 |
|   12 | Veg Maharaja Mac             |   75 |    4 | Frozen Fanta Cherry  |   65 |
|   12 | Veg Maharaja Mac             |   75 |    3 | Diet Coke            |   60 |
|   12 | Veg Maharaja Mac             |   75 |    2 | Mello Yello          |   75 |
|   12 | Veg Maharaja Mac             |   75 |    1 | Coca-Cola            |   45 |
|    5 | Big Spicy Chicken Wrap       |  100 |    5 | Iced Tea             |   35 |
|    5 | Big Spicy Chicken Wrap       |  100 |    4 | Frozen Fanta Cherry  |   65 |
|    5 | Big Spicy Chicken Wrap       |  100 |    3 | Diet Coke            |   60 |
|    5 | Big Spicy Chicken Wrap       |  100 |    2 | Mello Yello          |   75 |
|    5 | Big Spicy Chicken Wrap       |  100 |    1 | Coca-Cola            |   45 |
|   15 | Cheese Onion Hamburger       |  145 |    5 | Iced Tea             |   35 |
|   15 | Cheese Onion Hamburger       |  145 |    4 | Frozen Fanta Cherry  |   65 |
|   15 | Cheese Onion Hamburger       |  145 |    3 | Diet Coke            |   60 |
|   15 | Cheese Onion Hamburger       |  145 |    2 | Mello Yello          |   75 |
|   15 | Cheese Onion Hamburger       |  145 |    1 | Coca-Cola            |   45 |
|   10 | McVeggie Schezwan            |   85 |    5 | Iced Tea             |   35 |
|   10 | McVeggie Schezwan            |   85 |    4 | Frozen Fanta Cherry  |   65 |
|   10 | McVeggie Schezwan            |   85 |    3 | Diet Coke            |   60 |
|   10 | McVeggie Schezwan            |   85 |    2 | Mello Yello          |   75 |
|   10 | McVeggie Schezwan            |   85 |    1 | Coca-Cola            |   45 |
+------+------------------------------+------+------+----------------------+------+
75 rows in set (0.00 sec)

mysql> select name,rate,name,rate from menucard cross join softdrink;
ERROR 1052 (23000): Column 'name' in field list is ambiguous
mysql> select menucard.name, menucard.rate, softdrink.name,softdrink.rate from menucard cross join softdrink;
+------------------------------+------+----------------------+------+
| name                         | rate | name                 | rate |
+------------------------------+------+----------------------+------+
| Onion Hamburger              |  115 | Iced Tea             |   35 |
| Onion Hamburger              |  115 | Frozen Fanta Cherry  |   65 |
| Onion Hamburger              |  115 | Diet Coke            |   60 |
| Onion Hamburger              |  115 | Mello Yello          |   75 |
| Onion Hamburger              |  115 | Coca-Cola            |   45 |
| Extra Long Cheeseburger      |  100 | Iced Tea             |   35 |
| Extra Long Cheeseburger      |  100 | Frozen Fanta Cherry  |   65 |
| Extra Long Cheeseburger      |  100 | Diet Coke            |   60 |
| Extra Long Cheeseburger      |  100 | Mello Yello          |   75 |
| Extra Long Cheeseburger      |  100 | Coca-Cola            |   45 |
| Double Stacker               |  125 | Iced Tea             |   35 |
| Double Stacker               |  125 | Frozen Fanta Cherry  |   65 |
| Double Stacker               |  125 | Diet Coke            |   60 |
| Double Stacker               |  125 | Mello Yello          |   75 |
| Double Stacker               |  125 | Coca-Cola            |   45 |
| Double Cheeseburger          |  100 | Iced Tea             |   35 |
| Double Cheeseburger          |  100 | Frozen Fanta Cherry  |   65 |
| Double Cheeseburger          |  100 | Diet Coke            |   60 |
| Double Cheeseburger          |  100 | Mello Yello          |   75 |
| Double Cheeseburger          |  100 | Coca-Cola            |   45 |
| Cheese Hamburger             |  125 | Iced Tea             |   35 |
| Cheese Hamburger             |  125 | Frozen Fanta Cherry  |   65 |
| Cheese Hamburger             |  125 | Diet Coke            |   60 |
| Cheese Hamburger             |  125 | Mello Yello          |   75 |
| Cheese Hamburger             |  125 | Coca-Cola            |   45 |
| Hamburger                    |   85 | Iced Tea             |   35 |
| Hamburger                    |   85 | Frozen Fanta Cherry  |   65 |
| Hamburger                    |   85 | Diet Coke            |   60 |
| Hamburger                    |   85 | Mello Yello          |   75 |
| Hamburger                    |   85 | Coca-Cola            |   45 |
| Classic Grilled Dog          |   95 | Iced Tea             |   35 |
| Classic Grilled Dog          |   95 | Frozen Fanta Cherry  |   65 |
| Classic Grilled Dog          |   95 | Diet Coke            |   60 |
| Classic Grilled Dog          |   95 | Mello Yello          |   75 |
| Classic Grilled Dog          |   95 | Coca-Cola            |   45 |
| Chili Cheese Grilled Dog     |  115 | Iced Tea             |   35 |
| Chili Cheese Grilled Dog     |  115 | Frozen Fanta Cherry  |   65 |
| Chili Cheese Grilled Dog     |  115 | Diet Coke            |   60 |
| Chili Cheese Grilled Dog     |  115 | Mello Yello          |   75 |
| Chili Cheese Grilled Dog     |  115 | Coca-Cola            |   45 |
| Flame Grilled Chicken Burger |  135 | Iced Tea             |   35 |
| Flame Grilled Chicken Burger |  135 | Frozen Fanta Cherry  |   65 |
| Flame Grilled Chicken Burger |  135 | Diet Coke            |   60 |
| Flame Grilled Chicken Burger |  135 | Mello Yello          |   75 |
| Flame Grilled Chicken Burger |  135 | Coca-Cola            |   45 |
| Original Chicken Sandwich    |   55 | Iced Tea             |   35 |
| Original Chicken Sandwich    |   55 | Frozen Fanta Cherry  |   65 |
| Original Chicken Sandwich    |   55 | Diet Coke            |   60 |
| Original Chicken Sandwich    |   55 | Mello Yello          |   75 |
| Original Chicken Sandwich    |   55 | Coca-Cola            |   45 |
| McALLO TIKKI                 |   45 | Iced Tea             |   35 |
| McALLO TIKKI                 |   45 | Frozen Fanta Cherry  |   65 |
| McALLO TIKKI                 |   45 | Diet Coke            |   60 |
| McALLO TIKKI                 |   45 | Mello Yello          |   75 |
| McALLO TIKKI                 |   45 | Coca-Cola            |   45 |
| Veg Maharaja Mac             |   75 | Iced Tea             |   35 |
| Veg Maharaja Mac             |   75 | Frozen Fanta Cherry  |   65 |
| Veg Maharaja Mac             |   75 | Diet Coke            |   60 |
| Veg Maharaja Mac             |   75 | Mello Yello          |   75 |
| Veg Maharaja Mac             |   75 | Coca-Cola            |   45 |
| Big Spicy Chicken Wrap       |  100 | Iced Tea             |   35 |
| Big Spicy Chicken Wrap       |  100 | Frozen Fanta Cherry  |   65 |
| Big Spicy Chicken Wrap       |  100 | Diet Coke            |   60 |
| Big Spicy Chicken Wrap       |  100 | Mello Yello          |   75 |
| Big Spicy Chicken Wrap       |  100 | Coca-Cola            |   45 |
| Cheese Onion Hamburger       |  145 | Iced Tea             |   35 |
| Cheese Onion Hamburger       |  145 | Frozen Fanta Cherry  |   65 |
| Cheese Onion Hamburger       |  145 | Diet Coke            |   60 |
| Cheese Onion Hamburger       |  145 | Mello Yello          |   75 |
| Cheese Onion Hamburger       |  145 | Coca-Cola            |   45 |
| McVeggie Schezwan            |   85 | Iced Tea             |   35 |
| McVeggie Schezwan            |   85 | Frozen Fanta Cherry  |   65 |
| McVeggie Schezwan            |   85 | Diet Coke            |   60 |
| McVeggie Schezwan            |   85 | Mello Yello          |   75 |
| McVeggie Schezwan            |   85 | Coca-Cola            |   45 |
+------------------------------+------+----------------------+------+
75 rows in set (0.00 sec)

mysql> select S.name,S.rate,M.name,M.rate from menucard M cross join softdrink S;
ERROR 2013 (HY000): Lost connection to MySQL server during query
No connection. Trying to reconnect...
Connection id:    257
Current database: dac51

+----------------------+------+------------------------------+------+
| name                 | rate | name                         | rate |
+----------------------+------+------------------------------+------+
| Iced Tea             |   35 | Onion Hamburger              |  115 |
| Frozen Fanta Cherry  |   65 | Onion Hamburger              |  115 |
| Diet Coke            |   60 | Onion Hamburger              |  115 |
| Mello Yello          |   75 | Onion Hamburger              |  115 |
| Coca-Cola            |   45 | Onion Hamburger              |  115 |
| Iced Tea             |   35 | Extra Long Cheeseburger      |  100 |
| Frozen Fanta Cherry  |   65 | Extra Long Cheeseburger      |  100 |
| Diet Coke            |   60 | Extra Long Cheeseburger      |  100 |
| Mello Yello          |   75 | Extra Long Cheeseburger      |  100 |
| Coca-Cola            |   45 | Extra Long Cheeseburger      |  100 |
| Iced Tea             |   35 | Double Stacker               |  125 |
| Frozen Fanta Cherry  |   65 | Double Stacker               |  125 |
| Diet Coke            |   60 | Double Stacker               |  125 |
| Mello Yello          |   75 | Double Stacker               |  125 |
| Coca-Cola            |   45 | Double Stacker               |  125 |
| Iced Tea             |   35 | Double Cheeseburger          |  100 |
| Frozen Fanta Cherry  |   65 | Double Cheeseburger          |  100 |
| Diet Coke            |   60 | Double Cheeseburger          |  100 |
| Mello Yello          |   75 | Double Cheeseburger          |  100 |
| Coca-Cola            |   45 | Double Cheeseburger          |  100 |
| Iced Tea             |   35 | Cheese Hamburger             |  125 |
| Frozen Fanta Cherry  |   65 | Cheese Hamburger             |  125 |
| Diet Coke            |   60 | Cheese Hamburger             |  125 |
| Mello Yello          |   75 | Cheese Hamburger             |  125 |
| Coca-Cola            |   45 | Cheese Hamburger             |  125 |
| Iced Tea             |   35 | Hamburger                    |   85 |
| Frozen Fanta Cherry  |   65 | Hamburger                    |   85 |
| Diet Coke            |   60 | Hamburger                    |   85 |
| Mello Yello          |   75 | Hamburger                    |   85 |
| Coca-Cola            |   45 | Hamburger                    |   85 |
| Iced Tea             |   35 | Classic Grilled Dog          |   95 |
| Frozen Fanta Cherry  |   65 | Classic Grilled Dog          |   95 |
| Diet Coke            |   60 | Classic Grilled Dog          |   95 |
| Mello Yello          |   75 | Classic Grilled Dog          |   95 |
| Coca-Cola            |   45 | Classic Grilled Dog          |   95 |
| Iced Tea             |   35 | Chili Cheese Grilled Dog     |  115 |
| Frozen Fanta Cherry  |   65 | Chili Cheese Grilled Dog     |  115 |
| Diet Coke            |   60 | Chili Cheese Grilled Dog     |  115 |
| Mello Yello          |   75 | Chili Cheese Grilled Dog     |  115 |
| Coca-Cola            |   45 | Chili Cheese Grilled Dog     |  115 |
| Iced Tea             |   35 | Flame Grilled Chicken Burger |  135 |
| Frozen Fanta Cherry  |   65 | Flame Grilled Chicken Burger |  135 |
| Diet Coke            |   60 | Flame Grilled Chicken Burger |  135 |
| Mello Yello          |   75 | Flame Grilled Chicken Burger |  135 |
| Coca-Cola            |   45 | Flame Grilled Chicken Burger |  135 |
| Iced Tea             |   35 | Original Chicken Sandwich    |   55 |
| Frozen Fanta Cherry  |   65 | Original Chicken Sandwich    |   55 |
| Diet Coke            |   60 | Original Chicken Sandwich    |   55 |
| Mello Yello          |   75 | Original Chicken Sandwich    |   55 |
| Coca-Cola            |   45 | Original Chicken Sandwich    |   55 |
| Iced Tea             |   35 | McALLO TIKKI                 |   45 |
| Frozen Fanta Cherry  |   65 | McALLO TIKKI                 |   45 |
| Diet Coke            |   60 | McALLO TIKKI                 |   45 |
| Mello Yello          |   75 | McALLO TIKKI                 |   45 |
| Coca-Cola            |   45 | McALLO TIKKI                 |   45 |
| Iced Tea             |   35 | Veg Maharaja Mac             |   75 |
| Frozen Fanta Cherry  |   65 | Veg Maharaja Mac             |   75 |
| Diet Coke            |   60 | Veg Maharaja Mac             |   75 |
| Mello Yello          |   75 | Veg Maharaja Mac             |   75 |
| Coca-Cola            |   45 | Veg Maharaja Mac             |   75 |
| Iced Tea             |   35 | Big Spicy Chicken Wrap       |  100 |
| Frozen Fanta Cherry  |   65 | Big Spicy Chicken Wrap       |  100 |
| Diet Coke            |   60 | Big Spicy Chicken Wrap       |  100 |
| Mello Yello          |   75 | Big Spicy Chicken Wrap       |  100 |
| Coca-Cola            |   45 | Big Spicy Chicken Wrap       |  100 |
| Iced Tea             |   35 | Cheese Onion Hamburger       |  145 |
| Frozen Fanta Cherry  |   65 | Cheese Onion Hamburger       |  145 |
| Diet Coke            |   60 | Cheese Onion Hamburger       |  145 |
| Mello Yello          |   75 | Cheese Onion Hamburger       |  145 |
| Coca-Cola            |   45 | Cheese Onion Hamburger       |  145 |
| Iced Tea             |   35 | McVeggie Schezwan            |   85 |
| Frozen Fanta Cherry  |   65 | McVeggie Schezwan            |   85 |
| Diet Coke            |   60 | McVeggie Schezwan            |   85 |
| Mello Yello          |   75 | McVeggie Schezwan            |   85 |
| Coca-Cola            |   45 | McVeggie Schezwan            |   85 |
+----------------------+------+------------------------------+------+
75 rows in set (0.04 sec)

mysql> select S.name,S.rate,M.name,M.rate from menucard M cross join softdrink S;
+----------------------+------+------------------------------+------+
| name                 | rate | name                         | rate |
+----------------------+------+------------------------------+------+
| Iced Tea             |   35 | Onion Hamburger              |  115 |
| Frozen Fanta Cherry  |   65 | Onion Hamburger              |  115 |
| Diet Coke            |   60 | Onion Hamburger              |  115 |
| Mello Yello          |   75 | Onion Hamburger              |  115 |
| Coca-Cola            |   45 | Onion Hamburger              |  115 |
| Iced Tea             |   35 | Extra Long Cheeseburger      |  100 |
| Frozen Fanta Cherry  |   65 | Extra Long Cheeseburger      |  100 |
| Diet Coke            |   60 | Extra Long Cheeseburger      |  100 |
| Mello Yello          |   75 | Extra Long Cheeseburger      |  100 |
| Coca-Cola            |   45 | Extra Long Cheeseburger      |  100 |
| Iced Tea             |   35 | Double Stacker               |  125 |
| Frozen Fanta Cherry  |   65 | Double Stacker               |  125 |
| Diet Coke            |   60 | Double Stacker               |  125 |
| Mello Yello          |   75 | Double Stacker               |  125 |
| Coca-Cola            |   45 | Double Stacker               |  125 |
| Iced Tea             |   35 | Double Cheeseburger          |  100 |
| Frozen Fanta Cherry  |   65 | Double Cheeseburger          |  100 |
| Diet Coke            |   60 | Double Cheeseburger          |  100 |
| Mello Yello          |   75 | Double Cheeseburger          |  100 |
| Coca-Cola            |   45 | Double Cheeseburger          |  100 |
| Iced Tea             |   35 | Cheese Hamburger             |  125 |
| Frozen Fanta Cherry  |   65 | Cheese Hamburger             |  125 |
| Diet Coke            |   60 | Cheese Hamburger             |  125 |
| Mello Yello          |   75 | Cheese Hamburger             |  125 |
| Coca-Cola            |   45 | Cheese Hamburger             |  125 |
| Iced Tea             |   35 | Hamburger                    |   85 |
| Frozen Fanta Cherry  |   65 | Hamburger                    |   85 |
| Diet Coke            |   60 | Hamburger                    |   85 |
| Mello Yello          |   75 | Hamburger                    |   85 |
| Coca-Cola            |   45 | Hamburger                    |   85 |
| Iced Tea             |   35 | Classic Grilled Dog          |   95 |
| Frozen Fanta Cherry  |   65 | Classic Grilled Dog          |   95 |
| Diet Coke            |   60 | Classic Grilled Dog          |   95 |
| Mello Yello          |   75 | Classic Grilled Dog          |   95 |
| Coca-Cola            |   45 | Classic Grilled Dog          |   95 |
| Iced Tea             |   35 | Chili Cheese Grilled Dog     |  115 |
| Frozen Fanta Cherry  |   65 | Chili Cheese Grilled Dog     |  115 |
| Diet Coke            |   60 | Chili Cheese Grilled Dog     |  115 |
| Mello Yello          |   75 | Chili Cheese Grilled Dog     |  115 |
| Coca-Cola            |   45 | Chili Cheese Grilled Dog     |  115 |
| Iced Tea             |   35 | Flame Grilled Chicken Burger |  135 |
| Frozen Fanta Cherry  |   65 | Flame Grilled Chicken Burger |  135 |
| Diet Coke            |   60 | Flame Grilled Chicken Burger |  135 |
| Mello Yello          |   75 | Flame Grilled Chicken Burger |  135 |
| Coca-Cola            |   45 | Flame Grilled Chicken Burger |  135 |
| Iced Tea             |   35 | Original Chicken Sandwich    |   55 |
| Frozen Fanta Cherry  |   65 | Original Chicken Sandwich    |   55 |
| Diet Coke            |   60 | Original Chicken Sandwich    |   55 |
| Mello Yello          |   75 | Original Chicken Sandwich    |   55 |
| Coca-Cola            |   45 | Original Chicken Sandwich    |   55 |
| Iced Tea             |   35 | McALLO TIKKI                 |   45 |
| Frozen Fanta Cherry  |   65 | McALLO TIKKI                 |   45 |
| Diet Coke            |   60 | McALLO TIKKI                 |   45 |
| Mello Yello          |   75 | McALLO TIKKI                 |   45 |
| Coca-Cola            |   45 | McALLO TIKKI                 |   45 |
| Iced Tea             |   35 | Veg Maharaja Mac             |   75 |
| Frozen Fanta Cherry  |   65 | Veg Maharaja Mac             |   75 |
| Diet Coke            |   60 | Veg Maharaja Mac             |   75 |
| Mello Yello          |   75 | Veg Maharaja Mac             |   75 |
| Coca-Cola            |   45 | Veg Maharaja Mac             |   75 |
| Iced Tea             |   35 | Big Spicy Chicken Wrap       |  100 |
| Frozen Fanta Cherry  |   65 | Big Spicy Chicken Wrap       |  100 |
| Diet Coke            |   60 | Big Spicy Chicken Wrap       |  100 |
| Mello Yello          |   75 | Big Spicy Chicken Wrap       |  100 |
| Coca-Cola            |   45 | Big Spicy Chicken Wrap       |  100 |
| Iced Tea             |   35 | Cheese Onion Hamburger       |  145 |
| Frozen Fanta Cherry  |   65 | Cheese Onion Hamburger       |  145 |
| Diet Coke            |   60 | Cheese Onion Hamburger       |  145 |
| Mello Yello          |   75 | Cheese Onion Hamburger       |  145 |
| Coca-Cola            |   45 | Cheese Onion Hamburger       |  145 |
| Iced Tea             |   35 | McVeggie Schezwan            |   85 |
| Frozen Fanta Cherry  |   65 | McVeggie Schezwan            |   85 |
| Diet Coke            |   60 | McVeggie Schezwan            |   85 |
| Mello Yello          |   75 | McVeggie Schezwan            |   85 |
| Coca-Cola            |   45 | McVeggie Schezwan            |   85 |
+----------------------+------+------------------------------+------+
75 rows in set (0.00 sec)

mysql> select S.name,S.rate,M.name,M.rate,(M.rate+S.rate) from menucard M cross join softdrink S;
+----------------------+------+------------------------------+------+-----------------+
| name                 | rate | name                         | rate | (M.rate+S.rate) |
+----------------------+------+------------------------------+------+-----------------+
| Iced Tea             |   35 | Onion Hamburger              |  115 |             150 |
| Frozen Fanta Cherry  |   65 | Onion Hamburger              |  115 |             180 |
| Diet Coke            |   60 | Onion Hamburger              |  115 |             175 |
| Mello Yello          |   75 | Onion Hamburger              |  115 |             190 |
| Coca-Cola            |   45 | Onion Hamburger              |  115 |             160 |
| Iced Tea             |   35 | Extra Long Cheeseburger      |  100 |             135 |
| Frozen Fanta Cherry  |   65 | Extra Long Cheeseburger      |  100 |             165 |
| Diet Coke            |   60 | Extra Long Cheeseburger      |  100 |             160 |
| Mello Yello          |   75 | Extra Long Cheeseburger      |  100 |             175 |
| Coca-Cola            |   45 | Extra Long Cheeseburger      |  100 |             145 |
| Iced Tea             |   35 | Double Stacker               |  125 |             160 |
| Frozen Fanta Cherry  |   65 | Double Stacker               |  125 |             190 |
| Diet Coke            |   60 | Double Stacker               |  125 |             185 |
| Mello Yello          |   75 | Double Stacker               |  125 |             200 |
| Coca-Cola            |   45 | Double Stacker               |  125 |             170 |
| Iced Tea             |   35 | Double Cheeseburger          |  100 |             135 |
| Frozen Fanta Cherry  |   65 | Double Cheeseburger          |  100 |             165 |
| Diet Coke            |   60 | Double Cheeseburger          |  100 |             160 |
| Mello Yello          |   75 | Double Cheeseburger          |  100 |             175 |
| Coca-Cola            |   45 | Double Cheeseburger          |  100 |             145 |
| Iced Tea             |   35 | Cheese Hamburger             |  125 |             160 |
| Frozen Fanta Cherry  |   65 | Cheese Hamburger             |  125 |             190 |
| Diet Coke            |   60 | Cheese Hamburger             |  125 |             185 |
| Mello Yello          |   75 | Cheese Hamburger             |  125 |             200 |
| Coca-Cola            |   45 | Cheese Hamburger             |  125 |             170 |
| Iced Tea             |   35 | Hamburger                    |   85 |             120 |
| Frozen Fanta Cherry  |   65 | Hamburger                    |   85 |             150 |
| Diet Coke            |   60 | Hamburger                    |   85 |             145 |
| Mello Yello          |   75 | Hamburger                    |   85 |             160 |
| Coca-Cola            |   45 | Hamburger                    |   85 |             130 |
| Iced Tea             |   35 | Classic Grilled Dog          |   95 |             130 |
| Frozen Fanta Cherry  |   65 | Classic Grilled Dog          |   95 |             160 |
| Diet Coke            |   60 | Classic Grilled Dog          |   95 |             155 |
| Mello Yello          |   75 | Classic Grilled Dog          |   95 |             170 |
| Coca-Cola            |   45 | Classic Grilled Dog          |   95 |             140 |
| Iced Tea             |   35 | Chili Cheese Grilled Dog     |  115 |             150 |
| Frozen Fanta Cherry  |   65 | Chili Cheese Grilled Dog     |  115 |             180 |
| Diet Coke            |   60 | Chili Cheese Grilled Dog     |  115 |             175 |
| Mello Yello          |   75 | Chili Cheese Grilled Dog     |  115 |             190 |
| Coca-Cola            |   45 | Chili Cheese Grilled Dog     |  115 |             160 |
| Iced Tea             |   35 | Flame Grilled Chicken Burger |  135 |             170 |
| Frozen Fanta Cherry  |   65 | Flame Grilled Chicken Burger |  135 |             200 |
| Diet Coke            |   60 | Flame Grilled Chicken Burger |  135 |             195 |
| Mello Yello          |   75 | Flame Grilled Chicken Burger |  135 |             210 |
| Coca-Cola            |   45 | Flame Grilled Chicken Burger |  135 |             180 |
| Iced Tea             |   35 | Original Chicken Sandwich    |   55 |              90 |
| Frozen Fanta Cherry  |   65 | Original Chicken Sandwich    |   55 |             120 |
| Diet Coke            |   60 | Original Chicken Sandwich    |   55 |             115 |
| Mello Yello          |   75 | Original Chicken Sandwich    |   55 |             130 |
| Coca-Cola            |   45 | Original Chicken Sandwich    |   55 |             100 |
| Iced Tea             |   35 | McALLO TIKKI                 |   45 |              80 |
| Frozen Fanta Cherry  |   65 | McALLO TIKKI                 |   45 |             110 |
| Diet Coke            |   60 | McALLO TIKKI                 |   45 |             105 |
| Mello Yello          |   75 | McALLO TIKKI                 |   45 |             120 |
| Coca-Cola            |   45 | McALLO TIKKI                 |   45 |              90 |
| Iced Tea             |   35 | Veg Maharaja Mac             |   75 |             110 |
| Frozen Fanta Cherry  |   65 | Veg Maharaja Mac             |   75 |             140 |
| Diet Coke            |   60 | Veg Maharaja Mac             |   75 |             135 |
| Mello Yello          |   75 | Veg Maharaja Mac             |   75 |             150 |
| Coca-Cola            |   45 | Veg Maharaja Mac             |   75 |             120 |
| Iced Tea             |   35 | Big Spicy Chicken Wrap       |  100 |             135 |
| Frozen Fanta Cherry  |   65 | Big Spicy Chicken Wrap       |  100 |             165 |
| Diet Coke            |   60 | Big Spicy Chicken Wrap       |  100 |             160 |
| Mello Yello          |   75 | Big Spicy Chicken Wrap       |  100 |             175 |
| Coca-Cola            |   45 | Big Spicy Chicken Wrap       |  100 |             145 |
| Iced Tea             |   35 | Cheese Onion Hamburger       |  145 |             180 |
| Frozen Fanta Cherry  |   65 | Cheese Onion Hamburger       |  145 |             210 |
| Diet Coke            |   60 | Cheese Onion Hamburger       |  145 |             205 |
| Mello Yello          |   75 | Cheese Onion Hamburger       |  145 |             220 |
| Coca-Cola            |   45 | Cheese Onion Hamburger       |  145 |             190 |
| Iced Tea             |   35 | McVeggie Schezwan            |   85 |             120 |
| Frozen Fanta Cherry  |   65 | McVeggie Schezwan            |   85 |             150 |
| Diet Coke            |   60 | McVeggie Schezwan            |   85 |             145 |
| Mello Yello          |   75 | McVeggie Schezwan            |   85 |             160 |
| Coca-Cola            |   45 | McVeggie Schezwan            |   85 |             130 |
+----------------------+------+------------------------------+------+-----------------+
75 rows in set (0.00 sec)

mysql> select S.name,S.rate,M.name,M.rate,(M.rate+S.rate R1), min(R1) from menucard M cross join softdrink S;
ERROR 1064 (42000): You have an error in your SQL syntax; check the manual that corresponds to your MySQL server version for the right syntax to use near 'R1), min(R1) from menucard M cross join softdrink S' at line 1
mysql> select S.name,S.rate,M.name,M.rate,(M.rate+S.rate R1), min(R1) from menucard M cross join softdrink S;
ERROR 1064 (42000): You have an error in your SQL syntax; check the manual that corresponds to your MySQL server version for the right syntax to use near 'R1), min(R1) from menucard M cross join softdrink S' at line 1
mysql>
mysql>
mysql> select S.name,S.rate,M.name,M.rate,(M.rate+S.rate) R1, min(R1) from menucard M cross join softdrink S;
ERROR 1054 (42S22): Unknown column 'R1' in 'field list'
mysql> select S.name,S.rate,M.name,M.rate,min(M.rate+S.rate) from menucard M cross join softdrink S;
+----------+------+-----------------+------+--------------------+
| name     | rate | name            | rate | min(M.rate+S.rate) |
+----------+------+-----------------+------+--------------------+
| Iced Tea |   35 | Onion Hamburger |  115 |                 80 |
+----------+------+-----------------+------+--------------------+
1 row in set (0.00 sec)

mysql> select * from menucard cross join softdrink;
+------+------------------------------+------+------+----------------------+------+
| ID   | NAME                         | RATE | ID   | NAME                 | RATE |
+------+------------------------------+------+------+----------------------+------+
|   14 | Onion Hamburger              |  115 |    5 | Iced Tea             |   35 |
|   14 | Onion Hamburger              |  115 |    4 | Frozen Fanta Cherry  |   65 |
|   14 | Onion Hamburger              |  115 |    3 | Diet Coke            |   60 |
|   14 | Onion Hamburger              |  115 |    2 | Mello Yello          |   75 |
|   14 | Onion Hamburger              |  115 |    1 | Coca-Cola            |   45 |
|    6 | Extra Long Cheeseburger      |  100 |    5 | Iced Tea             |   35 |
|    6 | Extra Long Cheeseburger      |  100 |    4 | Frozen Fanta Cherry  |   65 |
|    6 | Extra Long Cheeseburger      |  100 |    3 | Diet Coke            |   60 |
|    6 | Extra Long Cheeseburger      |  100 |    2 | Mello Yello          |   75 |
|    6 | Extra Long Cheeseburger      |  100 |    1 | Coca-Cola            |   45 |
|    2 | Double Stacker               |  125 |    5 | Iced Tea             |   35 |
|    2 | Double Stacker               |  125 |    4 | Frozen Fanta Cherry  |   65 |
|    2 | Double Stacker               |  125 |    3 | Diet Coke            |   60 |
|    2 | Double Stacker               |  125 |    2 | Mello Yello          |   75 |
|    2 | Double Stacker               |  125 |    1 | Coca-Cola            |   45 |
|    8 | Double Cheeseburger          |  100 |    5 | Iced Tea             |   35 |
|    8 | Double Cheeseburger          |  100 |    4 | Frozen Fanta Cherry  |   65 |
|    8 | Double Cheeseburger          |  100 |    3 | Diet Coke            |   60 |
|    8 | Double Cheeseburger          |  100 |    2 | Mello Yello          |   75 |
|    8 | Double Cheeseburger          |  100 |    1 | Coca-Cola            |   45 |
|   13 | Cheese Hamburger             |  125 |    5 | Iced Tea             |   35 |
|   13 | Cheese Hamburger             |  125 |    4 | Frozen Fanta Cherry  |   65 |
|   13 | Cheese Hamburger             |  125 |    3 | Diet Coke            |   60 |
|   13 | Cheese Hamburger             |  125 |    2 | Mello Yello          |   75 |
|   13 | Cheese Hamburger             |  125 |    1 | Coca-Cola            |   45 |
|    4 | Hamburger                    |   85 |    5 | Iced Tea             |   35 |
|    4 | Hamburger                    |   85 |    4 | Frozen Fanta Cherry  |   65 |
|    4 | Hamburger                    |   85 |    3 | Diet Coke            |   60 |
|    4 | Hamburger                    |   85 |    2 | Mello Yello          |   75 |
|    4 | Hamburger                    |   85 |    1 | Coca-Cola            |   45 |
|   11 | Classic Grilled Dog          |   95 |    5 | Iced Tea             |   35 |
|   11 | Classic Grilled Dog          |   95 |    4 | Frozen Fanta Cherry  |   65 |
|   11 | Classic Grilled Dog          |   95 |    3 | Diet Coke            |   60 |
|   11 | Classic Grilled Dog          |   95 |    2 | Mello Yello          |   75 |
|   11 | Classic Grilled Dog          |   95 |    1 | Coca-Cola            |   45 |
|    1 | Chili Cheese Grilled Dog     |  115 |    5 | Iced Tea             |   35 |
|    1 | Chili Cheese Grilled Dog     |  115 |    4 | Frozen Fanta Cherry  |   65 |
|    1 | Chili Cheese Grilled Dog     |  115 |    3 | Diet Coke            |   60 |
|    1 | Chili Cheese Grilled Dog     |  115 |    2 | Mello Yello          |   75 |
|    1 | Chili Cheese Grilled Dog     |  115 |    1 | Coca-Cola            |   45 |
|    7 | Flame Grilled Chicken Burger |  135 |    5 | Iced Tea             |   35 |
|    7 | Flame Grilled Chicken Burger |  135 |    4 | Frozen Fanta Cherry  |   65 |
|    7 | Flame Grilled Chicken Burger |  135 |    3 | Diet Coke            |   60 |
|    7 | Flame Grilled Chicken Burger |  135 |    2 | Mello Yello          |   75 |
|    7 | Flame Grilled Chicken Burger |  135 |    1 | Coca-Cola            |   45 |
|    3 | Original Chicken Sandwich    |   55 |    5 | Iced Tea             |   35 |
|    3 | Original Chicken Sandwich    |   55 |    4 | Frozen Fanta Cherry  |   65 |
|    3 | Original Chicken Sandwich    |   55 |    3 | Diet Coke            |   60 |
|    3 | Original Chicken Sandwich    |   55 |    2 | Mello Yello          |   75 |
|    3 | Original Chicken Sandwich    |   55 |    1 | Coca-Cola            |   45 |
|    9 | McALLO TIKKI                 |   45 |    5 | Iced Tea             |   35 |
|    9 | McALLO TIKKI                 |   45 |    4 | Frozen Fanta Cherry  |   65 |
|    9 | McALLO TIKKI                 |   45 |    3 | Diet Coke            |   60 |
|    9 | McALLO TIKKI                 |   45 |    2 | Mello Yello          |   75 |
|    9 | McALLO TIKKI                 |   45 |    1 | Coca-Cola            |   45 |
|   12 | Veg Maharaja Mac             |   75 |    5 | Iced Tea             |   35 |
|   12 | Veg Maharaja Mac             |   75 |    4 | Frozen Fanta Cherry  |   65 |
|   12 | Veg Maharaja Mac             |   75 |    3 | Diet Coke            |   60 |
|   12 | Veg Maharaja Mac             |   75 |    2 | Mello Yello          |   75 |
|   12 | Veg Maharaja Mac             |   75 |    1 | Coca-Cola            |   45 |
|    5 | Big Spicy Chicken Wrap       |  100 |    5 | Iced Tea             |   35 |
|    5 | Big Spicy Chicken Wrap       |  100 |    4 | Frozen Fanta Cherry  |   65 |
|    5 | Big Spicy Chicken Wrap       |  100 |    3 | Diet Coke            |   60 |
|    5 | Big Spicy Chicken Wrap       |  100 |    2 | Mello Yello          |   75 |
|    5 | Big Spicy Chicken Wrap       |  100 |    1 | Coca-Cola            |   45 |
|   15 | Cheese Onion Hamburger       |  145 |    5 | Iced Tea             |   35 |
|   15 | Cheese Onion Hamburger       |  145 |    4 | Frozen Fanta Cherry  |   65 |
|   15 | Cheese Onion Hamburger       |  145 |    3 | Diet Coke            |   60 |
|   15 | Cheese Onion Hamburger       |  145 |    2 | Mello Yello          |   75 |
|   15 | Cheese Onion Hamburger       |  145 |    1 | Coca-Cola            |   45 |
|   10 | McVeggie Schezwan            |   85 |    5 | Iced Tea             |   35 |
|   10 | McVeggie Schezwan            |   85 |    4 | Frozen Fanta Cherry  |   65 |
|   10 | McVeggie Schezwan            |   85 |    3 | Diet Coke            |   60 |
|   10 | McVeggie Schezwan            |   85 |    2 | Mello Yello          |   75 |
|   10 | McVeggie Schezwan            |   85 |    1 | Coca-Cola            |   45 |
+------+------------------------------+------+------+----------------------+------+
75 rows in set (0.00 sec)

mysql> desc menucard;
+-------+-------------+------+-----+---------+-------+
| Field | Type        | Null | Key | Default | Extra |
+-------+-------------+------+-----+---------+-------+
| ID    | int         | YES  |     | NULL    |       |
| NAME  | varchar(35) | YES  |     | NULL    |       |
| RATE  | int         | YES  |     | NULL    |       |
+-------+-------------+------+-----+---------+-------+
3 rows in set (0.00 sec)

mysql> desc softdrink;
+-------+-------------+------+-----+---------+-------+
| Field | Type        | Null | Key | Default | Extra |
+-------+-------------+------+-----+---------+-------+
| ID    | int         | YES  |     | NULL    |       |
| NAME  | varchar(25) | YES  |     | NULL    |       |
| RATE  | int         | YES  |     | NULL    |       |
+-------+-------------+------+-----+---------+-------+
3 rows in set (0.00 sec)

mysql> desc emp;
+-----------+-------------+------+-----+---------+-------+
| Field     | Type        | Null | Key | Default | Extra |
+-----------+-------------+------+-----+---------+-------+
| EMPNO     | int         | NO   | PRI | NULL    |       |
| ENAME     | varchar(12) | YES  |     | NULL    |       |
| GENDER    | char(1)     | YES  |     | NULL    |       |
| JOB       | varchar(20) | YES  |     | NULL    |       |
| MGR       | int         | YES  | MUL | NULL    |       |
| HIREDATE  | date        | YES  |     | NULL    |       |
| SAL       | int         | YES  |     | NULL    |       |
| COMM      | int         | YES  |     | NULL    |       |
| DEPTNO    | int         | NO   | MUL | NULL    |       |
| BONUSID   | int         | YES  |     | NULL    |       |
| USER NAME | varchar(20) | YES  |     | NULL    |       |
| PWD       | varchar(20) | YES  |     | NULL    |       |
| PHONE     | varchar(45) | YES  |     | NULL    |       |
| isActive  | tinyint(1)  | YES  |     | NULL    |       |
+-----------+-------------+------+-----+---------+-------+
14 rows in set (0.01 sec)

mysql> desc dept;
+-----------+-------------+------+-----+---------+-------+
| Field     | Type        | Null | Key | Default | Extra |
+-----------+-------------+------+-----+---------+-------+
| DEPTNO    | int         | NO   | PRI | NULL    |       |
| DNAME     | varchar(12) | YES  |     | NULL    |       |
| LOC       | varchar(10) | YES  |     | NULL    |       |
| PWD       | varchar(20) | YES  |     | NULL    |       |
| STARTEDON | varchar(10) | YES  |     | NULL    |       |
+-----------+-------------+------+-----+---------+-------+
5 rows in set (0.00 sec)

mysql> select * from emp,dept;
+-------+----------+--------+---------------------+------+------------+------+------+--------+---------+--------------+------------+------------+----------+--------+------------+----------+------------+------------+
| EMPNO | ENAME    | GENDER | JOB                 | MGR  | HIREDATE   | SAL  | COMM | DEPTNO | BONUSID | USER NAME    | PWD        | PHONE      | isActive | DEPTNO | DNAME      | LOC      | PWD        | STARTEDON  |
+-------+----------+--------+---------------------+------+------------+------+------+--------+---------+--------------+------------+------------+----------+--------+------------+----------+------------+------------+
|  6001 | GITA     | F      | Compliance officers | 7920 | 1981-07-19 | 1750 | NULL |     30 |       1 | GITA         | sales@2017 | NULL       |        1 |     50 | HR         | PUNE     | PUN@8877   | 22/12/1989 |
|  6001 | GITA     | F      | Compliance officers | 7920 | 1981-07-19 | 1750 | NULL |     30 |       1 | GITA         | sales@2017 | NULL       |        1 |     40 | OPERATIONS | BOSTON   | opr@123    | 12/07/1989 |
|  6001 | GITA     | F      | Compliance officers | 7920 | 1981-07-19 | 1750 | NULL |     30 |       1 | GITA         | sales@2017 | NULL       |        1 |     30 | SALES      | CHICAGO  | sales@2017 | 13/04/1989 |
|  6001 | GITA     | F      | Compliance officers | 7920 | 1981-07-19 | 1750 | NULL |     30 |       1 | GITA         | sales@2017 | NULL       |        1 |     20 | RESEARCH   | DALLAS   | a12recmpm  | 12/04/1989 |
|  6001 | GITA     | F      | Compliance officers | 7920 | 1981-07-19 | 1750 | NULL |     30 |       1 | GITA         | sales@2017 | NULL       |        1 |     10 | ACCOUNTING | NEW YORK | r50mpm     | 24/03/1989 |
|  6129 | VRUSHALI | F      | Compliance officers | 7920 | 1981-07-19 | 1750 | NULL |     50 |       1 | VRUSHALI     | PUN@8877   | NULL       |        1 |     50 | HR         | PUNE     | PUN@8877   | 22/12/1989 |
|  6129 | VRUSHALI | F      | Compliance officers | 7920 | 1981-07-19 | 1750 | NULL |     50 |       1 | VRUSHALI     | PUN@8877   | NULL       |        1 |     40 | OPERATIONS | BOSTON   | opr@123    | 12/07/1989 |
|  6129 | VRUSHALI | F      | Compliance officers | 7920 | 1981-07-19 | 1750 | NULL |     50 |       1 | VRUSHALI     | PUN@8877   | NULL       |        1 |     30 | SALES      | CHICAGO  | sales@2017 | 13/04/1989 |
|  6129 | VRUSHALI | F      | Compliance officers | 7920 | 1981-07-19 | 1750 | NULL |     50 |       1 | VRUSHALI     | PUN@8877   | NULL       |        1 |     20 | RESEARCH   | DALLAS   | a12recmpm  | 12/04/1989 |
|  6129 | VRUSHALI | F      | Compliance officers | 7920 | 1981-07-19 | 1750 | NULL |     50 |       1 | VRUSHALI     | PUN@8877   | NULL       |        1 |     10 | ACCOUNTING | NEW YORK | r50mpm     | 24/03/1989 |
|  6473 | SHARMIN  | F      | Public Relation     | 7920 | 1981-07-19 | 1750 | NULL |     20 |       1 | SHARMIN      | a12recmpm  | NULL       |        1 |     50 | HR         | PUNE     | PUN@8877   | 22/12/1989 |
|  6473 | SHARMIN  | F      | Public Relation     | 7920 | 1981-07-19 | 1750 | NULL |     20 |       1 | SHARMIN      | a12recmpm  | NULL       |        1 |     40 | OPERATIONS | BOSTON   | opr@123    | 12/07/1989 |
|  6473 | SHARMIN  | F      | Public Relation     | 7920 | 1981-07-19 | 1750 | NULL |     20 |       1 | SHARMIN      | a12recmpm  | NULL       |        1 |     30 | SALES      | CHICAGO  | sales@2017 | 13/04/1989 |
|  6473 | SHARMIN  | F      | Public Relation     | 7920 | 1981-07-19 | 1750 | NULL |     20 |       1 | SHARMIN      | a12recmpm  | NULL       |        1 |     20 | RESEARCH   | DALLAS   | a12recmpm  | 12/04/1989 |
|  6473 | SHARMIN  | F      | Public Relation     | 7920 | 1981-07-19 | 1750 | NULL |     20 |       1 | SHARMIN      | a12recmpm  | NULL       |        1 |     10 | ACCOUNTING | NEW YORK | r50mpm     | 24/03/1989 |
|  6781 | BANDISH  | F      | Public Relation     | 7920 | 1981-07-19 | 1750 | NULL |     20 |       1 | BANDISH      | a12recmpm  | NULL       |        1 |     50 | HR         | PUNE     | PUN@8877   | 22/12/1989 |
|  6781 | BANDISH  | F      | Public Relation     | 7920 | 1981-07-19 | 1750 | NULL |     20 |       1 | BANDISH      | a12recmpm  | NULL       |        1 |     40 | OPERATIONS | BOSTON   | opr@123    | 12/07/1989 |
|  6781 | BANDISH  | F      | Public Relation     | 7920 | 1981-07-19 | 1750 | NULL |     20 |       1 | BANDISH      | a12recmpm  | NULL       |        1 |     30 | SALES      | CHICAGO  | sales@2017 | 13/04/1989 |
|  6781 | BANDISH  | F      | Public Relation     | 7920 | 1981-07-19 | 1750 | NULL |     20 |       1 | BANDISH      | a12recmpm  | NULL       |        1 |     20 | RESEARCH   | DALLAS   | a12recmpm  | 12/04/1989 |
|  6781 | BANDISH  | F      | Public Relation     | 7920 | 1981-07-19 | 1750 | NULL |     20 |       1 | BANDISH      | a12recmpm  | NULL       |        1 |     10 | ACCOUNTING | NEW YORK | r50mpm     | 24/03/1989 |
|  7369 | SMITH    | M      | CLERK               | 7902 | 1980-12-17 |  800 | NULL |     20 |       2 | TRITONE      | a12recmpm  | 7032300023 |        0 |     50 | HR         | PUNE     | PUN@8877   | 22/12/1989 |
|  7369 | SMITH    | M      | CLERK               | 7902 | 1980-12-17 |  800 | NULL |     20 |       2 | TRITONE      | a12recmpm  | 7032300023 |        0 |     40 | OPERATIONS | BOSTON   | opr@123    | 12/07/1989 |
|  7369 | SMITH    | M      | CLERK               | 7902 | 1980-12-17 |  800 | NULL |     20 |       2 | TRITONE      | a12recmpm  | 7032300023 |        0 |     30 | SALES      | CHICAGO  | sales@2017 | 13/04/1989 |
|  7369 | SMITH    | M      | CLERK               | 7902 | 1980-12-17 |  800 | NULL |     20 |       2 | TRITONE      | a12recmpm  | 7032300023 |        0 |     20 | RESEARCH   | DALLAS   | a12recmpm  | 12/04/1989 |
|  7369 | SMITH    | M      | CLERK               | 7902 | 1980-12-17 |  800 | NULL |     20 |       2 | TRITONE      | a12recmpm  | 7032300023 |        0 |     10 | ACCOUNTING | NEW YORK | r50mpm     | 24/03/1989 |
|  7415 | AARAV    | M      | CLERK               | 7902 | 1981-12-31 | 3350 | NULL |     10 |    NULL | AARAV        | NULL       | 7032300084 |        0 |     50 | HR         | PUNE     | PUN@8877   | 22/12/1989 |
|  7415 | AARAV    | M      | CLERK               | 7902 | 1981-12-31 | 3350 | NULL |     10 |    NULL | AARAV        | NULL       | 7032300084 |        0 |     40 | OPERATIONS | BOSTON   | opr@123    | 12/07/1989 |
|  7415 | AARAV    | M      | CLERK               | 7902 | 1981-12-31 | 3350 | NULL |     10 |    NULL | AARAV        | NULL       | 7032300084 |        0 |     30 | SALES      | CHICAGO  | sales@2017 | 13/04/1989 |
|  7415 | AARAV    | M      | CLERK               | 7902 | 1981-12-31 | 3350 | NULL |     10 |    NULL | AARAV        | NULL       | 7032300084 |        0 |     20 | RESEARCH   | DALLAS   | a12recmpm  | 12/04/1989 |
|  7415 | AARAV    | M      | CLERK               | 7902 | 1981-12-31 | 3350 | NULL |     10 |    NULL | AARAV        | NULL       | 7032300084 |        0 |     10 | ACCOUNTING | NEW YORK | r50mpm     | 24/03/1989 |
|  7421 | THOMAS   | M      | CLERK               | 7920 | 1981-07-19 | 1750 | NULL |     10 |       1 | THOMAS       | r50mpm     | 7032300011 |        0 |     50 | HR         | PUNE     | PUN@8877   | 22/12/1989 |
|  7421 | THOMAS   | M      | CLERK               | 7920 | 1981-07-19 | 1750 | NULL |     10 |       1 | THOMAS       | r50mpm     | 7032300011 |        0 |     40 | OPERATIONS | BOSTON   | opr@123    | 12/07/1989 |
|  7421 | THOMAS   | M      | CLERK               | 7920 | 1981-07-19 | 1750 | NULL |     10 |       1 | THOMAS       | r50mpm     | 7032300011 |        0 |     30 | SALES      | CHICAGO  | sales@2017 | 13/04/1989 |
|  7421 | THOMAS   | M      | CLERK               | 7920 | 1981-07-19 | 1750 | NULL |     10 |       1 | THOMAS       | r50mpm     | 7032300011 |        0 |     20 | RESEARCH   | DALLAS   | a12recmpm  | 12/04/1989 |
|  7421 | THOMAS   | M      | CLERK               | 7920 | 1981-07-19 | 1750 | NULL |     10 |       1 | THOMAS       | r50mpm     | 7032300011 |        0 |     10 | ACCOUNTING | NEW YORK | r50mpm     | 24/03/1989 |
|  7499 | ALLEN    | M      | SALESMAN            | 7698 | 1981-02-20 | 1600 |  300 |     30 |       4 | ALWAYS TESTE | sales@2017 | 7032300096 |        1 |     50 | HR         | PUNE     | PUN@8877   | 22/12/1989 |
|  7499 | ALLEN    | M      | SALESMAN            | 7698 | 1981-02-20 | 1600 |  300 |     30 |       4 | ALWAYS TESTE | sales@2017 | 7032300096 |        1 |     40 | OPERATIONS | BOSTON   | opr@123    | 12/07/1989 |
|  7499 | ALLEN    | M      | SALESMAN            | 7698 | 1981-02-20 | 1600 |  300 |     30 |       4 | ALWAYS TESTE | sales@2017 | 7032300096 |        1 |     30 | SALES      | CHICAGO  | sales@2017 | 13/04/1989 |
|  7499 | ALLEN    | M      | SALESMAN            | 7698 | 1981-02-20 | 1600 |  300 |     30 |       4 | ALWAYS TESTE | sales@2017 | 7032300096 |        1 |     20 | RESEARCH   | DALLAS   | a12recmpm  | 12/04/1989 |
|  7499 | ALLEN    | M      | SALESMAN            | 7698 | 1981-02-20 | 1600 |  300 |     30 |       4 | ALWAYS TESTE | sales@2017 | 7032300096 |        1 |     10 | ACCOUNTING | NEW YORK | r50mpm     | 24/03/1989 |
|  7521 | WARD     | M      | SALESMAN            | 7698 | 1981-02-22 | 1250 |  500 |     30 |       1 | WARD         | sales@2017 | 7132300034 |        1 |     50 | HR         | PUNE     | PUN@8877   | 22/12/1989 |
|  7521 | WARD     | M      | SALESMAN            | 7698 | 1981-02-22 | 1250 |  500 |     30 |       1 | WARD         | sales@2017 | 7132300034 |        1 |     40 | OPERATIONS | BOSTON   | opr@123    | 12/07/1989 |
|  7521 | WARD     | M      | SALESMAN            | 7698 | 1981-02-22 | 1250 |  500 |     30 |       1 | WARD         | sales@2017 | 7132300034 |        1 |     30 | SALES      | CHICAGO  | sales@2017 | 13/04/1989 |
|  7521 | WARD     | M      | SALESMAN            | 7698 | 1981-02-22 | 1250 |  500 |     30 |       1 | WARD         | sales@2017 | 7132300034 |        1 |     20 | RESEARCH   | DALLAS   | a12recmpm  | 12/04/1989 |
|  7521 | WARD     | M      | SALESMAN            | 7698 | 1981-02-22 | 1250 |  500 |     30 |       1 | WARD         | sales@2017 | 7132300034 |        1 |     10 | ACCOUNTING | NEW YORK | r50mpm     | 24/03/1989 |
|  7566 | JONES    | M      | MANAGER             | 7839 | 1981-04-02 | 2975 | NULL |     20 |       4 | HONEYCOMB    | a12recmpm  | 7132300039 |        1 |     50 | HR         | PUNE     | PUN@8877   | 22/12/1989 |
|  7566 | JONES    | M      | MANAGER             | 7839 | 1981-04-02 | 2975 | NULL |     20 |       4 | HONEYCOMB    | a12recmpm  | 7132300039 |        1 |     40 | OPERATIONS | BOSTON   | opr@123    | 12/07/1989 |
|  7566 | JONES    | M      | MANAGER             | 7839 | 1981-04-02 | 2975 | NULL |     20 |       4 | HONEYCOMB    | a12recmpm  | 7132300039 |        1 |     30 | SALES      | CHICAGO  | sales@2017 | 13/04/1989 |
|  7566 | JONES    | M      | MANAGER             | 7839 | 1981-04-02 | 2975 | NULL |     20 |       4 | HONEYCOMB    | a12recmpm  | 7132300039 |        1 |     20 | RESEARCH   | DALLAS   | a12recmpm  | 12/04/1989 |
|  7566 | JONES    | M      | MANAGER             | 7839 | 1981-04-02 | 2975 | NULL |     20 |       4 | HONEYCOMB    | a12recmpm  | 7132300039 |        1 |     10 | ACCOUNTING | NEW YORK | r50mpm     | 24/03/1989 |
|  7654 | MARTIN   | M      | SALESMAN            | 7698 | 1981-09-28 | 1250 | 1400 |     30 |       6 | LIFE RACER   | sales@2017 | 7132300050 |        1 |     50 | HR         | PUNE     | PUN@8877   | 22/12/1989 |
|  7654 | MARTIN   | M      | SALESMAN            | 7698 | 1981-09-28 | 1250 | 1400 |     30 |       6 | LIFE RACER   | sales@2017 | 7132300050 |        1 |     40 | OPERATIONS | BOSTON   | opr@123    | 12/07/1989 |
|  7654 | MARTIN   | M      | SALESMAN            | 7698 | 1981-09-28 | 1250 | 1400 |     30 |       6 | LIFE RACER   | sales@2017 | 7132300050 |        1 |     30 | SALES      | CHICAGO  | sales@2017 | 13/04/1989 |
|  7654 | MARTIN   | M      | SALESMAN            | 7698 | 1981-09-28 | 1250 | 1400 |     30 |       6 | LIFE RACER   | sales@2017 | 7132300050 |        1 |     20 | RESEARCH   | DALLAS   | a12recmpm  | 12/04/1989 |
|  7654 | MARTIN   | M      | SALESMAN            | 7698 | 1981-09-28 | 1250 | 1400 |     30 |       6 | LIFE RACER   | sales@2017 | 7132300050 |        1 |     10 | ACCOUNTING | NEW YORK | r50mpm     | 24/03/1989 |
|  7698 | BLAKE    | M      | MANAGER             | 7839 | 1981-05-01 | 2850 | NULL |     30 |       1 | BIG BEN      | sales@2017 | 7132300027 |        1 |     50 | HR         | PUNE     | PUN@8877   | 22/12/1989 |
|  7698 | BLAKE    | M      | MANAGER             | 7839 | 1981-05-01 | 2850 | NULL |     30 |       1 | BIG BEN      | sales@2017 | 7132300027 |        1 |     40 | OPERATIONS | BOSTON   | opr@123    | 12/07/1989 |
|  7698 | BLAKE    | M      | MANAGER             | 7839 | 1981-05-01 | 2850 | NULL |     30 |       1 | BIG BEN      | sales@2017 | 7132300027 |        1 |     30 | SALES      | CHICAGO  | sales@2017 | 13/04/1989 |
|  7698 | BLAKE    | M      | MANAGER             | 7839 | 1981-05-01 | 2850 | NULL |     30 |       1 | BIG BEN      | sales@2017 | 7132300027 |        1 |     20 | RESEARCH   | DALLAS   | a12recmpm  | 12/04/1989 |
|  7698 | BLAKE    | M      | MANAGER             | 7839 | 1981-05-01 | 2850 | NULL |     30 |       1 | BIG BEN      | sales@2017 | 7132300027 |        1 |     10 | ACCOUNTING | NEW YORK | r50mpm     | 24/03/1989 |
|  7782 | CLARK    | M      | MANAGER             | 7839 | 1981-06-09 | 2450 | NULL |     10 |       3 | CLARK        | r50mpm     | 7032300001 |        1 |     50 | HR         | PUNE     | PUN@8877   | 22/12/1989 |
|  7782 | CLARK    | M      | MANAGER             | 7839 | 1981-06-09 | 2450 | NULL |     10 |       3 | CLARK        | r50mpm     | 7032300001 |        1 |     40 | OPERATIONS | BOSTON   | opr@123    | 12/07/1989 |
|  7782 | CLARK    | M      | MANAGER             | 7839 | 1981-06-09 | 2450 | NULL |     10 |       3 | CLARK        | r50mpm     | 7032300001 |        1 |     30 | SALES      | CHICAGO  | sales@2017 | 13/04/1989 |
|  7782 | CLARK    | M      | MANAGER             | 7839 | 1981-06-09 | 2450 | NULL |     10 |       3 | CLARK        | r50mpm     | 7032300001 |        1 |     20 | RESEARCH   | DALLAS   | a12recmpm  | 12/04/1989 |
|  7782 | CLARK    | M      | MANAGER             | 7839 | 1981-06-09 | 2450 | NULL |     10 |       3 | CLARK        | r50mpm     | 7032300001 |        1 |     10 | ACCOUNTING | NEW YORK | r50mpm     | 24/03/1989 |
|  7788 | SCOTT    | M      | ANALYST             | 7566 | 1982-12-09 | 3000 | NULL |     20 |       3 | WHITE SAND   | a12recmpm  | NULL       |        1 |     50 | HR         | PUNE     | PUN@8877   | 22/12/1989 |
|  7788 | SCOTT    | M      | ANALYST             | 7566 | 1982-12-09 | 3000 | NULL |     20 |       3 | WHITE SAND   | a12recmpm  | NULL       |        1 |     40 | OPERATIONS | BOSTON   | opr@123    | 12/07/1989 |
|  7788 | SCOTT    | M      | ANALYST             | 7566 | 1982-12-09 | 3000 | NULL |     20 |       3 | WHITE SAND   | a12recmpm  | NULL       |        1 |     30 | SALES      | CHICAGO  | sales@2017 | 13/04/1989 |
|  7788 | SCOTT    | M      | ANALYST             | 7566 | 1982-12-09 | 3000 | NULL |     20 |       3 | WHITE SAND   | a12recmpm  | NULL       |        1 |     20 | RESEARCH   | DALLAS   | a12recmpm  | 12/04/1989 |
|  7788 | SCOTT    | M      | ANALYST             | 7566 | 1982-12-09 | 3000 | NULL |     20 |       3 | WHITE SAND   | a12recmpm  | NULL       |        1 |     10 | ACCOUNTING | NEW YORK | r50mpm     | 24/03/1989 |
|  7839 | KING     | M      | PRESIDENT           | NULL | 1981-11-17 | 5000 | NULL |     10 |       1 | KING         | r50mpm     | 7132300081 |        1 |     50 | HR         | PUNE     | PUN@8877   | 22/12/1989 |
|  7839 | KING     | M      | PRESIDENT           | NULL | 1981-11-17 | 5000 | NULL |     10 |       1 | KING         | r50mpm     | 7132300081 |        1 |     40 | OPERATIONS | BOSTON   | opr@123    | 12/07/1989 |
|  7839 | KING     | M      | PRESIDENT           | NULL | 1981-11-17 | 5000 | NULL |     10 |       1 | KING         | r50mpm     | 7132300081 |        1 |     30 | SALES      | CHICAGO  | sales@2017 | 13/04/1989 |
|  7839 | KING     | M      | PRESIDENT           | NULL | 1981-11-17 | 5000 | NULL |     10 |       1 | KING         | r50mpm     | 7132300081 |        1 |     20 | RESEARCH   | DALLAS   | a12recmpm  | 12/04/1989 |
|  7839 | KING     | M      | PRESIDENT           | NULL | 1981-11-17 | 5000 | NULL |     10 |       1 | KING         | r50mpm     | 7132300081 |        1 |     10 | ACCOUNTING | NEW YORK | r50mpm     | 24/03/1989 |
|  7840 | FRED     | M      | vice PRESIDENT      | 7839 | 1983-08-09 | 5000 | NULL |     20 |       1 | SAND STONE   | a12recmpm  | NULL       |        1 |     50 | HR         | PUNE     | PUN@8877   | 22/12/1989 |
|  7840 | FRED     | M      | vice PRESIDENT      | 7839 | 1983-08-09 | 5000 | NULL |     20 |       1 | SAND STONE   | a12recmpm  | NULL       |        1 |     40 | OPERATIONS | BOSTON   | opr@123    | 12/07/1989 |
|  7840 | FRED     | M      | vice PRESIDENT      | 7839 | 1983-08-09 | 5000 | NULL |     20 |       1 | SAND STONE   | a12recmpm  | NULL       |        1 |     30 | SALES      | CHICAGO  | sales@2017 | 13/04/1989 |
|  7840 | FRED     | M      | vice PRESIDENT      | 7839 | 1983-08-09 | 5000 | NULL |     20 |       1 | SAND STONE   | a12recmpm  | NULL       |        1 |     20 | RESEARCH   | DALLAS   | a12recmpm  | 12/04/1989 |
|  7840 | FRED     | M      | vice PRESIDENT      | 7839 | 1983-08-09 | 5000 | NULL |     20 |       1 | SAND STONE   | a12recmpm  | NULL       |        1 |     10 | ACCOUNTING | NEW YORK | r50mpm     | 24/03/1989 |
|  7844 | TURNER   | M      | SALESMAN            | 7698 | 1981-09-08 | 1500 |    0 |     30 |       5 | SAND DUST    | sales@2017 | NULL       |        1 |     50 | HR         | PUNE     | PUN@8877   | 22/12/1989 |
|  7844 | TURNER   | M      | SALESMAN            | 7698 | 1981-09-08 | 1500 |    0 |     30 |       5 | SAND DUST    | sales@2017 | NULL       |        1 |     40 | OPERATIONS | BOSTON   | opr@123    | 12/07/1989 |
|  7844 | TURNER   | M      | SALESMAN            | 7698 | 1981-09-08 | 1500 |    0 |     30 |       5 | SAND DUST    | sales@2017 | NULL       |        1 |     30 | SALES      | CHICAGO  | sales@2017 | 13/04/1989 |
|  7844 | TURNER   | M      | SALESMAN            | 7698 | 1981-09-08 | 1500 |    0 |     30 |       5 | SAND DUST    | sales@2017 | NULL       |        1 |     20 | RESEARCH   | DALLAS   | a12recmpm  | 12/04/1989 |
|  7844 | TURNER   | M      | SALESMAN            | 7698 | 1981-09-08 | 1500 |    0 |     30 |       5 | SAND DUST    | sales@2017 | NULL       |        1 |     10 | ACCOUNTING | NEW YORK | r50mpm     | 24/03/1989 |
|  7876 | ADAMS    | M      | CLERK               | 7788 | 1983-01-12 | 1100 | NULL |     20 |       1 | CRAZY ANYONE | a12recmpm  | 7132300086 |        1 |     50 | HR         | PUNE     | PUN@8877   | 22/12/1989 |
|  7876 | ADAMS    | M      | CLERK               | 7788 | 1983-01-12 | 1100 | NULL |     20 |       1 | CRAZY ANYONE | a12recmpm  | 7132300086 |        1 |     40 | OPERATIONS | BOSTON   | opr@123    | 12/07/1989 |
|  7876 | ADAMS    | M      | CLERK               | 7788 | 1983-01-12 | 1100 | NULL |     20 |       1 | CRAZY ANYONE | a12recmpm  | 7132300086 |        1 |     30 | SALES      | CHICAGO  | sales@2017 | 13/04/1989 |
|  7876 | ADAMS    | M      | CLERK               | 7788 | 1983-01-12 | 1100 | NULL |     20 |       1 | CRAZY ANYONE | a12recmpm  | 7132300086 |        1 |     20 | RESEARCH   | DALLAS   | a12recmpm  | 12/04/1989 |
|  7876 | ADAMS    | M      | CLERK               | 7788 | 1983-01-12 | 1100 | NULL |     20 |       1 | CRAZY ANYONE | a12recmpm  | 7132300086 |        1 |     10 | ACCOUNTING | NEW YORK | r50mpm     | 24/03/1989 |
|  7900 | JAMES    | M      | CLERK               | 7698 | 1981-12-03 |  950 | NULL |     30 |       2 | CRAZY LEADER | sales@2017 | 7132300042 |        1 |     50 | HR         | PUNE     | PUN@8877   | 22/12/1989 |
|  7900 | JAMES    | M      | CLERK               | 7698 | 1981-12-03 |  950 | NULL |     30 |       2 | CRAZY LEADER | sales@2017 | 7132300042 |        1 |     40 | OPERATIONS | BOSTON   | opr@123    | 12/07/1989 |
|  7900 | JAMES    | M      | CLERK               | 7698 | 1981-12-03 |  950 | NULL |     30 |       2 | CRAZY LEADER | sales@2017 | 7132300042 |        1 |     30 | SALES      | CHICAGO  | sales@2017 | 13/04/1989 |
|  7900 | JAMES    | M      | CLERK               | 7698 | 1981-12-03 |  950 | NULL |     30 |       2 | CRAZY LEADER | sales@2017 | 7132300042 |        1 |     20 | RESEARCH   | DALLAS   | a12recmpm  | 12/04/1989 |
|  7900 | JAMES    | M      | CLERK               | 7698 | 1981-12-03 |  950 | NULL |     30 |       2 | CRAZY LEADER | sales@2017 | 7132300042 |        1 |     10 | ACCOUNTING | NEW YORK | r50mpm     | 24/03/1989 |
|  7902 | FORD     | M      | ANALYST             | 7566 | 1981-12-03 | 3000 | NULL |     20 |       4 | CONBRIO      | a12recmpm  | NULL       |        0 |     50 | HR         | PUNE     | PUN@8877   | 22/12/1989 |
|  7902 | FORD     | M      | ANALYST             | 7566 | 1981-12-03 | 3000 | NULL |     20 |       4 | CONBRIO      | a12recmpm  | NULL       |        0 |     40 | OPERATIONS | BOSTON   | opr@123    | 12/07/1989 |
|  7902 | FORD     | M      | ANALYST             | 7566 | 1981-12-03 | 3000 | NULL |     20 |       4 | CONBRIO      | a12recmpm  | NULL       |        0 |     30 | SALES      | CHICAGO  | sales@2017 | 13/04/1989 |
|  7902 | FORD     | M      | ANALYST             | 7566 | 1981-12-03 | 3000 | NULL |     20 |       4 | CONBRIO      | a12recmpm  | NULL       |        0 |     20 | RESEARCH   | DALLAS   | a12recmpm  | 12/04/1989 |
|  7902 | FORD     | M      | ANALYST             | 7566 | 1981-12-03 | 3000 | NULL |     20 |       4 | CONBRIO      | a12recmpm  | NULL       |        0 |     10 | ACCOUNTING | NEW YORK | r50mpm     | 24/03/1989 |
|  7919 | HOFFMAN  | M      | MANAGER             | 7566 | 1982-03-24 | 4150 | NULL |     30 |       3 | INTERVAL     | sales@2017 | NULL       |        1 |     50 | HR         | PUNE     | PUN@8877   | 22/12/1989 |
|  7919 | HOFFMAN  | M      | MANAGER             | 7566 | 1982-03-24 | 4150 | NULL |     30 |       3 | INTERVAL     | sales@2017 | NULL       |        1 |     40 | OPERATIONS | BOSTON   | opr@123    | 12/07/1989 |
|  7919 | HOFFMAN  | M      | MANAGER             | 7566 | 1982-03-24 | 4150 | NULL |     30 |       3 | INTERVAL     | sales@2017 | NULL       |        1 |     30 | SALES      | CHICAGO  | sales@2017 | 13/04/1989 |
|  7919 | HOFFMAN  | M      | MANAGER             | 7566 | 1982-03-24 | 4150 | NULL |     30 |       3 | INTERVAL     | sales@2017 | NULL       |        1 |     20 | RESEARCH   | DALLAS   | a12recmpm  | 12/04/1989 |
|  7919 | HOFFMAN  | M      | MANAGER             | 7566 | 1982-03-24 | 4150 | NULL |     30 |       3 | INTERVAL     | sales@2017 | NULL       |        1 |     10 | ACCOUNTING | NEW YORK | r50mpm     | 24/03/1989 |
|  7920 | GRASS    | M      | SALESMAN            | 7919 | 1980-02-14 | 2575 | 2700 |     30 |       5 | GRASS        | sales@2017 | NULL       |        1 |     50 | HR         | PUNE     | PUN@8877   | 22/12/1989 |
|  7920 | GRASS    | M      | SALESMAN            | 7919 | 1980-02-14 | 2575 | 2700 |     30 |       5 | GRASS        | sales@2017 | NULL       |        1 |     40 | OPERATIONS | BOSTON   | opr@123    | 12/07/1989 |
|  7920 | GRASS    | M      | SALESMAN            | 7919 | 1980-02-14 | 2575 | 2700 |     30 |       5 | GRASS        | sales@2017 | NULL       |        1 |     30 | SALES      | CHICAGO  | sales@2017 | 13/04/1989 |
|  7920 | GRASS    | M      | SALESMAN            | 7919 | 1980-02-14 | 2575 | 2700 |     30 |       5 | GRASS        | sales@2017 | NULL       |        1 |     20 | RESEARCH   | DALLAS   | a12recmpm  | 12/04/1989 |
|  7920 | GRASS    | M      | SALESMAN            | 7919 | 1980-02-14 | 2575 | 2700 |     30 |       5 | GRASS        | sales@2017 | NULL       |        1 |     10 | ACCOUNTING | NEW YORK | r50mpm     | 24/03/1989 |
|  7934 | MILLER   | M      | CLERK               | 7782 | 1982-01-23 | 1300 | NULL |     10 |       2 | QUARTERNOTE  | r50mpm     | 7132300055 |        0 |     50 | HR         | PUNE     | PUN@8877   | 22/12/1989 |
|  7934 | MILLER   | M      | CLERK               | 7782 | 1982-01-23 | 1300 | NULL |     10 |       2 | QUARTERNOTE  | r50mpm     | 7132300055 |        0 |     40 | OPERATIONS | BOSTON   | opr@123    | 12/07/1989 |
|  7934 | MILLER   | M      | CLERK               | 7782 | 1982-01-23 | 1300 | NULL |     10 |       2 | QUARTERNOTE  | r50mpm     | 7132300055 |        0 |     30 | SALES      | CHICAGO  | sales@2017 | 13/04/1989 |
|  7934 | MILLER   | M      | CLERK               | 7782 | 1982-01-23 | 1300 | NULL |     10 |       2 | QUARTERNOTE  | r50mpm     | 7132300055 |        0 |     20 | RESEARCH   | DALLAS   | a12recmpm  | 12/04/1989 |
|  7934 | MILLER   | M      | CLERK               | 7782 | 1982-01-23 | 1300 | NULL |     10 |       2 | QUARTERNOTE  | r50mpm     | 7132300055 |        0 |     10 | ACCOUNTING | NEW YORK | r50mpm     | 24/03/1989 |
|  7945 | AARUSH   | M      | SALESMAN            | 7902 | 1980-02-14 | 1350 | 2700 |     30 |    NULL | AARUSH       | ABCDEF     | NULL       |        0 |     50 | HR         | PUNE     | PUN@8877   | 22/12/1989 |
|  7945 | AARUSH   | M      | SALESMAN            | 7902 | 1980-02-14 | 1350 | 2700 |     30 |    NULL | AARUSH       | ABCDEF     | NULL       |        0 |     40 | OPERATIONS | BOSTON   | opr@123    | 12/07/1989 |
|  7945 | AARUSH   | M      | SALESMAN            | 7902 | 1980-02-14 | 1350 | 2700 |     30 |    NULL | AARUSH       | ABCDEF     | NULL       |        0 |     30 | SALES      | CHICAGO  | sales@2017 | 13/04/1989 |
|  7945 | AARUSH   | M      | SALESMAN            | 7902 | 1980-02-14 | 1350 | 2700 |     30 |    NULL | AARUSH       | ABCDEF     | NULL       |        0 |     20 | RESEARCH   | DALLAS   | a12recmpm  | 12/04/1989 |
|  7945 | AARUSH   | M      | SALESMAN            | 7902 | 1980-02-14 | 1350 | 2700 |     30 |    NULL | AARUSH       | ABCDEF     | NULL       |        0 |     10 | ACCOUNTING | NEW YORK | r50mpm     | 24/03/1989 |
|  7949 | ALEX     | M      | MANAGER             | 7698 | 1982-01-24 | 1250 |  500 |     30 |       5 | QUARTERREST  | sales@2017 | 7156567183 |        1 |     50 | HR         | PUNE     | PUN@8877   | 22/12/1989 |
|  7949 | ALEX     | M      | MANAGER             | 7698 | 1982-01-24 | 1250 |  500 |     30 |       5 | QUARTERREST  | sales@2017 | 7156567183 |        1 |     40 | OPERATIONS | BOSTON   | opr@123    | 12/07/1989 |
|  7949 | ALEX     | M      | MANAGER             | 7698 | 1982-01-24 | 1250 |  500 |     30 |       5 | QUARTERREST  | sales@2017 | 7156567183 |        1 |     30 | SALES      | CHICAGO  | sales@2017 | 13/04/1989 |
|  7949 | ALEX     | M      | MANAGER             | 7698 | 1982-01-24 | 1250 |  500 |     30 |       5 | QUARTERREST  | sales@2017 | 7156567183 |        1 |     20 | RESEARCH   | DALLAS   | a12recmpm  | 12/04/1989 |
|  7949 | ALEX     | M      | MANAGER             | 7698 | 1982-01-24 | 1250 |  500 |     30 |       5 | QUARTERREST  | sales@2017 | 7156567183 |        1 |     10 | ACCOUNTING | NEW YORK | r50mpm     | 24/03/1989 |
|  8433 | NATASHA  | F      | CLERK               | 7920 | 1981-07-19 | 1750 | NULL |     30 |       1 | NATASHA      | sales@2017 | NULL       |        1 |     50 | HR         | PUNE     | PUN@8877   | 22/12/1989 |
|  8433 | NATASHA  | F      | CLERK               | 7920 | 1981-07-19 | 1750 | NULL |     30 |       1 | NATASHA      | sales@2017 | NULL       |        1 |     40 | OPERATIONS | BOSTON   | opr@123    | 12/07/1989 |
|  8433 | NATASHA  | F      | CLERK               | 7920 | 1981-07-19 | 1750 | NULL |     30 |       1 | NATASHA      | sales@2017 | NULL       |        1 |     30 | SALES      | CHICAGO  | sales@2017 | 13/04/1989 |
|  8433 | NATASHA  | F      | CLERK               | 7920 | 1981-07-19 | 1750 | NULL |     30 |       1 | NATASHA      | sales@2017 | NULL       |        1 |     20 | RESEARCH   | DALLAS   | a12recmpm  | 12/04/1989 |
|  8433 | NATASHA  | F      | CLERK               | 7920 | 1981-07-19 | 1750 | NULL |     30 |       1 | NATASHA      | sales@2017 | NULL       |        1 |     10 | ACCOUNTING | NEW YORK | r50mpm     | 24/03/1989 |
|  9400 | SANGITA  | F      | Compliance officers | 7920 | 1981-07-19 | 1750 | NULL |     50 |       1 | SANGITA      | NULL       | NULL       |        1 |     50 | HR         | PUNE     | PUN@8877   | 22/12/1989 |
|  9400 | SANGITA  | F      | Compliance officers | 7920 | 1981-07-19 | 1750 | NULL |     50 |       1 | SANGITA      | NULL       | NULL       |        1 |     40 | OPERATIONS | BOSTON   | opr@123    | 12/07/1989 |
|  9400 | SANGITA  | F      | Compliance officers | 7920 | 1981-07-19 | 1750 | NULL |     50 |       1 | SANGITA      | NULL       | NULL       |        1 |     30 | SALES      | CHICAGO  | sales@2017 | 13/04/1989 |
|  9400 | SANGITA  | F      | Compliance officers | 7920 | 1981-07-19 | 1750 | NULL |     50 |       1 | SANGITA      | NULL       | NULL       |        1 |     20 | RESEARCH   | DALLAS   | a12recmpm  | 12/04/1989 |
|  9400 | SANGITA  | F      | Compliance officers | 7920 | 1981-07-19 | 1750 | NULL |     50 |       1 | SANGITA      | NULL       | NULL       |        1 |     10 | ACCOUNTING | NEW YORK | r50mpm     | 24/03/1989 |
|  9473 | SUPRIYA  | F      | ANALYST             | 7920 | 1981-07-19 | 1750 | NULL |     50 |       1 | SUPRIYA      | XYZ@1234   | NULL       |        1 |     50 | HR         | PUNE     | PUN@8877   | 22/12/1989 |
|  9473 | SUPRIYA  | F      | ANALYST             | 7920 | 1981-07-19 | 1750 | NULL |     50 |       1 | SUPRIYA      | XYZ@1234   | NULL       |        1 |     40 | OPERATIONS | BOSTON   | opr@123    | 12/07/1989 |
|  9473 | SUPRIYA  | F      | ANALYST             | 7920 | 1981-07-19 | 1750 | NULL |     50 |       1 | SUPRIYA      | XYZ@1234   | NULL       |        1 |     30 | SALES      | CHICAGO  | sales@2017 | 13/04/1989 |
|  9473 | SUPRIYA  | F      | ANALYST             | 7920 | 1981-07-19 | 1750 | NULL |     50 |       1 | SUPRIYA      | XYZ@1234   | NULL       |        1 |     20 | RESEARCH   | DALLAS   | a12recmpm  | 12/04/1989 |
|  9473 | SUPRIYA  | F      | ANALYST             | 7920 | 1981-07-19 | 1750 | NULL |     50 |       1 | SUPRIYA      | XYZ@1234   | NULL       |        1 |     10 | ACCOUNTING | NEW YORK | r50mpm     | 24/03/1989 |
+-------+----------+--------+---------------------+------+------------+------+------+--------+---------+--------------+------------+------------+----------+--------+------------+----------+------------+------------+
140 rows in set (0.03 sec)

mysql> select * from emp inner join dept on dept.deptno=emp.deptno;
+-------+----------+--------+---------------------+------+------------+------+------+--------+---------+--------------+------------+------------+----------+--------+------------+----------+------------+------------+
| EMPNO | ENAME    | GENDER | JOB                 | MGR  | HIREDATE   | SAL  | COMM | DEPTNO | BONUSID | USER NAME    | PWD        | PHONE      | isActive | DEPTNO | DNAME      | LOC      | PWD        | STARTEDON  |
+-------+----------+--------+---------------------+------+------------+------+------+--------+---------+--------------+------------+------------+----------+--------+------------+----------+------------+------------+
|  7415 | AARAV    | M      | CLERK               | 7902 | 1981-12-31 | 3350 | NULL |     10 |    NULL | AARAV        | NULL       | 7032300084 |        0 |     10 | ACCOUNTING | NEW YORK | r50mpm     | 24/03/1989 |
|  7421 | THOMAS   | M      | CLERK               | 7920 | 1981-07-19 | 1750 | NULL |     10 |       1 | THOMAS       | r50mpm     | 7032300011 |        0 |     10 | ACCOUNTING | NEW YORK | r50mpm     | 24/03/1989 |
|  7782 | CLARK    | M      | MANAGER             | 7839 | 1981-06-09 | 2450 | NULL |     10 |       3 | CLARK        | r50mpm     | 7032300001 |        1 |     10 | ACCOUNTING | NEW YORK | r50mpm     | 24/03/1989 |
|  7839 | KING     | M      | PRESIDENT           | NULL | 1981-11-17 | 5000 | NULL |     10 |       1 | KING         | r50mpm     | 7132300081 |        1 |     10 | ACCOUNTING | NEW YORK | r50mpm     | 24/03/1989 |
|  7934 | MILLER   | M      | CLERK               | 7782 | 1982-01-23 | 1300 | NULL |     10 |       2 | QUARTERNOTE  | r50mpm     | 7132300055 |        0 |     10 | ACCOUNTING | NEW YORK | r50mpm     | 24/03/1989 |
|  6473 | SHARMIN  | F      | Public Relation     | 7920 | 1981-07-19 | 1750 | NULL |     20 |       1 | SHARMIN      | a12recmpm  | NULL       |        1 |     20 | RESEARCH   | DALLAS   | a12recmpm  | 12/04/1989 |
|  6781 | BANDISH  | F      | Public Relation     | 7920 | 1981-07-19 | 1750 | NULL |     20 |       1 | BANDISH      | a12recmpm  | NULL       |        1 |     20 | RESEARCH   | DALLAS   | a12recmpm  | 12/04/1989 |
|  7369 | SMITH    | M      | CLERK               | 7902 | 1980-12-17 |  800 | NULL |     20 |       2 | TRITONE      | a12recmpm  | 7032300023 |        0 |     20 | RESEARCH   | DALLAS   | a12recmpm  | 12/04/1989 |
|  7566 | JONES    | M      | MANAGER             | 7839 | 1981-04-02 | 2975 | NULL |     20 |       4 | HONEYCOMB    | a12recmpm  | 7132300039 |        1 |     20 | RESEARCH   | DALLAS   | a12recmpm  | 12/04/1989 |
|  7788 | SCOTT    | M      | ANALYST             | 7566 | 1982-12-09 | 3000 | NULL |     20 |       3 | WHITE SAND   | a12recmpm  | NULL       |        1 |     20 | RESEARCH   | DALLAS   | a12recmpm  | 12/04/1989 |
|  7840 | FRED     | M      | vice PRESIDENT      | 7839 | 1983-08-09 | 5000 | NULL |     20 |       1 | SAND STONE   | a12recmpm  | NULL       |        1 |     20 | RESEARCH   | DALLAS   | a12recmpm  | 12/04/1989 |
|  7876 | ADAMS    | M      | CLERK               | 7788 | 1983-01-12 | 1100 | NULL |     20 |       1 | CRAZY ANYONE | a12recmpm  | 7132300086 |        1 |     20 | RESEARCH   | DALLAS   | a12recmpm  | 12/04/1989 |
|  7902 | FORD     | M      | ANALYST             | 7566 | 1981-12-03 | 3000 | NULL |     20 |       4 | CONBRIO      | a12recmpm  | NULL       |        0 |     20 | RESEARCH   | DALLAS   | a12recmpm  | 12/04/1989 |
|  6001 | GITA     | F      | Compliance officers | 7920 | 1981-07-19 | 1750 | NULL |     30 |       1 | GITA         | sales@2017 | NULL       |        1 |     30 | SALES      | CHICAGO  | sales@2017 | 13/04/1989 |
|  7499 | ALLEN    | M      | SALESMAN            | 7698 | 1981-02-20 | 1600 |  300 |     30 |       4 | ALWAYS TESTE | sales@2017 | 7032300096 |        1 |     30 | SALES      | CHICAGO  | sales@2017 | 13/04/1989 |
|  7521 | WARD     | M      | SALESMAN            | 7698 | 1981-02-22 | 1250 |  500 |     30 |       1 | WARD         | sales@2017 | 7132300034 |        1 |     30 | SALES      | CHICAGO  | sales@2017 | 13/04/1989 |
|  7654 | MARTIN   | M      | SALESMAN            | 7698 | 1981-09-28 | 1250 | 1400 |     30 |       6 | LIFE RACER   | sales@2017 | 7132300050 |        1 |     30 | SALES      | CHICAGO  | sales@2017 | 13/04/1989 |
|  7698 | BLAKE    | M      | MANAGER             | 7839 | 1981-05-01 | 2850 | NULL |     30 |       1 | BIG BEN      | sales@2017 | 7132300027 |        1 |     30 | SALES      | CHICAGO  | sales@2017 | 13/04/1989 |
|  7844 | TURNER   | M      | SALESMAN            | 7698 | 1981-09-08 | 1500 |    0 |     30 |       5 | SAND DUST    | sales@2017 | NULL       |        1 |     30 | SALES      | CHICAGO  | sales@2017 | 13/04/1989 |
|  7900 | JAMES    | M      | CLERK               | 7698 | 1981-12-03 |  950 | NULL |     30 |       2 | CRAZY LEADER | sales@2017 | 7132300042 |        1 |     30 | SALES      | CHICAGO  | sales@2017 | 13/04/1989 |
|  7919 | HOFFMAN  | M      | MANAGER             | 7566 | 1982-03-24 | 4150 | NULL |     30 |       3 | INTERVAL     | sales@2017 | NULL       |        1 |     30 | SALES      | CHICAGO  | sales@2017 | 13/04/1989 |
|  7920 | GRASS    | M      | SALESMAN            | 7919 | 1980-02-14 | 2575 | 2700 |     30 |       5 | GRASS        | sales@2017 | NULL       |        1 |     30 | SALES      | CHICAGO  | sales@2017 | 13/04/1989 |
|  7945 | AARUSH   | M      | SALESMAN            | 7902 | 1980-02-14 | 1350 | 2700 |     30 |    NULL | AARUSH       | ABCDEF     | NULL       |        0 |     30 | SALES      | CHICAGO  | sales@2017 | 13/04/1989 |
|  7949 | ALEX     | M      | MANAGER             | 7698 | 1982-01-24 | 1250 |  500 |     30 |       5 | QUARTERREST  | sales@2017 | 7156567183 |        1 |     30 | SALES      | CHICAGO  | sales@2017 | 13/04/1989 |
|  8433 | NATASHA  | F      | CLERK               | 7920 | 1981-07-19 | 1750 | NULL |     30 |       1 | NATASHA      | sales@2017 | NULL       |        1 |     30 | SALES      | CHICAGO  | sales@2017 | 13/04/1989 |
|  6129 | VRUSHALI | F      | Compliance officers | 7920 | 1981-07-19 | 1750 | NULL |     50 |       1 | VRUSHALI     | PUN@8877   | NULL       |        1 |     50 | HR         | PUNE     | PUN@8877   | 22/12/1989 |
|  9400 | SANGITA  | F      | Compliance officers | 7920 | 1981-07-19 | 1750 | NULL |     50 |       1 | SANGITA      | NULL       | NULL       |        1 |     50 | HR         | PUNE     | PUN@8877   | 22/12/1989 |
|  9473 | SUPRIYA  | F      | ANALYST             | 7920 | 1981-07-19 | 1750 | NULL |     50 |       1 | SUPRIYA      | XYZ@1234   | NULL       |        1 |     50 | HR         | PUNE     | PUN@8877   | 22/12/1989 |
+-------+----------+--------+---------------------+------+------------+------+------+--------+---------+--------------+------------+------------+----------+--------+------------+----------+------------+------------+
28 rows in set (0.01 sec)

mysql> select * from emp inner join dept on dept.deptno=emp.deptno;
+-------+----------+--------+---------------------+------+------------+------+------+--------+---------+--------------+------------+------------+----------+--------+------------+----------+------------+------------+
| EMPNO | ENAME    | GENDER | JOB                 | MGR  | HIREDATE   | SAL  | COMM | DEPTNO | BONUSID | USER NAME    | PWD        | PHONE      | isActive | DEPTNO | DNAME      | LOC      | PWD        | STARTEDON  |
+-------+----------+--------+---------------------+------+------------+------+------+--------+---------+--------------+------------+------------+----------+--------+------------+----------+------------+------------+
|  7415 | AARAV    | M      | CLERK               | 7902 | 1981-12-31 | 3350 | NULL |     10 |    NULL | AARAV        | NULL       | 7032300084 |        0 |     10 | ACCOUNTING | NEW YORK | r50mpm     | 24/03/1989 |
|  7421 | THOMAS   | M      | CLERK               | 7920 | 1981-07-19 | 1750 | NULL |     10 |       1 | THOMAS       | r50mpm     | 7032300011 |        0 |     10 | ACCOUNTING | NEW YORK | r50mpm     | 24/03/1989 |
|  7782 | CLARK    | M      | MANAGER             | 7839 | 1981-06-09 | 2450 | NULL |     10 |       3 | CLARK        | r50mpm     | 7032300001 |        1 |     10 | ACCOUNTING | NEW YORK | r50mpm     | 24/03/1989 |
|  7839 | KING     | M      | PRESIDENT           | NULL | 1981-11-17 | 5000 | NULL |     10 |       1 | KING         | r50mpm     | 7132300081 |        1 |     10 | ACCOUNTING | NEW YORK | r50mpm     | 24/03/1989 |
|  7934 | MILLER   | M      | CLERK               | 7782 | 1982-01-23 | 1300 | NULL |     10 |       2 | QUARTERNOTE  | r50mpm     | 7132300055 |        0 |     10 | ACCOUNTING | NEW YORK | r50mpm     | 24/03/1989 |
|  6473 | SHARMIN  | F      | Public Relation     | 7920 | 1981-07-19 | 1750 | NULL |     20 |       1 | SHARMIN      | a12recmpm  | NULL       |        1 |     20 | RESEARCH   | DALLAS   | a12recmpm  | 12/04/1989 |
|  6781 | BANDISH  | F      | Public Relation     | 7920 | 1981-07-19 | 1750 | NULL |     20 |       1 | BANDISH      | a12recmpm  | NULL       |        1 |     20 | RESEARCH   | DALLAS   | a12recmpm  | 12/04/1989 |
|  7369 | SMITH    | M      | CLERK               | 7902 | 1980-12-17 |  800 | NULL |     20 |       2 | TRITONE      | a12recmpm  | 7032300023 |        0 |     20 | RESEARCH   | DALLAS   | a12recmpm  | 12/04/1989 |
|  7566 | JONES    | M      | MANAGER             | 7839 | 1981-04-02 | 2975 | NULL |     20 |       4 | HONEYCOMB    | a12recmpm  | 7132300039 |        1 |     20 | RESEARCH   | DALLAS   | a12recmpm  | 12/04/1989 |
|  7788 | SCOTT    | M      | ANALYST             | 7566 | 1982-12-09 | 3000 | NULL |     20 |       3 | WHITE SAND   | a12recmpm  | NULL       |        1 |     20 | RESEARCH   | DALLAS   | a12recmpm  | 12/04/1989 |
|  7840 | FRED     | M      | vice PRESIDENT      | 7839 | 1983-08-09 | 5000 | NULL |     20 |       1 | SAND STONE   | a12recmpm  | NULL       |        1 |     20 | RESEARCH   | DALLAS   | a12recmpm  | 12/04/1989 |
|  7876 | ADAMS    | M      | CLERK               | 7788 | 1983-01-12 | 1100 | NULL |     20 |       1 | CRAZY ANYONE | a12recmpm  | 7132300086 |        1 |     20 | RESEARCH   | DALLAS   | a12recmpm  | 12/04/1989 |
|  7902 | FORD     | M      | ANALYST             | 7566 | 1981-12-03 | 3000 | NULL |     20 |       4 | CONBRIO      | a12recmpm  | NULL       |        0 |     20 | RESEARCH   | DALLAS   | a12recmpm  | 12/04/1989 |
|  6001 | GITA     | F      | Compliance officers | 7920 | 1981-07-19 | 1750 | NULL |     30 |       1 | GITA         | sales@2017 | NULL       |        1 |     30 | SALES      | CHICAGO  | sales@2017 | 13/04/1989 |
|  7499 | ALLEN    | M      | SALESMAN            | 7698 | 1981-02-20 | 1600 |  300 |     30 |       4 | ALWAYS TESTE | sales@2017 | 7032300096 |        1 |     30 | SALES      | CHICAGO  | sales@2017 | 13/04/1989 |
|  7521 | WARD     | M      | SALESMAN            | 7698 | 1981-02-22 | 1250 |  500 |     30 |       1 | WARD         | sales@2017 | 7132300034 |        1 |     30 | SALES      | CHICAGO  | sales@2017 | 13/04/1989 |
|  7654 | MARTIN   | M      | SALESMAN            | 7698 | 1981-09-28 | 1250 | 1400 |     30 |       6 | LIFE RACER   | sales@2017 | 7132300050 |        1 |     30 | SALES      | CHICAGO  | sales@2017 | 13/04/1989 |
|  7698 | BLAKE    | M      | MANAGER             | 7839 | 1981-05-01 | 2850 | NULL |     30 |       1 | BIG BEN      | sales@2017 | 7132300027 |        1 |     30 | SALES      | CHICAGO  | sales@2017 | 13/04/1989 |
|  7844 | TURNER   | M      | SALESMAN            | 7698 | 1981-09-08 | 1500 |    0 |     30 |       5 | SAND DUST    | sales@2017 | NULL       |        1 |     30 | SALES      | CHICAGO  | sales@2017 | 13/04/1989 |
|  7900 | JAMES    | M      | CLERK               | 7698 | 1981-12-03 |  950 | NULL |     30 |       2 | CRAZY LEADER | sales@2017 | 7132300042 |        1 |     30 | SALES      | CHICAGO  | sales@2017 | 13/04/1989 |
|  7919 | HOFFMAN  | M      | MANAGER             | 7566 | 1982-03-24 | 4150 | NULL |     30 |       3 | INTERVAL     | sales@2017 | NULL       |        1 |     30 | SALES      | CHICAGO  | sales@2017 | 13/04/1989 |
|  7920 | GRASS    | M      | SALESMAN            | 7919 | 1980-02-14 | 2575 | 2700 |     30 |       5 | GRASS        | sales@2017 | NULL       |        1 |     30 | SALES      | CHICAGO  | sales@2017 | 13/04/1989 |
|  7945 | AARUSH   | M      | SALESMAN            | 7902 | 1980-02-14 | 1350 | 2700 |     30 |    NULL | AARUSH       | ABCDEF     | NULL       |        0 |     30 | SALES      | CHICAGO  | sales@2017 | 13/04/1989 |
|  7949 | ALEX     | M      | MANAGER             | 7698 | 1982-01-24 | 1250 |  500 |     30 |       5 | QUARTERREST  | sales@2017 | 7156567183 |        1 |     30 | SALES      | CHICAGO  | sales@2017 | 13/04/1989 |
|  8433 | NATASHA  | F      | CLERK               | 7920 | 1981-07-19 | 1750 | NULL |     30 |       1 | NATASHA      | sales@2017 | NULL       |        1 |     30 | SALES      | CHICAGO  | sales@2017 | 13/04/1989 |
|  6129 | VRUSHALI | F      | Compliance officers | 7920 | 1981-07-19 | 1750 | NULL |     50 |       1 | VRUSHALI     | PUN@8877   | NULL       |        1 |     50 | HR         | PUNE     | PUN@8877   | 22/12/1989 |
|  9400 | SANGITA  | F      | Compliance officers | 7920 | 1981-07-19 | 1750 | NULL |     50 |       1 | SANGITA      | NULL       | NULL       |        1 |     50 | HR         | PUNE     | PUN@8877   | 22/12/1989 |
|  9473 | SUPRIYA  | F      | ANALYST             | 7920 | 1981-07-19 | 1750 | NULL |     50 |       1 | SUPRIYA      | XYZ@1234   | NULL       |        1 |     50 | HR         | PUNE     | PUN@8877   | 22/12/1989 |
+-------+----------+--------+---------------------+------+------------+------+------+--------+---------+--------------+------------+------------+----------+--------+------------+----------+------------+------------+
28 rows in set (0.00 sec)

mysql> select ename,emp.deptno,dept.deptno,dname from dept left outer join emp on emp.deptno=dept.deptno;
+----------+--------+--------+------------+
| ename    | deptno | deptno | dname      |
+----------+--------+--------+------------+
| AARAV    |     10 |     10 | ACCOUNTING |
| THOMAS   |     10 |     10 | ACCOUNTING |
| CLARK    |     10 |     10 | ACCOUNTING |
| KING     |     10 |     10 | ACCOUNTING |
| MILLER   |     10 |     10 | ACCOUNTING |
| SHARMIN  |     20 |     20 | RESEARCH   |
| BANDISH  |     20 |     20 | RESEARCH   |
| SMITH    |     20 |     20 | RESEARCH   |
| JONES    |     20 |     20 | RESEARCH   |
| SCOTT    |     20 |     20 | RESEARCH   |
| FRED     |     20 |     20 | RESEARCH   |
| ADAMS    |     20 |     20 | RESEARCH   |
| FORD     |     20 |     20 | RESEARCH   |
| GITA     |     30 |     30 | SALES      |
| ALLEN    |     30 |     30 | SALES      |
| WARD     |     30 |     30 | SALES      |
| MARTIN   |     30 |     30 | SALES      |
| BLAKE    |     30 |     30 | SALES      |
| TURNER   |     30 |     30 | SALES      |
| JAMES    |     30 |     30 | SALES      |
| HOFFMAN  |     30 |     30 | SALES      |
| GRASS    |     30 |     30 | SALES      |
| AARUSH   |     30 |     30 | SALES      |
| ALEX     |     30 |     30 | SALES      |
| NATASHA  |     30 |     30 | SALES      |
| NULL     |   NULL |     40 | OPERATIONS |
| VRUSHALI |     50 |     50 | HR         |
| SANGITA  |     50 |     50 | HR         |
| SUPRIYA  |     50 |     50 | HR         |
+----------+--------+--------+------------+
29 rows in set (0.00 sec)

mysql> select ename,emp.deptno,dept.deptno,dname from emp left outer join dept on emp.deptno=dept.deptno;
+----------+--------+--------+------------+
| ename    | deptno | deptno | dname      |
+----------+--------+--------+------------+
| GITA     |     30 |     30 | SALES      |
| VRUSHALI |     50 |     50 | HR         |
| SHARMIN  |     20 |     20 | RESEARCH   |
| BANDISH  |     20 |     20 | RESEARCH   |
| SMITH    |     20 |     20 | RESEARCH   |
| AARAV    |     10 |     10 | ACCOUNTING |
| THOMAS   |     10 |     10 | ACCOUNTING |
| ALLEN    |     30 |     30 | SALES      |
| WARD     |     30 |     30 | SALES      |
| JONES    |     20 |     20 | RESEARCH   |
| MARTIN   |     30 |     30 | SALES      |
| BLAKE    |     30 |     30 | SALES      |
| CLARK    |     10 |     10 | ACCOUNTING |
| SCOTT    |     20 |     20 | RESEARCH   |
| KING     |     10 |     10 | ACCOUNTING |
| FRED     |     20 |     20 | RESEARCH   |
| TURNER   |     30 |     30 | SALES      |
| ADAMS    |     20 |     20 | RESEARCH   |
| JAMES    |     30 |     30 | SALES      |
| FORD     |     20 |     20 | RESEARCH   |
| HOFFMAN  |     30 |     30 | SALES      |
| GRASS    |     30 |     30 | SALES      |
| MILLER   |     10 |     10 | ACCOUNTING |
| AARUSH   |     30 |     30 | SALES      |
| ALEX     |     30 |     30 | SALES      |
| NATASHA  |     30 |     30 | SALES      |
| SANGITA  |     50 |     50 | HR         |
| SUPRIYA  |     50 |     50 | HR         |
+----------+--------+--------+------------+
28 rows in set (0.00 sec)

mysql> select ename,emp.deptno,dept.deptno,dname from emp right outer join dept on emp.deptno=dept.deptno;
+----------+--------+--------+------------+
| ename    | deptno | deptno | dname      |
+----------+--------+--------+------------+
| AARAV    |     10 |     10 | ACCOUNTING |
| THOMAS   |     10 |     10 | ACCOUNTING |
| CLARK    |     10 |     10 | ACCOUNTING |
| KING     |     10 |     10 | ACCOUNTING |
| MILLER   |     10 |     10 | ACCOUNTING |
| SHARMIN  |     20 |     20 | RESEARCH   |
| BANDISH  |     20 |     20 | RESEARCH   |
| SMITH    |     20 |     20 | RESEARCH   |
| JONES    |     20 |     20 | RESEARCH   |
| SCOTT    |     20 |     20 | RESEARCH   |
| FRED     |     20 |     20 | RESEARCH   |
| ADAMS    |     20 |     20 | RESEARCH   |
| FORD     |     20 |     20 | RESEARCH   |
| GITA     |     30 |     30 | SALES      |
| ALLEN    |     30 |     30 | SALES      |
| WARD     |     30 |     30 | SALES      |
| MARTIN   |     30 |     30 | SALES      |
| BLAKE    |     30 |     30 | SALES      |
| TURNER   |     30 |     30 | SALES      |
| JAMES    |     30 |     30 | SALES      |
| HOFFMAN  |     30 |     30 | SALES      |
| GRASS    |     30 |     30 | SALES      |
| AARUSH   |     30 |     30 | SALES      |
| ALEX     |     30 |     30 | SALES      |
| NATASHA  |     30 |     30 | SALES      |
| NULL     |   NULL |     40 | OPERATIONS |
| VRUSHALI |     50 |     50 | HR         |
| SANGITA  |     50 |     50 | HR         |
| SUPRIYA  |     50 |     50 | HR         |
+----------+--------+--------+------------+
29 rows in set (0.00 sec)

mysql> select ename,emp.deptno,dept.deptno,dname from dept right outer join emp on emp.deptno=dept.deptno;
+----------+--------+--------+------------+
| ename    | deptno | deptno | dname      |
+----------+--------+--------+------------+
| GITA     |     30 |     30 | SALES      |
| VRUSHALI |     50 |     50 | HR         |
| SHARMIN  |     20 |     20 | RESEARCH   |
| BANDISH  |     20 |     20 | RESEARCH   |
| SMITH    |     20 |     20 | RESEARCH   |
| AARAV    |     10 |     10 | ACCOUNTING |
| THOMAS   |     10 |     10 | ACCOUNTING |
| ALLEN    |     30 |     30 | SALES      |
| WARD     |     30 |     30 | SALES      |
| JONES    |     20 |     20 | RESEARCH   |
| MARTIN   |     30 |     30 | SALES      |
| BLAKE    |     30 |     30 | SALES      |
| CLARK    |     10 |     10 | ACCOUNTING |
| SCOTT    |     20 |     20 | RESEARCH   |
| KING     |     10 |     10 | ACCOUNTING |
| FRED     |     20 |     20 | RESEARCH   |
| TURNER   |     30 |     30 | SALES      |
| ADAMS    |     20 |     20 | RESEARCH   |
| JAMES    |     30 |     30 | SALES      |
| FORD     |     20 |     20 | RESEARCH   |
| HOFFMAN  |     30 |     30 | SALES      |
| GRASS    |     30 |     30 | SALES      |
| MILLER   |     10 |     10 | ACCOUNTING |
| AARUSH   |     30 |     30 | SALES      |
| ALEX     |     30 |     30 | SALES      |
| NATASHA  |     30 |     30 | SALES      |
| SANGITA  |     50 |     50 | HR         |
| SUPRIYA  |     50 |     50 | HR         |
+----------+--------+--------+------------+
28 rows in set (0.00 sec)

mysql> select ename,emp.deptno,dept.deptno,dname from dept right outer join emp on emp.deptno=dept.deptno;
+----------+--------+--------+------------+
| ename    | deptno | deptno | dname      |
+----------+--------+--------+------------+
| GITA     |     30 |     30 | SALES      |
| VRUSHALI |     50 |     50 | HR         |
| SHARMIN  |     20 |     20 | RESEARCH   |
| BANDISH  |     20 |     20 | RESEARCH   |
| SMITH    |     20 |     20 | RESEARCH   |
| AARAV    |     10 |     10 | ACCOUNTING |
| THOMAS   |     10 |     10 | ACCOUNTING |
| ALLEN    |     30 |     30 | SALES      |
| WARD     |     30 |     30 | SALES      |
| JONES    |     20 |     20 | RESEARCH   |
| MARTIN   |     30 |     30 | SALES      |
| BLAKE    |     30 |     30 | SALES      |
| CLARK    |     10 |     10 | ACCOUNTING |
| SCOTT    |     20 |     20 | RESEARCH   |
| KING     |     10 |     10 | ACCOUNTING |
| FRED     |     20 |     20 | RESEARCH   |
| TURNER   |     30 |     30 | SALES      |
| ADAMS    |     20 |     20 | RESEARCH   |
| JAMES    |     30 |     30 | SALES      |
| FORD     |     20 |     20 | RESEARCH   |
| HOFFMAN  |     30 |     30 | SALES      |
| GRASS    |     30 |     30 | SALES      |
| MILLER   |     10 |     10 | ACCOUNTING |
| AARUSH   |     30 |     30 | SALES      |
| ALEX     |     30 |     30 | SALES      |
| NATASHA  |     30 |     30 | SALES      |
| SANGITA  |     50 |     50 | HR         |
| SUPRIYA  |     50 |     50 | HR         |
+----------+--------+--------+------------+
28 rows in set (0.00 sec)

mysql> select ename,deptno from emp natural join (select dname,deptno from dept) R1;
+----------+--------+
| ename    | deptno |
+----------+--------+
| AARAV    |     10 |
| THOMAS   |     10 |
| CLARK    |     10 |
| KING     |     10 |
| MILLER   |     10 |
| SHARMIN  |     20 |
| BANDISH  |     20 |
| SMITH    |     20 |
| JONES    |     20 |
| SCOTT    |     20 |
| FRED     |     20 |
| ADAMS    |     20 |
| FORD     |     20 |
| GITA     |     30 |
| ALLEN    |     30 |
| WARD     |     30 |
| MARTIN   |     30 |
| BLAKE    |     30 |
| TURNER   |     30 |
| JAMES    |     30 |
| HOFFMAN  |     30 |
| GRASS    |     30 |
| AARUSH   |     30 |
| ALEX     |     30 |
| NATASHA  |     30 |
| VRUSHALI |     50 |
| SANGITA  |     50 |
| SUPRIYA  |     50 |
+----------+--------+
28 rows in set (0.00 sec)

mysql> select e.ename EmployeeName,m.ename ManagerName from emp e,emp m;
+--------------+-------------+
| EmployeeName | ManagerName |
+--------------+-------------+
| SUPRIYA      | GITA        |
| SANGITA      | GITA        |
| NATASHA      | GITA        |
| ALEX         | GITA        |
| AARUSH       | GITA        |
| MILLER       | GITA        |
| GRASS        | GITA        |
| HOFFMAN      | GITA        |
| FORD         | GITA        |
| JAMES        | GITA        |
| ADAMS        | GITA        |
| TURNER       | GITA        |
| FRED         | GITA        |
| KING         | GITA        |
| SCOTT        | GITA        |
| CLARK        | GITA        |
| BLAKE        | GITA        |
| MARTIN       | GITA        |
| JONES        | GITA        |
| WARD         | GITA        |
| ALLEN        | GITA        |
| THOMAS       | GITA        |
| AARAV        | GITA        |
| SMITH        | GITA        |
| BANDISH      | GITA        |
| SHARMIN      | GITA        |
| VRUSHALI     | GITA        |
| GITA         | GITA        |
| SUPRIYA      | VRUSHALI    |
| SANGITA      | VRUSHALI    |
| NATASHA      | VRUSHALI    |
| ALEX         | VRUSHALI    |
| AARUSH       | VRUSHALI    |
| MILLER       | VRUSHALI    |
| GRASS        | VRUSHALI    |
| HOFFMAN      | VRUSHALI    |
| FORD         | VRUSHALI    |
| JAMES        | VRUSHALI    |
| ADAMS        | VRUSHALI    |
| TURNER       | VRUSHALI    |
| FRED         | VRUSHALI    |
| KING         | VRUSHALI    |
| SCOTT        | VRUSHALI    |
| CLARK        | VRUSHALI    |
| BLAKE        | VRUSHALI    |
| MARTIN       | VRUSHALI    |
| JONES        | VRUSHALI    |
| WARD         | VRUSHALI    |
| ALLEN        | VRUSHALI    |
| THOMAS       | VRUSHALI    |
| AARAV        | VRUSHALI    |
| SMITH        | VRUSHALI    |
| BANDISH      | VRUSHALI    |
| SHARMIN      | VRUSHALI    |
| VRUSHALI     | VRUSHALI    |
| GITA         | VRUSHALI    |
| SUPRIYA      | SHARMIN     |
| SANGITA      | SHARMIN     |
| NATASHA      | SHARMIN     |
| ALEX         | SHARMIN     |
| AARUSH       | SHARMIN     |
| MILLER       | SHARMIN     |
| GRASS        | SHARMIN     |
| HOFFMAN      | SHARMIN     |
| FORD         | SHARMIN     |
| JAMES        | SHARMIN     |
| ADAMS        | SHARMIN     |
| TURNER       | SHARMIN     |
| FRED         | SHARMIN     |
| KING         | SHARMIN     |
| SCOTT        | SHARMIN     |
| CLARK        | SHARMIN     |
| BLAKE        | SHARMIN     |
| MARTIN       | SHARMIN     |
| JONES        | SHARMIN     |
| WARD         | SHARMIN     |
| ALLEN        | SHARMIN     |
| THOMAS       | SHARMIN     |
| AARAV        | SHARMIN     |
| SMITH        | SHARMIN     |
| BANDISH      | SHARMIN     |
| SHARMIN      | SHARMIN     |
| VRUSHALI     | SHARMIN     |
| GITA         | SHARMIN     |
| SUPRIYA      | BANDISH     |
| SANGITA      | BANDISH     |
| NATASHA      | BANDISH     |
| ALEX         | BANDISH     |
| AARUSH       | BANDISH     |
| MILLER       | BANDISH     |
| GRASS        | BANDISH     |
| HOFFMAN      | BANDISH     |
| FORD         | BANDISH     |
| JAMES        | BANDISH     |
| ADAMS        | BANDISH     |
| TURNER       | BANDISH     |
| FRED         | BANDISH     |
| KING         | BANDISH     |
| SCOTT        | BANDISH     |
| CLARK        | BANDISH     |
| BLAKE        | BANDISH     |
| MARTIN       | BANDISH     |
| JONES        | BANDISH     |
| WARD         | BANDISH     |
| ALLEN        | BANDISH     |
| THOMAS       | BANDISH     |
| AARAV        | BANDISH     |
| SMITH        | BANDISH     |
| BANDISH      | BANDISH     |
| SHARMIN      | BANDISH     |
| VRUSHALI     | BANDISH     |
| GITA         | BANDISH     |
| SUPRIYA      | SMITH       |
| SANGITA      | SMITH       |
| NATASHA      | SMITH       |
| ALEX         | SMITH       |
| AARUSH       | SMITH       |
| MILLER       | SMITH       |
| GRASS        | SMITH       |
| HOFFMAN      | SMITH       |
| FORD         | SMITH       |
| JAMES        | SMITH       |
| ADAMS        | SMITH       |
| TURNER       | SMITH       |
| FRED         | SMITH       |
| KING         | SMITH       |
| SCOTT        | SMITH       |
| CLARK        | SMITH       |
| BLAKE        | SMITH       |
| MARTIN       | SMITH       |
| JONES        | SMITH       |
| WARD         | SMITH       |
| ALLEN        | SMITH       |
| THOMAS       | SMITH       |
| AARAV        | SMITH       |
| SMITH        | SMITH       |
| BANDISH      | SMITH       |
| SHARMIN      | SMITH       |
| VRUSHALI     | SMITH       |
| GITA         | SMITH       |
| SUPRIYA      | AARAV       |
| SANGITA      | AARAV       |
| NATASHA      | AARAV       |
| ALEX         | AARAV       |
| AARUSH       | AARAV       |
| MILLER       | AARAV       |
| GRASS        | AARAV       |
| HOFFMAN      | AARAV       |
| FORD         | AARAV       |
| JAMES        | AARAV       |
| ADAMS        | AARAV       |
| TURNER       | AARAV       |
| FRED         | AARAV       |
| KING         | AARAV       |
| SCOTT        | AARAV       |
| CLARK        | AARAV       |
| BLAKE        | AARAV       |
| MARTIN       | AARAV       |
| JONES        | AARAV       |
| WARD         | AARAV       |
| ALLEN        | AARAV       |
| THOMAS       | AARAV       |
| AARAV        | AARAV       |
| SMITH        | AARAV       |
| BANDISH      | AARAV       |
| SHARMIN      | AARAV       |
| VRUSHALI     | AARAV       |
| GITA         | AARAV       |
| SUPRIYA      | THOMAS      |
| SANGITA      | THOMAS      |
| NATASHA      | THOMAS      |
| ALEX         | THOMAS      |
| AARUSH       | THOMAS      |
| MILLER       | THOMAS      |
| GRASS        | THOMAS      |
| HOFFMAN      | THOMAS      |
| FORD         | THOMAS      |
| JAMES        | THOMAS      |
| ADAMS        | THOMAS      |
| TURNER       | THOMAS      |
| FRED         | THOMAS      |
| KING         | THOMAS      |
| SCOTT        | THOMAS      |
| CLARK        | THOMAS      |
| BLAKE        | THOMAS      |
| MARTIN       | THOMAS      |
| JONES        | THOMAS      |
| WARD         | THOMAS      |
| ALLEN        | THOMAS      |
| THOMAS       | THOMAS      |
| AARAV        | THOMAS      |
| SMITH        | THOMAS      |
| BANDISH      | THOMAS      |
| SHARMIN      | THOMAS      |
| VRUSHALI     | THOMAS      |
| GITA         | THOMAS      |
| SUPRIYA      | ALLEN       |
| SANGITA      | ALLEN       |
| NATASHA      | ALLEN       |
| ALEX         | ALLEN       |
| AARUSH       | ALLEN       |
| MILLER       | ALLEN       |
| GRASS        | ALLEN       |
| HOFFMAN      | ALLEN       |
| FORD         | ALLEN       |
| JAMES        | ALLEN       |
| ADAMS        | ALLEN       |
| TURNER       | ALLEN       |
| FRED         | ALLEN       |
| KING         | ALLEN       |
| SCOTT        | ALLEN       |
| CLARK        | ALLEN       |
| BLAKE        | ALLEN       |
| MARTIN       | ALLEN       |
| JONES        | ALLEN       |
| WARD         | ALLEN       |
| ALLEN        | ALLEN       |
| THOMAS       | ALLEN       |
| AARAV        | ALLEN       |
| SMITH        | ALLEN       |
| BANDISH      | ALLEN       |
| SHARMIN      | ALLEN       |
| VRUSHALI     | ALLEN       |
| GITA         | ALLEN       |
| SUPRIYA      | WARD        |
| SANGITA      | WARD        |
| NATASHA      | WARD        |
| ALEX         | WARD        |
| AARUSH       | WARD        |
| MILLER       | WARD        |
| GRASS        | WARD        |
| HOFFMAN      | WARD        |
| FORD         | WARD        |
| JAMES        | WARD        |
| ADAMS        | WARD        |
| TURNER       | WARD        |
| FRED         | WARD        |
| KING         | WARD        |
| SCOTT        | WARD        |
| CLARK        | WARD        |
| BLAKE        | WARD        |
| MARTIN       | WARD        |
| JONES        | WARD        |
| WARD         | WARD        |
| ALLEN        | WARD        |
| THOMAS       | WARD        |
| AARAV        | WARD        |
| SMITH        | WARD        |
| BANDISH      | WARD        |
| SHARMIN      | WARD        |
| VRUSHALI     | WARD        |
| GITA         | WARD        |
| SUPRIYA      | JONES       |
| SANGITA      | JONES       |
| NATASHA      | JONES       |
| ALEX         | JONES       |
| AARUSH       | JONES       |
| MILLER       | JONES       |
| GRASS        | JONES       |
| HOFFMAN      | JONES       |
| FORD         | JONES       |
| JAMES        | JONES       |
| ADAMS        | JONES       |
| TURNER       | JONES       |
| FRED         | JONES       |
| KING         | JONES       |
| SCOTT        | JONES       |
| CLARK        | JONES       |
| BLAKE        | JONES       |
| MARTIN       | JONES       |
| JONES        | JONES       |
| WARD         | JONES       |
| ALLEN        | JONES       |
| THOMAS       | JONES       |
| AARAV        | JONES       |
| SMITH        | JONES       |
| BANDISH      | JONES       |
| SHARMIN      | JONES       |
| VRUSHALI     | JONES       |
| GITA         | JONES       |
| SUPRIYA      | MARTIN      |
| SANGITA      | MARTIN      |
| NATASHA      | MARTIN      |
| ALEX         | MARTIN      |
| AARUSH       | MARTIN      |
| MILLER       | MARTIN      |
| GRASS        | MARTIN      |
| HOFFMAN      | MARTIN      |
| FORD         | MARTIN      |
| JAMES        | MARTIN      |
| ADAMS        | MARTIN      |
| TURNER       | MARTIN      |
| FRED         | MARTIN      |
| KING         | MARTIN      |
| SCOTT        | MARTIN      |
| CLARK        | MARTIN      |
| BLAKE        | MARTIN      |
| MARTIN       | MARTIN      |
| JONES        | MARTIN      |
| WARD         | MARTIN      |
| ALLEN        | MARTIN      |
| THOMAS       | MARTIN      |
| AARAV        | MARTIN      |
| SMITH        | MARTIN      |
| BANDISH      | MARTIN      |
| SHARMIN      | MARTIN      |
| VRUSHALI     | MARTIN      |
| GITA         | MARTIN      |
| SUPRIYA      | BLAKE       |
| SANGITA      | BLAKE       |
| NATASHA      | BLAKE       |
| ALEX         | BLAKE       |
| AARUSH       | BLAKE       |
| MILLER       | BLAKE       |
| GRASS        | BLAKE       |
| HOFFMAN      | BLAKE       |
| FORD         | BLAKE       |
| JAMES        | BLAKE       |
| ADAMS        | BLAKE       |
| TURNER       | BLAKE       |
| FRED         | BLAKE       |
| KING         | BLAKE       |
| SCOTT        | BLAKE       |
| CLARK        | BLAKE       |
| BLAKE        | BLAKE       |
| MARTIN       | BLAKE       |
| JONES        | BLAKE       |
| WARD         | BLAKE       |
| ALLEN        | BLAKE       |
| THOMAS       | BLAKE       |
| AARAV        | BLAKE       |
| SMITH        | BLAKE       |
| BANDISH      | BLAKE       |
| SHARMIN      | BLAKE       |
| VRUSHALI     | BLAKE       |
| GITA         | BLAKE       |
| SUPRIYA      | CLARK       |
| SANGITA      | CLARK       |
| NATASHA      | CLARK       |
| ALEX         | CLARK       |
| AARUSH       | CLARK       |
| MILLER       | CLARK       |
| GRASS        | CLARK       |
| HOFFMAN      | CLARK       |
| FORD         | CLARK       |
| JAMES        | CLARK       |
| ADAMS        | CLARK       |
| TURNER       | CLARK       |
| FRED         | CLARK       |
| KING         | CLARK       |
| SCOTT        | CLARK       |
| CLARK        | CLARK       |
| BLAKE        | CLARK       |
| MARTIN       | CLARK       |
| JONES        | CLARK       |
| WARD         | CLARK       |
| ALLEN        | CLARK       |
| THOMAS       | CLARK       |
| AARAV        | CLARK       |
| SMITH        | CLARK       |
| BANDISH      | CLARK       |
| SHARMIN      | CLARK       |
| VRUSHALI     | CLARK       |
| GITA         | CLARK       |
| SUPRIYA      | SCOTT       |
| SANGITA      | SCOTT       |
| NATASHA      | SCOTT       |
| ALEX         | SCOTT       |
| AARUSH       | SCOTT       |
| MILLER       | SCOTT       |
| GRASS        | SCOTT       |
| HOFFMAN      | SCOTT       |
| FORD         | SCOTT       |
| JAMES        | SCOTT       |
| ADAMS        | SCOTT       |
| TURNER       | SCOTT       |
| FRED         | SCOTT       |
| KING         | SCOTT       |
| SCOTT        | SCOTT       |
| CLARK        | SCOTT       |
| BLAKE        | SCOTT       |
| MARTIN       | SCOTT       |
| JONES        | SCOTT       |
| WARD         | SCOTT       |
| ALLEN        | SCOTT       |
| THOMAS       | SCOTT       |
| AARAV        | SCOTT       |
| SMITH        | SCOTT       |
| BANDISH      | SCOTT       |
| SHARMIN      | SCOTT       |
| VRUSHALI     | SCOTT       |
| GITA         | SCOTT       |
| SUPRIYA      | KING        |
| SANGITA      | KING        |
| NATASHA      | KING        |
| ALEX         | KING        |
| AARUSH       | KING        |
| MILLER       | KING        |
| GRASS        | KING        |
| HOFFMAN      | KING        |
| FORD         | KING        |
| JAMES        | KING        |
| ADAMS        | KING        |
| TURNER       | KING        |
| FRED         | KING        |
| KING         | KING        |
| SCOTT        | KING        |
| CLARK        | KING        |
| BLAKE        | KING        |
| MARTIN       | KING        |
| JONES        | KING        |
| WARD         | KING        |
| ALLEN        | KING        |
| THOMAS       | KING        |
| AARAV        | KING        |
| SMITH        | KING        |
| BANDISH      | KING        |
| SHARMIN      | KING        |
| VRUSHALI     | KING        |
| GITA         | KING        |
| SUPRIYA      | FRED        |
| SANGITA      | FRED        |
| NATASHA      | FRED        |
| ALEX         | FRED        |
| AARUSH       | FRED        |
| MILLER       | FRED        |
| GRASS        | FRED        |
| HOFFMAN      | FRED        |
| FORD         | FRED        |
| JAMES        | FRED        |
| ADAMS        | FRED        |
| TURNER       | FRED        |
| FRED         | FRED        |
| KING         | FRED        |
| SCOTT        | FRED        |
| CLARK        | FRED        |
| BLAKE        | FRED        |
| MARTIN       | FRED        |
| JONES        | FRED        |
| WARD         | FRED        |
| ALLEN        | FRED        |
| THOMAS       | FRED        |
| AARAV        | FRED        |
| SMITH        | FRED        |
| BANDISH      | FRED        |
| SHARMIN      | FRED        |
| VRUSHALI     | FRED        |
| GITA         | FRED        |
| SUPRIYA      | TURNER      |
| SANGITA      | TURNER      |
| NATASHA      | TURNER      |
| ALEX         | TURNER      |
| AARUSH       | TURNER      |
| MILLER       | TURNER      |
| GRASS        | TURNER      |
| HOFFMAN      | TURNER      |
| FORD         | TURNER      |
| JAMES        | TURNER      |
| ADAMS        | TURNER      |
| TURNER       | TURNER      |
| FRED         | TURNER      |
| KING         | TURNER      |
| SCOTT        | TURNER      |
| CLARK        | TURNER      |
| BLAKE        | TURNER      |
| MARTIN       | TURNER      |
| JONES        | TURNER      |
| WARD         | TURNER      |
| ALLEN        | TURNER      |
| THOMAS       | TURNER      |
| AARAV        | TURNER      |
| SMITH        | TURNER      |
| BANDISH      | TURNER      |
| SHARMIN      | TURNER      |
| VRUSHALI     | TURNER      |
| GITA         | TURNER      |
| SUPRIYA      | ADAMS       |
| SANGITA      | ADAMS       |
| NATASHA      | ADAMS       |
| ALEX         | ADAMS       |
| AARUSH       | ADAMS       |
| MILLER       | ADAMS       |
| GRASS        | ADAMS       |
| HOFFMAN      | ADAMS       |
| FORD         | ADAMS       |
| JAMES        | ADAMS       |
| ADAMS        | ADAMS       |
| TURNER       | ADAMS       |
| FRED         | ADAMS       |
| KING         | ADAMS       |
| SCOTT        | ADAMS       |
| CLARK        | ADAMS       |
| BLAKE        | ADAMS       |
| MARTIN       | ADAMS       |
| JONES        | ADAMS       |
| WARD         | ADAMS       |
| ALLEN        | ADAMS       |
| THOMAS       | ADAMS       |
| AARAV        | ADAMS       |
| SMITH        | ADAMS       |
| BANDISH      | ADAMS       |
| SHARMIN      | ADAMS       |
| VRUSHALI     | ADAMS       |
| GITA         | ADAMS       |
| SUPRIYA      | JAMES       |
| SANGITA      | JAMES       |
| NATASHA      | JAMES       |
| ALEX         | JAMES       |
| AARUSH       | JAMES       |
| MILLER       | JAMES       |
| GRASS        | JAMES       |
| HOFFMAN      | JAMES       |
| FORD         | JAMES       |
| JAMES        | JAMES       |
| ADAMS        | JAMES       |
| TURNER       | JAMES       |
| FRED         | JAMES       |
| KING         | JAMES       |
| SCOTT        | JAMES       |
| CLARK        | JAMES       |
| BLAKE        | JAMES       |
| MARTIN       | JAMES       |
| JONES        | JAMES       |
| WARD         | JAMES       |
| ALLEN        | JAMES       |
| THOMAS       | JAMES       |
| AARAV        | JAMES       |
| SMITH        | JAMES       |
| BANDISH      | JAMES       |
| SHARMIN      | JAMES       |
| VRUSHALI     | JAMES       |
| GITA         | JAMES       |
| SUPRIYA      | FORD        |
| SANGITA      | FORD        |
| NATASHA      | FORD        |
| ALEX         | FORD        |
| AARUSH       | FORD        |
| MILLER       | FORD        |
| GRASS        | FORD        |
| HOFFMAN      | FORD        |
| FORD         | FORD        |
| JAMES        | FORD        |
| ADAMS        | FORD        |
| TURNER       | FORD        |
| FRED         | FORD        |
| KING         | FORD        |
| SCOTT        | FORD        |
| CLARK        | FORD        |
| BLAKE        | FORD        |
| MARTIN       | FORD        |
| JONES        | FORD        |
| WARD         | FORD        |
| ALLEN        | FORD        |
| THOMAS       | FORD        |
| AARAV        | FORD        |
| SMITH        | FORD        |
| BANDISH      | FORD        |
| SHARMIN      | FORD        |
| VRUSHALI     | FORD        |
| GITA         | FORD        |
| SUPRIYA      | HOFFMAN     |
| SANGITA      | HOFFMAN     |
| NATASHA      | HOFFMAN     |
| ALEX         | HOFFMAN     |
| AARUSH       | HOFFMAN     |
| MILLER       | HOFFMAN     |
| GRASS        | HOFFMAN     |
| HOFFMAN      | HOFFMAN     |
| FORD         | HOFFMAN     |
| JAMES        | HOFFMAN     |
| ADAMS        | HOFFMAN     |
| TURNER       | HOFFMAN     |
| FRED         | HOFFMAN     |
| KING         | HOFFMAN     |
| SCOTT        | HOFFMAN     |
| CLARK        | HOFFMAN     |
| BLAKE        | HOFFMAN     |
| MARTIN       | HOFFMAN     |
| JONES        | HOFFMAN     |
| WARD         | HOFFMAN     |
| ALLEN        | HOFFMAN     |
| THOMAS       | HOFFMAN     |
| AARAV        | HOFFMAN     |
| SMITH        | HOFFMAN     |
| BANDISH      | HOFFMAN     |
| SHARMIN      | HOFFMAN     |
| VRUSHALI     | HOFFMAN     |
| GITA         | HOFFMAN     |
| SUPRIYA      | GRASS       |
| SANGITA      | GRASS       |
| NATASHA      | GRASS       |
| ALEX         | GRASS       |
| AARUSH       | GRASS       |
| MILLER       | GRASS       |
| GRASS        | GRASS       |
| HOFFMAN      | GRASS       |
| FORD         | GRASS       |
| JAMES        | GRASS       |
| ADAMS        | GRASS       |
| TURNER       | GRASS       |
| FRED         | GRASS       |
| KING         | GRASS       |
| SCOTT        | GRASS       |
| CLARK        | GRASS       |
| BLAKE        | GRASS       |
| MARTIN       | GRASS       |
| JONES        | GRASS       |
| WARD         | GRASS       |
| ALLEN        | GRASS       |
| THOMAS       | GRASS       |
| AARAV        | GRASS       |
| SMITH        | GRASS       |
| BANDISH      | GRASS       |
| SHARMIN      | GRASS       |
| VRUSHALI     | GRASS       |
| GITA         | GRASS       |
| SUPRIYA      | MILLER      |
| SANGITA      | MILLER      |
| NATASHA      | MILLER      |
| ALEX         | MILLER      |
| AARUSH       | MILLER      |
| MILLER       | MILLER      |
| GRASS        | MILLER      |
| HOFFMAN      | MILLER      |
| FORD         | MILLER      |
| JAMES        | MILLER      |
| ADAMS        | MILLER      |
| TURNER       | MILLER      |
| FRED         | MILLER      |
| KING         | MILLER      |
| SCOTT        | MILLER      |
| CLARK        | MILLER      |
| BLAKE        | MILLER      |
| MARTIN       | MILLER      |
| JONES        | MILLER      |
| WARD         | MILLER      |
| ALLEN        | MILLER      |
| THOMAS       | MILLER      |
| AARAV        | MILLER      |
| SMITH        | MILLER      |
| BANDISH      | MILLER      |
| SHARMIN      | MILLER      |
| VRUSHALI     | MILLER      |
| GITA         | MILLER      |
| SUPRIYA      | AARUSH      |
| SANGITA      | AARUSH      |
| NATASHA      | AARUSH      |
| ALEX         | AARUSH      |
| AARUSH       | AARUSH      |
| MILLER       | AARUSH      |
| GRASS        | AARUSH      |
| HOFFMAN      | AARUSH      |
| FORD         | AARUSH      |
| JAMES        | AARUSH      |
| ADAMS        | AARUSH      |
| TURNER       | AARUSH      |
| FRED         | AARUSH      |
| KING         | AARUSH      |
| SCOTT        | AARUSH      |
| CLARK        | AARUSH      |
| BLAKE        | AARUSH      |
| MARTIN       | AARUSH      |
| JONES        | AARUSH      |
| WARD         | AARUSH      |
| ALLEN        | AARUSH      |
| THOMAS       | AARUSH      |
| AARAV        | AARUSH      |
| SMITH        | AARUSH      |
| BANDISH      | AARUSH      |
| SHARMIN      | AARUSH      |
| VRUSHALI     | AARUSH      |
| GITA         | AARUSH      |
| SUPRIYA      | ALEX        |
| SANGITA      | ALEX        |
| NATASHA      | ALEX        |
| ALEX         | ALEX        |
| AARUSH       | ALEX        |
| MILLER       | ALEX        |
| GRASS        | ALEX        |
| HOFFMAN      | ALEX        |
| FORD         | ALEX        |
| JAMES        | ALEX        |
| ADAMS        | ALEX        |
| TURNER       | ALEX        |
| FRED         | ALEX        |
| KING         | ALEX        |
| SCOTT        | ALEX        |
| CLARK        | ALEX        |
| BLAKE        | ALEX        |
| MARTIN       | ALEX        |
| JONES        | ALEX        |
| WARD         | ALEX        |
| ALLEN        | ALEX        |
| THOMAS       | ALEX        |
| AARAV        | ALEX        |
| SMITH        | ALEX        |
| BANDISH      | ALEX        |
| SHARMIN      | ALEX        |
| VRUSHALI     | ALEX        |
| GITA         | ALEX        |
| SUPRIYA      | NATASHA     |
| SANGITA      | NATASHA     |
| NATASHA      | NATASHA     |
| ALEX         | NATASHA     |
| AARUSH       | NATASHA     |
| MILLER       | NATASHA     |
| GRASS        | NATASHA     |
| HOFFMAN      | NATASHA     |
| FORD         | NATASHA     |
| JAMES        | NATASHA     |
| ADAMS        | NATASHA     |
| TURNER       | NATASHA     |
| FRED         | NATASHA     |
| KING         | NATASHA     |
| SCOTT        | NATASHA     |
| CLARK        | NATASHA     |
| BLAKE        | NATASHA     |
| MARTIN       | NATASHA     |
| JONES        | NATASHA     |
| WARD         | NATASHA     |
| ALLEN        | NATASHA     |
| THOMAS       | NATASHA     |
| AARAV        | NATASHA     |
| SMITH        | NATASHA     |
| BANDISH      | NATASHA     |
| SHARMIN      | NATASHA     |
| VRUSHALI     | NATASHA     |
| GITA         | NATASHA     |
| SUPRIYA      | SANGITA     |
| SANGITA      | SANGITA     |
| NATASHA      | SANGITA     |
| ALEX         | SANGITA     |
| AARUSH       | SANGITA     |
| MILLER       | SANGITA     |
| GRASS        | SANGITA     |
| HOFFMAN      | SANGITA     |
| FORD         | SANGITA     |
| JAMES        | SANGITA     |
| ADAMS        | SANGITA     |
| TURNER       | SANGITA     |
| FRED         | SANGITA     |
| KING         | SANGITA     |
| SCOTT        | SANGITA     |
| CLARK        | SANGITA     |
| BLAKE        | SANGITA     |
| MARTIN       | SANGITA     |
| JONES        | SANGITA     |
| WARD         | SANGITA     |
| ALLEN        | SANGITA     |
| THOMAS       | SANGITA     |
| AARAV        | SANGITA     |
| SMITH        | SANGITA     |
| BANDISH      | SANGITA     |
| SHARMIN      | SANGITA     |
| VRUSHALI     | SANGITA     |
| GITA         | SANGITA     |
| SUPRIYA      | SUPRIYA     |
| SANGITA      | SUPRIYA     |
| NATASHA      | SUPRIYA     |
| ALEX         | SUPRIYA     |
| AARUSH       | SUPRIYA     |
| MILLER       | SUPRIYA     |
| GRASS        | SUPRIYA     |
| HOFFMAN      | SUPRIYA     |
| FORD         | SUPRIYA     |
| JAMES        | SUPRIYA     |
| ADAMS        | SUPRIYA     |
| TURNER       | SUPRIYA     |
| FRED         | SUPRIYA     |
| KING         | SUPRIYA     |
| SCOTT        | SUPRIYA     |
| CLARK        | SUPRIYA     |
| BLAKE        | SUPRIYA     |
| MARTIN       | SUPRIYA     |
| JONES        | SUPRIYA     |
| WARD         | SUPRIYA     |
| ALLEN        | SUPRIYA     |
| THOMAS       | SUPRIYA     |
| AARAV        | SUPRIYA     |
| SMITH        | SUPRIYA     |
| BANDISH      | SUPRIYA     |
| SHARMIN      | SUPRIYA     |
| VRUSHALI     | SUPRIYA     |
| GITA         | SUPRIYA     |
+--------------+-------------+
784 rows in set (0.01 sec)

mysql> select ename,emp.deptno,dept,deptno,dname from dept select e.ename EmployeeName,m.ename ManagerName from emp e,emp m;
ERROR 1064 (42000): You have an error in your SQL syntax; check the manual that corresponds to your MySQL server version for the right syntax to use near 'select e.ename EmployeeName,m.ename ManagerName from emp e,emp m' at line 1
mysql> select e.ename EmployeeName,m.ename ManagerName from emp e,emp m;
+--------------+-------------+
| EmployeeName | ManagerName |
+--------------+-------------+
| SUPRIYA      | GITA        |
| SANGITA      | GITA        |
| NATASHA      | GITA        |
| ALEX         | GITA        |
| AARUSH       | GITA        |
| MILLER       | GITA        |
| GRASS        | GITA        |
| HOFFMAN      | GITA        |
| FORD         | GITA        |
| JAMES        | GITA        |
| ADAMS        | GITA        |
| TURNER       | GITA        |
| FRED         | GITA        |
| KING         | GITA        |
| SCOTT        | GITA        |
| CLARK        | GITA        |
| BLAKE        | GITA        |
| MARTIN       | GITA        |
| JONES        | GITA        |
| WARD         | GITA        |
| ALLEN        | GITA        |
| THOMAS       | GITA        |
| AARAV        | GITA        |
| SMITH        | GITA        |
| BANDISH      | GITA        |
| SHARMIN      | GITA        |
| VRUSHALI     | GITA        |
| GITA         | GITA        |
| SUPRIYA      | VRUSHALI    |
| SANGITA      | VRUSHALI    |
| NATASHA      | VRUSHALI    |
| ALEX         | VRUSHALI    |
| AARUSH       | VRUSHALI    |
| MILLER       | VRUSHALI    |
| GRASS        | VRUSHALI    |
| HOFFMAN      | VRUSHALI    |
| FORD         | VRUSHALI    |
| JAMES        | VRUSHALI    |
| ADAMS        | VRUSHALI    |
| TURNER       | VRUSHALI    |
| FRED         | VRUSHALI    |
| KING         | VRUSHALI    |
| SCOTT        | VRUSHALI    |
| CLARK        | VRUSHALI    |
| BLAKE        | VRUSHALI    |
| MARTIN       | VRUSHALI    |
| JONES        | VRUSHALI    |
| WARD         | VRUSHALI    |
| ALLEN        | VRUSHALI    |
| THOMAS       | VRUSHALI    |
| AARAV        | VRUSHALI    |
| SMITH        | VRUSHALI    |
| BANDISH      | VRUSHALI    |
| SHARMIN      | VRUSHALI    |
| VRUSHALI     | VRUSHALI    |
| GITA         | VRUSHALI    |
| SUPRIYA      | SHARMIN     |
| SANGITA      | SHARMIN     |
| NATASHA      | SHARMIN     |
| ALEX         | SHARMIN     |
| AARUSH       | SHARMIN     |
| MILLER       | SHARMIN     |
| GRASS        | SHARMIN     |
| HOFFMAN      | SHARMIN     |
| FORD         | SHARMIN     |
| JAMES        | SHARMIN     |
| ADAMS        | SHARMIN     |
| TURNER       | SHARMIN     |
| FRED         | SHARMIN     |
| KING         | SHARMIN     |
| SCOTT        | SHARMIN     |
| CLARK        | SHARMIN     |
| BLAKE        | SHARMIN     |
| MARTIN       | SHARMIN     |
| JONES        | SHARMIN     |
| WARD         | SHARMIN     |
| ALLEN        | SHARMIN     |
| THOMAS       | SHARMIN     |
| AARAV        | SHARMIN     |
| SMITH        | SHARMIN     |
| BANDISH      | SHARMIN     |
| SHARMIN      | SHARMIN     |
| VRUSHALI     | SHARMIN     |
| GITA         | SHARMIN     |
| SUPRIYA      | BANDISH     |
| SANGITA      | BANDISH     |
| NATASHA      | BANDISH     |
| ALEX         | BANDISH     |
| AARUSH       | BANDISH     |
| MILLER       | BANDISH     |
| GRASS        | BANDISH     |
| HOFFMAN      | BANDISH     |
| FORD         | BANDISH     |
| JAMES        | BANDISH     |
| ADAMS        | BANDISH     |
| TURNER       | BANDISH     |
| FRED         | BANDISH     |
| KING         | BANDISH     |
| SCOTT        | BANDISH     |
| CLARK        | BANDISH     |
| BLAKE        | BANDISH     |
| MARTIN       | BANDISH     |
| JONES        | BANDISH     |
| WARD         | BANDISH     |
| ALLEN        | BANDISH     |
| THOMAS       | BANDISH     |
| AARAV        | BANDISH     |
| SMITH        | BANDISH     |
| BANDISH      | BANDISH     |
| SHARMIN      | BANDISH     |
| VRUSHALI     | BANDISH     |
| GITA         | BANDISH     |
| SUPRIYA      | SMITH       |
| SANGITA      | SMITH       |
| NATASHA      | SMITH       |
| ALEX         | SMITH       |
| AARUSH       | SMITH       |
| MILLER       | SMITH       |
| GRASS        | SMITH       |
| HOFFMAN      | SMITH       |
| FORD         | SMITH       |
| JAMES        | SMITH       |
| ADAMS        | SMITH       |
| TURNER       | SMITH       |
| FRED         | SMITH       |
| KING         | SMITH       |
| SCOTT        | SMITH       |
| CLARK        | SMITH       |
| BLAKE        | SMITH       |
| MARTIN       | SMITH       |
| JONES        | SMITH       |
| WARD         | SMITH       |
| ALLEN        | SMITH       |
| THOMAS       | SMITH       |
| AARAV        | SMITH       |
| SMITH        | SMITH       |
| BANDISH      | SMITH       |
| SHARMIN      | SMITH       |
| VRUSHALI     | SMITH       |
| GITA         | SMITH       |
| SUPRIYA      | AARAV       |
| SANGITA      | AARAV       |
| NATASHA      | AARAV       |
| ALEX         | AARAV       |
| AARUSH       | AARAV       |
| MILLER       | AARAV       |
| GRASS        | AARAV       |
| HOFFMAN      | AARAV       |
| FORD         | AARAV       |
| JAMES        | AARAV       |
| ADAMS        | AARAV       |
| TURNER       | AARAV       |
| FRED         | AARAV       |
| KING         | AARAV       |
| SCOTT        | AARAV       |
| CLARK        | AARAV       |
| BLAKE        | AARAV       |
| MARTIN       | AARAV       |
| JONES        | AARAV       |
| WARD         | AARAV       |
| ALLEN        | AARAV       |
| THOMAS       | AARAV       |
| AARAV        | AARAV       |
| SMITH        | AARAV       |
| BANDISH      | AARAV       |
| SHARMIN      | AARAV       |
| VRUSHALI     | AARAV       |
| GITA         | AARAV       |
| SUPRIYA      | THOMAS      |
| SANGITA      | THOMAS      |
| NATASHA      | THOMAS      |
| ALEX         | THOMAS      |
| AARUSH       | THOMAS      |
| MILLER       | THOMAS      |
| GRASS        | THOMAS      |
| HOFFMAN      | THOMAS      |
| FORD         | THOMAS      |
| JAMES        | THOMAS      |
| ADAMS        | THOMAS      |
| TURNER       | THOMAS      |
| FRED         | THOMAS      |
| KING         | THOMAS      |
| SCOTT        | THOMAS      |
| CLARK        | THOMAS      |
| BLAKE        | THOMAS      |
| MARTIN       | THOMAS      |
| JONES        | THOMAS      |
| WARD         | THOMAS      |
| ALLEN        | THOMAS      |
| THOMAS       | THOMAS      |
| AARAV        | THOMAS      |
| SMITH        | THOMAS      |
| BANDISH      | THOMAS      |
| SHARMIN      | THOMAS      |
| VRUSHALI     | THOMAS      |
| GITA         | THOMAS      |
| SUPRIYA      | ALLEN       |
| SANGITA      | ALLEN       |
| NATASHA      | ALLEN       |
| ALEX         | ALLEN       |
| AARUSH       | ALLEN       |
| MILLER       | ALLEN       |
| GRASS        | ALLEN       |
| HOFFMAN      | ALLEN       |
| FORD         | ALLEN       |
| JAMES        | ALLEN       |
| ADAMS        | ALLEN       |
| TURNER       | ALLEN       |
| FRED         | ALLEN       |
| KING         | ALLEN       |
| SCOTT        | ALLEN       |
| CLARK        | ALLEN       |
| BLAKE        | ALLEN       |
| MARTIN       | ALLEN       |
| JONES        | ALLEN       |
| WARD         | ALLEN       |
| ALLEN        | ALLEN       |
| THOMAS       | ALLEN       |
| AARAV        | ALLEN       |
| SMITH        | ALLEN       |
| BANDISH      | ALLEN       |
| SHARMIN      | ALLEN       |
| VRUSHALI     | ALLEN       |
| GITA         | ALLEN       |
| SUPRIYA      | WARD        |
| SANGITA      | WARD        |
| NATASHA      | WARD        |
| ALEX         | WARD        |
| AARUSH       | WARD        |
| MILLER       | WARD        |
| GRASS        | WARD        |
| HOFFMAN      | WARD        |
| FORD         | WARD        |
| JAMES        | WARD        |
| ADAMS        | WARD        |
| TURNER       | WARD        |
| FRED         | WARD        |
| KING         | WARD        |
| SCOTT        | WARD        |
| CLARK        | WARD        |
| BLAKE        | WARD        |
| MARTIN       | WARD        |
| JONES        | WARD        |
| WARD         | WARD        |
| ALLEN        | WARD        |
| THOMAS       | WARD        |
| AARAV        | WARD        |
| SMITH        | WARD        |
| BANDISH      | WARD        |
| SHARMIN      | WARD        |
| VRUSHALI     | WARD        |
| GITA         | WARD        |
| SUPRIYA      | JONES       |
| SANGITA      | JONES       |
| NATASHA      | JONES       |
| ALEX         | JONES       |
| AARUSH       | JONES       |
| MILLER       | JONES       |
| GRASS        | JONES       |
| HOFFMAN      | JONES       |
| FORD         | JONES       |
| JAMES        | JONES       |
| ADAMS        | JONES       |
| TURNER       | JONES       |
| FRED         | JONES       |
| KING         | JONES       |
| SCOTT        | JONES       |
| CLARK        | JONES       |
| BLAKE        | JONES       |
| MARTIN       | JONES       |
| JONES        | JONES       |
| WARD         | JONES       |
| ALLEN        | JONES       |
| THOMAS       | JONES       |
| AARAV        | JONES       |
| SMITH        | JONES       |
| BANDISH      | JONES       |
| SHARMIN      | JONES       |
| VRUSHALI     | JONES       |
| GITA         | JONES       |
| SUPRIYA      | MARTIN      |
| SANGITA      | MARTIN      |
| NATASHA      | MARTIN      |
| ALEX         | MARTIN      |
| AARUSH       | MARTIN      |
| MILLER       | MARTIN      |
| GRASS        | MARTIN      |
| HOFFMAN      | MARTIN      |
| FORD         | MARTIN      |
| JAMES        | MARTIN      |
| ADAMS        | MARTIN      |
| TURNER       | MARTIN      |
| FRED         | MARTIN      |
| KING         | MARTIN      |
| SCOTT        | MARTIN      |
| CLARK        | MARTIN      |
| BLAKE        | MARTIN      |
| MARTIN       | MARTIN      |
| JONES        | MARTIN      |
| WARD         | MARTIN      |
| ALLEN        | MARTIN      |
| THOMAS       | MARTIN      |
| AARAV        | MARTIN      |
| SMITH        | MARTIN      |
| BANDISH      | MARTIN      |
| SHARMIN      | MARTIN      |
| VRUSHALI     | MARTIN      |
| GITA         | MARTIN      |
| SUPRIYA      | BLAKE       |
| SANGITA      | BLAKE       |
| NATASHA      | BLAKE       |
| ALEX         | BLAKE       |
| AARUSH       | BLAKE       |
| MILLER       | BLAKE       |
| GRASS        | BLAKE       |
| HOFFMAN      | BLAKE       |
| FORD         | BLAKE       |
| JAMES        | BLAKE       |
| ADAMS        | BLAKE       |
| TURNER       | BLAKE       |
| FRED         | BLAKE       |
| KING         | BLAKE       |
| SCOTT        | BLAKE       |
| CLARK        | BLAKE       |
| BLAKE        | BLAKE       |
| MARTIN       | BLAKE       |
| JONES        | BLAKE       |
| WARD         | BLAKE       |
| ALLEN        | BLAKE       |
| THOMAS       | BLAKE       |
| AARAV        | BLAKE       |
| SMITH        | BLAKE       |
| BANDISH      | BLAKE       |
| SHARMIN      | BLAKE       |
| VRUSHALI     | BLAKE       |
| GITA         | BLAKE       |
| SUPRIYA      | CLARK       |
| SANGITA      | CLARK       |
| NATASHA      | CLARK       |
| ALEX         | CLARK       |
| AARUSH       | CLARK       |
| MILLER       | CLARK       |
| GRASS        | CLARK       |
| HOFFMAN      | CLARK       |
| FORD         | CLARK       |
| JAMES        | CLARK       |
| ADAMS        | CLARK       |
| TURNER       | CLARK       |
| FRED         | CLARK       |
| KING         | CLARK       |
| SCOTT        | CLARK       |
| CLARK        | CLARK       |
| BLAKE        | CLARK       |
| MARTIN       | CLARK       |
| JONES        | CLARK       |
| WARD         | CLARK       |
| ALLEN        | CLARK       |
| THOMAS       | CLARK       |
| AARAV        | CLARK       |
| SMITH        | CLARK       |
| BANDISH      | CLARK       |
| SHARMIN      | CLARK       |
| VRUSHALI     | CLARK       |
| GITA         | CLARK       |
| SUPRIYA      | SCOTT       |
| SANGITA      | SCOTT       |
| NATASHA      | SCOTT       |
| ALEX         | SCOTT       |
| AARUSH       | SCOTT       |
| MILLER       | SCOTT       |
| GRASS        | SCOTT       |
| HOFFMAN      | SCOTT       |
| FORD         | SCOTT       |
| JAMES        | SCOTT       |
| ADAMS        | SCOTT       |
| TURNER       | SCOTT       |
| FRED         | SCOTT       |
| KING         | SCOTT       |
| SCOTT        | SCOTT       |
| CLARK        | SCOTT       |
| BLAKE        | SCOTT       |
| MARTIN       | SCOTT       |
| JONES        | SCOTT       |
| WARD         | SCOTT       |
| ALLEN        | SCOTT       |
| THOMAS       | SCOTT       |
| AARAV        | SCOTT       |
| SMITH        | SCOTT       |
| BANDISH      | SCOTT       |
| SHARMIN      | SCOTT       |
| VRUSHALI     | SCOTT       |
| GITA         | SCOTT       |
| SUPRIYA      | KING        |
| SANGITA      | KING        |
| NATASHA      | KING        |
| ALEX         | KING        |
| AARUSH       | KING        |
| MILLER       | KING        |
| GRASS        | KING        |
| HOFFMAN      | KING        |
| FORD         | KING        |
| JAMES        | KING        |
| ADAMS        | KING        |
| TURNER       | KING        |
| FRED         | KING        |
| KING         | KING        |
| SCOTT        | KING        |
| CLARK        | KING        |
| BLAKE        | KING        |
| MARTIN       | KING        |
| JONES        | KING        |
| WARD         | KING        |
| ALLEN        | KING        |
| THOMAS       | KING        |
| AARAV        | KING        |
| SMITH        | KING        |
| BANDISH      | KING        |
| SHARMIN      | KING        |
| VRUSHALI     | KING        |
| GITA         | KING        |
| SUPRIYA      | FRED        |
| SANGITA      | FRED        |
| NATASHA      | FRED        |
| ALEX         | FRED        |
| AARUSH       | FRED        |
| MILLER       | FRED        |
| GRASS        | FRED        |
| HOFFMAN      | FRED        |
| FORD         | FRED        |
| JAMES        | FRED        |
| ADAMS        | FRED        |
| TURNER       | FRED        |
| FRED         | FRED        |
| KING         | FRED        |
| SCOTT        | FRED        |
| CLARK        | FRED        |
| BLAKE        | FRED        |
| MARTIN       | FRED        |
| JONES        | FRED        |
| WARD         | FRED        |
| ALLEN        | FRED        |
| THOMAS       | FRED        |
| AARAV        | FRED        |
| SMITH        | FRED        |
| BANDISH      | FRED        |
| SHARMIN      | FRED        |
| VRUSHALI     | FRED        |
| GITA         | FRED        |
| SUPRIYA      | TURNER      |
| SANGITA      | TURNER      |
| NATASHA      | TURNER      |
| ALEX         | TURNER      |
| AARUSH       | TURNER      |
| MILLER       | TURNER      |
| GRASS        | TURNER      |
| HOFFMAN      | TURNER      |
| FORD         | TURNER      |
| JAMES        | TURNER      |
| ADAMS        | TURNER      |
| TURNER       | TURNER      |
| FRED         | TURNER      |
| KING         | TURNER      |
| SCOTT        | TURNER      |
| CLARK        | TURNER      |
| BLAKE        | TURNER      |
| MARTIN       | TURNER      |
| JONES        | TURNER      |
| WARD         | TURNER      |
| ALLEN        | TURNER      |
| THOMAS       | TURNER      |
| AARAV        | TURNER      |
| SMITH        | TURNER      |
| BANDISH      | TURNER      |
| SHARMIN      | TURNER      |
| VRUSHALI     | TURNER      |
| GITA         | TURNER      |
| SUPRIYA      | ADAMS       |
| SANGITA      | ADAMS       |
| NATASHA      | ADAMS       |
| ALEX         | ADAMS       |
| AARUSH       | ADAMS       |
| MILLER       | ADAMS       |
| GRASS        | ADAMS       |
| HOFFMAN      | ADAMS       |
| FORD         | ADAMS       |
| JAMES        | ADAMS       |
| ADAMS        | ADAMS       |
| TURNER       | ADAMS       |
| FRED         | ADAMS       |
| KING         | ADAMS       |
| SCOTT        | ADAMS       |
| CLARK        | ADAMS       |
| BLAKE        | ADAMS       |
| MARTIN       | ADAMS       |
| JONES        | ADAMS       |
| WARD         | ADAMS       |
| ALLEN        | ADAMS       |
| THOMAS       | ADAMS       |
| AARAV        | ADAMS       |
| SMITH        | ADAMS       |
| BANDISH      | ADAMS       |
| SHARMIN      | ADAMS       |
| VRUSHALI     | ADAMS       |
| GITA         | ADAMS       |
| SUPRIYA      | JAMES       |
| SANGITA      | JAMES       |
| NATASHA      | JAMES       |
| ALEX         | JAMES       |
| AARUSH       | JAMES       |
| MILLER       | JAMES       |
| GRASS        | JAMES       |
| HOFFMAN      | JAMES       |
| FORD         | JAMES       |
| JAMES        | JAMES       |
| ADAMS        | JAMES       |
| TURNER       | JAMES       |
| FRED         | JAMES       |
| KING         | JAMES       |
| SCOTT        | JAMES       |
| CLARK        | JAMES       |
| BLAKE        | JAMES       |
| MARTIN       | JAMES       |
| JONES        | JAMES       |
| WARD         | JAMES       |
| ALLEN        | JAMES       |
| THOMAS       | JAMES       |
| AARAV        | JAMES       |
| SMITH        | JAMES       |
| BANDISH      | JAMES       |
| SHARMIN      | JAMES       |
| VRUSHALI     | JAMES       |
| GITA         | JAMES       |
| SUPRIYA      | FORD        |
| SANGITA      | FORD        |
| NATASHA      | FORD        |
| ALEX         | FORD        |
| AARUSH       | FORD        |
| MILLER       | FORD        |
| GRASS        | FORD        |
| HOFFMAN      | FORD        |
| FORD         | FORD        |
| JAMES        | FORD        |
| ADAMS        | FORD        |
| TURNER       | FORD        |
| FRED         | FORD        |
| KING         | FORD        |
| SCOTT        | FORD        |
| CLARK        | FORD        |
| BLAKE        | FORD        |
| MARTIN       | FORD        |
| JONES        | FORD        |
| WARD         | FORD        |
| ALLEN        | FORD        |
| THOMAS       | FORD        |
| AARAV        | FORD        |
| SMITH        | FORD        |
| BANDISH      | FORD        |
| SHARMIN      | FORD        |
| VRUSHALI     | FORD        |
| GITA         | FORD        |
| SUPRIYA      | HOFFMAN     |
| SANGITA      | HOFFMAN     |
| NATASHA      | HOFFMAN     |
| ALEX         | HOFFMAN     |
| AARUSH       | HOFFMAN     |
| MILLER       | HOFFMAN     |
| GRASS        | HOFFMAN     |
| HOFFMAN      | HOFFMAN     |
| FORD         | HOFFMAN     |
| JAMES        | HOFFMAN     |
| ADAMS        | HOFFMAN     |
| TURNER       | HOFFMAN     |
| FRED         | HOFFMAN     |
| KING         | HOFFMAN     |
| SCOTT        | HOFFMAN     |
| CLARK        | HOFFMAN     |
| BLAKE        | HOFFMAN     |
| MARTIN       | HOFFMAN     |
| JONES        | HOFFMAN     |
| WARD         | HOFFMAN     |
| ALLEN        | HOFFMAN     |
| THOMAS       | HOFFMAN     |
| AARAV        | HOFFMAN     |
| SMITH        | HOFFMAN     |
| BANDISH      | HOFFMAN     |
| SHARMIN      | HOFFMAN     |
| VRUSHALI     | HOFFMAN     |
| GITA         | HOFFMAN     |
| SUPRIYA      | GRASS       |
| SANGITA      | GRASS       |
| NATASHA      | GRASS       |
| ALEX         | GRASS       |
| AARUSH       | GRASS       |
| MILLER       | GRASS       |
| GRASS        | GRASS       |
| HOFFMAN      | GRASS       |
| FORD         | GRASS       |
| JAMES        | GRASS       |
| ADAMS        | GRASS       |
| TURNER       | GRASS       |
| FRED         | GRASS       |
| KING         | GRASS       |
| SCOTT        | GRASS       |
| CLARK        | GRASS       |
| BLAKE        | GRASS       |
| MARTIN       | GRASS       |
| JONES        | GRASS       |
| WARD         | GRASS       |
| ALLEN        | GRASS       |
| THOMAS       | GRASS       |
| AARAV        | GRASS       |
| SMITH        | GRASS       |
| BANDISH      | GRASS       |
| SHARMIN      | GRASS       |
| VRUSHALI     | GRASS       |
| GITA         | GRASS       |
| SUPRIYA      | MILLER      |
| SANGITA      | MILLER      |
| NATASHA      | MILLER      |
| ALEX         | MILLER      |
| AARUSH       | MILLER      |
| MILLER       | MILLER      |
| GRASS        | MILLER      |
| HOFFMAN      | MILLER      |
| FORD         | MILLER      |
| JAMES        | MILLER      |
| ADAMS        | MILLER      |
| TURNER       | MILLER      |
| FRED         | MILLER      |
| KING         | MILLER      |
| SCOTT        | MILLER      |
| CLARK        | MILLER      |
| BLAKE        | MILLER      |
| MARTIN       | MILLER      |
| JONES        | MILLER      |
| WARD         | MILLER      |
| ALLEN        | MILLER      |
| THOMAS       | MILLER      |
| AARAV        | MILLER      |
| SMITH        | MILLER      |
| BANDISH      | MILLER      |
| SHARMIN      | MILLER      |
| VRUSHALI     | MILLER      |
| GITA         | MILLER      |
| SUPRIYA      | AARUSH      |
| SANGITA      | AARUSH      |
| NATASHA      | AARUSH      |
| ALEX         | AARUSH      |
| AARUSH       | AARUSH      |
| MILLER       | AARUSH      |
| GRASS        | AARUSH      |
| HOFFMAN      | AARUSH      |
| FORD         | AARUSH      |
| JAMES        | AARUSH      |
| ADAMS        | AARUSH      |
| TURNER       | AARUSH      |
| FRED         | AARUSH      |
| KING         | AARUSH      |
| SCOTT        | AARUSH      |
| CLARK        | AARUSH      |
| BLAKE        | AARUSH      |
| MARTIN       | AARUSH      |
| JONES        | AARUSH      |
| WARD         | AARUSH      |
| ALLEN        | AARUSH      |
| THOMAS       | AARUSH      |
| AARAV        | AARUSH      |
| SMITH        | AARUSH      |
| BANDISH      | AARUSH      |
| SHARMIN      | AARUSH      |
| VRUSHALI     | AARUSH      |
| GITA         | AARUSH      |
| SUPRIYA      | ALEX        |
| SANGITA      | ALEX        |
| NATASHA      | ALEX        |
| ALEX         | ALEX        |
| AARUSH       | ALEX        |
| MILLER       | ALEX        |
| GRASS        | ALEX        |
| HOFFMAN      | ALEX        |
| FORD         | ALEX        |
| JAMES        | ALEX        |
| ADAMS        | ALEX        |
| TURNER       | ALEX        |
| FRED         | ALEX        |
| KING         | ALEX        |
| SCOTT        | ALEX        |
| CLARK        | ALEX        |
| BLAKE        | ALEX        |
| MARTIN       | ALEX        |
| JONES        | ALEX        |
| WARD         | ALEX        |
| ALLEN        | ALEX        |
| THOMAS       | ALEX        |
| AARAV        | ALEX        |
| SMITH        | ALEX        |
| BANDISH      | ALEX        |
| SHARMIN      | ALEX        |
| VRUSHALI     | ALEX        |
| GITA         | ALEX        |
| SUPRIYA      | NATASHA     |
| SANGITA      | NATASHA     |
| NATASHA      | NATASHA     |
| ALEX         | NATASHA     |
| AARUSH       | NATASHA     |
| MILLER       | NATASHA     |
| GRASS        | NATASHA     |
| HOFFMAN      | NATASHA     |
| FORD         | NATASHA     |
| JAMES        | NATASHA     |
| ADAMS        | NATASHA     |
| TURNER       | NATASHA     |
| FRED         | NATASHA     |
| KING         | NATASHA     |
| SCOTT        | NATASHA     |
| CLARK        | NATASHA     |
| BLAKE        | NATASHA     |
| MARTIN       | NATASHA     |
| JONES        | NATASHA     |
| WARD         | NATASHA     |
| ALLEN        | NATASHA     |
| THOMAS       | NATASHA     |
| AARAV        | NATASHA     |
| SMITH        | NATASHA     |
| BANDISH      | NATASHA     |
| SHARMIN      | NATASHA     |
| VRUSHALI     | NATASHA     |
| GITA         | NATASHA     |
| SUPRIYA      | SANGITA     |
| SANGITA      | SANGITA     |
| NATASHA      | SANGITA     |
| ALEX         | SANGITA     |
| AARUSH       | SANGITA     |
| MILLER       | SANGITA     |
| GRASS        | SANGITA     |
| HOFFMAN      | SANGITA     |
| FORD         | SANGITA     |
| JAMES        | SANGITA     |
| ADAMS        | SANGITA     |
| TURNER       | SANGITA     |
| FRED         | SANGITA     |
| KING         | SANGITA     |
| SCOTT        | SANGITA     |
| CLARK        | SANGITA     |
| BLAKE        | SANGITA     |
| MARTIN       | SANGITA     |
| JONES        | SANGITA     |
| WARD         | SANGITA     |
| ALLEN        | SANGITA     |
| THOMAS       | SANGITA     |
| AARAV        | SANGITA     |
| SMITH        | SANGITA     |
| BANDISH      | SANGITA     |
| SHARMIN      | SANGITA     |
| VRUSHALI     | SANGITA     |
| GITA         | SANGITA     |
| SUPRIYA      | SUPRIYA     |
| SANGITA      | SUPRIYA     |
| NATASHA      | SUPRIYA     |
| ALEX         | SUPRIYA     |
| AARUSH       | SUPRIYA     |
| MILLER       | SUPRIYA     |
| GRASS        | SUPRIYA     |
| HOFFMAN      | SUPRIYA     |
| FORD         | SUPRIYA     |
| JAMES        | SUPRIYA     |
| ADAMS        | SUPRIYA     |
| TURNER       | SUPRIYA     |
| FRED         | SUPRIYA     |
| KING         | SUPRIYA     |
| SCOTT        | SUPRIYA     |
| CLARK        | SUPRIYA     |
| BLAKE        | SUPRIYA     |
| MARTIN       | SUPRIYA     |
| JONES        | SUPRIYA     |
| WARD         | SUPRIYA     |
| ALLEN        | SUPRIYA     |
| THOMAS       | SUPRIYA     |
| AARAV        | SUPRIYA     |
| SMITH        | SUPRIYA     |
| BANDISH      | SUPRIYA     |
| SHARMIN      | SUPRIYA     |
| VRUSHALI     | SUPRIYA     |
| GITA         | SUPRIYA     |
+--------------+-------------+
784 rows in set (0.00 sec)

mysql> select ename,deptno from emp natural join (select dname,deptno from dept) R1;
+----------+--------+
| ename    | deptno |
+----------+--------+
| AARAV    |     10 |
| THOMAS   |     10 |
| CLARK    |     10 |
| KING     |     10 |
| MILLER   |     10 |
| SHARMIN  |     20 |
| BANDISH  |     20 |
| SMITH    |     20 |
| JONES    |     20 |
| SCOTT    |     20 |
| FRED     |     20 |
| ADAMS    |     20 |
| FORD     |     20 |
| GITA     |     30 |
| ALLEN    |     30 |
| WARD     |     30 |
| MARTIN   |     30 |
| BLAKE    |     30 |
| TURNER   |     30 |
| JAMES    |     30 |
| HOFFMAN  |     30 |
| GRASS    |     30 |
| AARUSH   |     30 |
| ALEX     |     30 |
| NATASHA  |     30 |
| VRUSHALI |     50 |
| SANGITA  |     50 |
| SUPRIYA  |     50 |
+----------+--------+
28 rows in set (0.00 sec)

mysql> selecr * from student where day(DOB)=7;
ERROR 1064 (42000): You have an error in your SQL syntax; check the manual that corresponds to your MySQL server version for the right syntax to use near 'selecr * from student where day(DOB)=7' at line 1
mysql> selecr * from course_batches where day(DOB)=7;
ERROR 1064 (42000): You have an error in your SQL syntax; check the manual that corresponds to your MySQL server version for the right syntax to use near 'selecr * from course_batches where day(DOB)=7' at line 1
mysql> select * from course_batches where day(DOB)=7;
ERROR 1146 (42S02): Table 'dac51.course_batches' doesn't exist
mysql>
mysql>
mysql> use dac51_campus;
Database changed
mysql> select * from course_batches where day(DOB)=7;
ERROR 1054 (42S22): Unknown column 'DOB' in 'where clause'
mysql> select * from course_batches where day(endon)=7;
ERROR 1054 (42S22): Unknown column 'endon' in 'where clause'
mysql> select * from course_batches where day(endson)=7;
Empty set (0.01 sec)

mysql> select * from course_batches where day(endson)=1;
Empty set (0.00 sec)

mysql> select * from course_batches where day(endon)=1;
ERROR 1054 (42S22): Unknown column 'endon' in 'where clause'
mysql>
mysql>
mysql>
mysql> show tables;
+------------------------+
| Tables_in_dac51_campus |
+------------------------+
| batch_students         |
| course                 |
| course_batches         |
| course_modules         |
| faculty                |
| faculty_address        |
| faculty_phone          |
| faculty_qualifications |
| modules                |
| student                |
| student_address        |
| student_cards          |
| student_order          |
| student_phone          |
| student_qualifications |
+------------------------+
15 rows in set (0.00 sec)

mysql> desc course_batches;
+----------+-------------+------+-----+---------+-------+
| Field    | Type        | Null | Key | Default | Extra |
+----------+-------------+------+-----+---------+-------+
| ID       | int         | NO   | PRI | NULL    |       |
| name     | varchar(45) | YES  |     | NULL    |       |
| courseID | int         | YES  | MUL | NULL    |       |
| starton  | date        | YES  |     | NULL    |       |
| endson   | date        | YES  |     | NULL    |       |
| capacity | int         | YES  |     | NULL    |       |
+----------+-------------+------+-----+---------+-------+
6 rows in set (0.00 sec)

mysql> select * from course_batches where day(endson)=1;
Empty set (0.00 sec)

mysql> select * from course_batches;
+----+---------+----------+------------+------------+----------+
| ID | name    | courseID | starton    | endson     | capacity |
+----+---------+----------+------------+------------+----------+
|  1 | Batch1  |        1 | 2016-02-01 | 2016-08-31 |       80 |
|  2 | Batch2  |        2 | 2016-02-01 | 2016-08-31 |       30 |
|  3 | Batch3  |        3 | 2016-02-01 | 2016-03-31 |       35 |
|  4 | Batch4  |        4 | 2016-07-01 | 2016-09-30 |       25 |
|  5 | Batch5  |        5 | 2016-07-01 | 2016-09-30 |       25 |
|  6 | Batch6  |        1 | 2015-02-01 | 2015-08-31 |       80 |
|  7 | Batch7  |        2 | 2015-02-01 | 2015-08-31 |       30 |
|  8 | Batch8  |        3 | 2017-04-01 | 2017-05-31 |       30 |
|  9 | Batch9  |        4 | 2018-07-01 | 2018-09-30 |       25 |
| 10 | Batch10 |        5 | 2018-09-01 | 2018-11-30 |       25 |
| 11 | Batch11 |        1 | 2017-08-01 | 2018-02-28 |       80 |
| 12 | Batch12 |        2 | 2017-08-01 | 2018-02-28 |       30 |
| 13 | Batch13 |        3 | 2017-07-01 | 2017-08-31 |       30 |
| 14 | Batch14 |        4 | 2018-05-01 | 2018-07-31 |       25 |
| 15 | Batch15 |        5 | 2018-06-01 | 2018-08-30 |       25 |
| 16 | Batch16 |        1 | 2014-08-01 | 2015-02-28 |       80 |
| 17 | Batch17 |        2 | 2014-08-01 | 2015-02-28 |       30 |
| 18 | Batch18 |        3 | 2018-03-01 | 2018-04-30 |       35 |
| 19 | Batch19 |        4 | 2019-01-01 | 2019-03-30 |       25 |
| 20 | Batch20 |        5 | 2018-12-01 | 2019-02-28 |       25 |
| 21 | Batch21 |        1 | 2015-08-01 | 2016-02-28 |       80 |
| 22 | Batch22 |        2 | 2015-08-01 | 2016-02-28 |       30 |
| 23 | Batch23 |        3 | 2019-03-01 | 2019-04-30 |       40 |
| 24 | Batch24 |        4 | 2019-01-01 | 2019-03-30 |       30 |
| 25 | Batch25 |        6 | 2019-01-01 | 2019-03-30 |       30 |
+----+---------+----------+------------+------------+----------+
25 rows in set (0.00 sec)

mysql> select * from course_batches where Day(endson);
+----+---------+----------+------------+------------+----------+
| ID | name    | courseID | starton    | endson     | capacity |
+----+---------+----------+------------+------------+----------+
|  1 | Batch1  |        1 | 2016-02-01 | 2016-08-31 |       80 |
|  2 | Batch2  |        2 | 2016-02-01 | 2016-08-31 |       30 |
|  3 | Batch3  |        3 | 2016-02-01 | 2016-03-31 |       35 |
|  4 | Batch4  |        4 | 2016-07-01 | 2016-09-30 |       25 |
|  5 | Batch5  |        5 | 2016-07-01 | 2016-09-30 |       25 |
|  6 | Batch6  |        1 | 2015-02-01 | 2015-08-31 |       80 |
|  7 | Batch7  |        2 | 2015-02-01 | 2015-08-31 |       30 |
|  8 | Batch8  |        3 | 2017-04-01 | 2017-05-31 |       30 |
|  9 | Batch9  |        4 | 2018-07-01 | 2018-09-30 |       25 |
| 10 | Batch10 |        5 | 2018-09-01 | 2018-11-30 |       25 |
| 11 | Batch11 |        1 | 2017-08-01 | 2018-02-28 |       80 |
| 12 | Batch12 |        2 | 2017-08-01 | 2018-02-28 |       30 |
| 13 | Batch13 |        3 | 2017-07-01 | 2017-08-31 |       30 |
| 14 | Batch14 |        4 | 2018-05-01 | 2018-07-31 |       25 |
| 15 | Batch15 |        5 | 2018-06-01 | 2018-08-30 |       25 |
| 16 | Batch16 |        1 | 2014-08-01 | 2015-02-28 |       80 |
| 17 | Batch17 |        2 | 2014-08-01 | 2015-02-28 |       30 |
| 18 | Batch18 |        3 | 2018-03-01 | 2018-04-30 |       35 |
| 19 | Batch19 |        4 | 2019-01-01 | 2019-03-30 |       25 |
| 20 | Batch20 |        5 | 2018-12-01 | 2019-02-28 |       25 |
| 21 | Batch21 |        1 | 2015-08-01 | 2016-02-28 |       80 |
| 22 | Batch22 |        2 | 2015-08-01 | 2016-02-28 |       30 |
| 23 | Batch23 |        3 | 2019-03-01 | 2019-04-30 |       40 |
| 24 | Batch24 |        4 | 2019-01-01 | 2019-03-30 |       30 |
| 25 | Batch25 |        6 | 2019-01-01 | 2019-03-30 |       30 |
+----+---------+----------+------------+------------+----------+
25 rows in set (0.00 sec)

mysql> select * from course_batches where Day(endson)=1;
Empty set (0.00 sec)

mysql> select * from course_batches where Day(endson)=2;
Empty set (0.00 sec)

mysql> select * from course_batches where Day(endson)=3;
Empty set (0.00 sec)

mysql> select * from course_batches where Day(endson)=4;
Empty set (0.00 sec)

mysql> select * from course_batches where Day(endson)=5;
Empty set (0.00 sec)

mysql> select * from course_batches where Day(endson)=6;
Empty set (0.00 sec)

mysql> select Day(endson)=6 from course_batches;
+---------------+
| Day(endson)=6 |
+---------------+
|             0 |
|             0 |
|             0 |
|             0 |
|             0 |
|             0 |
|             0 |
|             0 |
|             0 |
|             0 |
|             0 |
|             0 |
|             0 |
|             0 |
|             0 |
|             0 |
|             0 |
|             0 |
|             0 |
|             0 |
|             0 |
|             0 |
|             0 |
|             0 |
|             0 |
+---------------+
25 rows in set (0.00 sec)

mysql> select * from course_batches where Day(endson)=6;
Empty set (0.00 sec)

mysql> select * from course_batches where Dayofweek(endson)=6;
+----+---------+----------+------------+------------+----------+
| ID | name    | courseID | starton    | endson     | capacity |
+----+---------+----------+------------+------------+----------+
|  4 | Batch4  |        4 | 2016-07-01 | 2016-09-30 |       25 |
|  5 | Batch5  |        5 | 2016-07-01 | 2016-09-30 |       25 |
| 10 | Batch10 |        5 | 2018-09-01 | 2018-11-30 |       25 |
+----+---------+----------+------------+------------+----------+
3 rows in set (0.00 sec)

mysql>        select * from student where day(DOB)=1
    -> ;
+----+-----------+----------+------------+--------------------------+
| ID | namefirst | namelast | DOB        | emailID                  |
+----+-----------+----------+------------+--------------------------+
|  6 | lala      | prasad   | 1980-12-01 | lala.prasad@gmail.com    |
| 13 | nrupali   | save     | 1981-12-01 | nrupali.save@gmail.com   |
| 16 | sangita   | karnik   | 1990-12-01 | sangita.karnik@gmail.com |
+----+-----------+----------+------------+--------------------------+
3 rows in set (0.02 sec)

mysql>        select * from student where dayofweek(DOB)=1
    -> ;
+----+-----------+----------+------------+-------------------------+
| ID | namefirst | namelast | DOB        | emailID                 |
+----+-----------+----------+------------+-------------------------+
|  3 | ulka      | joshi    | 1970-10-25 | ulka.joshi@gmail.com    |
|  4 | rahul     | patil    | 1982-10-31 | rahul.patil@gmail.com   |
|  7 | sharmin   | bagde    | 1986-12-14 | sharmin.bagde@gmail.com |
| 12 | deep      | save     | 1986-11-30 | deep.save@gmail.com     |
| 19 | bhavin    | patel    | 1983-11-13 | bhavin.patel@gmail.com  |
| 28 | raj       | bubber   | 1982-02-28 | raj.bubber@gmail.com    |
+----+-----------+----------+------------+-------------------------+
6 rows in set (0.00 sec)

mysql>       select number,rpad(number,4,'*') from student_phone;
+------------+--------------------+
| number     | rpad(number,4,'*') |
+------------+--------------------+
| 7032300034 | 7032               |
| 7032300039 | 7032               |
| 7032300050 | 7032               |
| 7032300027 | 7032               |
| 7032300801 | 7032               |
| 7032300079 | 7032               |
| 7032300081 | 7032               |
| 7032300054 | 7032               |
| 7032300059 | 7032               |
| 7032300086 | 7032               |
| 7032300082 | 7032               |
| 7032300042 | 7032               |
| 7032300055 | 7032               |
| 7032300013 | 7032               |
| 7032300099 | 7032               |
| 7032300023 | 7032               |
| 7032300084 | 7032               |
| 7032300011 | 7032               |
| 7032300066 | 7032               |
| 7032300096 | 7032               |
| 7132300034 | 7132               |
| 7132300039 | 7132               |
| 7132300050 | 7132               |
| 7132300027 | 7132               |
| 7032300001 | 7032               |
| 7132300079 | 7132               |
| 7132300081 | 7132               |
| 7132300054 | 7132               |
| 7132300059 | 7132               |
| 7132300086 | 7132               |
| 7132300082 | 7132               |
| 7132300042 | 7132               |
| 7132300055 | 7132               |
| 7132376055 | 7132               |
| 7132307055 | 7132               |
| 7134567123 | 7134               |
| 7156567123 | 7156               |
| 7156567134 | 7156               |
| 7156563423 | 7156               |
| 7156567183 | 7156               |
| 7146566412 | 7146               |
+------------+--------------------+
41 rows in set (0.03 sec)

mysql>       select number,rpad(number,10,'*') from student_phone;
+------------+---------------------+
| number     | rpad(number,10,'*') |
+------------+---------------------+
| 7032300034 | 7032300034          |
| 7032300039 | 7032300039          |
| 7032300050 | 7032300050          |
| 7032300027 | 7032300027          |
| 7032300801 | 7032300801          |
| 7032300079 | 7032300079          |
| 7032300081 | 7032300081          |
| 7032300054 | 7032300054          |
| 7032300059 | 7032300059          |
| 7032300086 | 7032300086          |
| 7032300082 | 7032300082          |
| 7032300042 | 7032300042          |
| 7032300055 | 7032300055          |
| 7032300013 | 7032300013          |
| 7032300099 | 7032300099          |
| 7032300023 | 7032300023          |
| 7032300084 | 7032300084          |
| 7032300011 | 7032300011          |
| 7032300066 | 7032300066          |
| 7032300096 | 7032300096          |
| 7132300034 | 7132300034          |
| 7132300039 | 7132300039          |
| 7132300050 | 7132300050          |
| 7132300027 | 7132300027          |
| 7032300001 | 7032300001          |
| 7132300079 | 7132300079          |
| 7132300081 | 7132300081          |
| 7132300054 | 7132300054          |
| 7132300059 | 7132300059          |
| 7132300086 | 7132300086          |
| 7132300082 | 7132300082          |
| 7132300042 | 7132300042          |
| 7132300055 | 7132300055          |
| 7132376055 | 7132376055          |
| 7132307055 | 7132307055          |
| 7134567123 | 7134567123          |
| 7156567123 | 7156567123          |
| 7156567134 | 7156567134          |
| 7156563423 | 7156563423          |
| 7156567183 | 7156567183          |
| 7146566412 | 7146566412          |
+------------+---------------------+
41 rows in set (0.00 sec)

mysql>       select number,rpad(number,14,'*') from student_phone;
+------------+---------------------+
| number     | rpad(number,14,'*') |
+------------+---------------------+
| 7032300034 | 7032300034****      |
| 7032300039 | 7032300039****      |
| 7032300050 | 7032300050****      |
| 7032300027 | 7032300027****      |
| 7032300801 | 7032300801****      |
| 7032300079 | 7032300079****      |
| 7032300081 | 7032300081****      |
| 7032300054 | 7032300054****      |
| 7032300059 | 7032300059****      |
| 7032300086 | 7032300086****      |
| 7032300082 | 7032300082****      |
| 7032300042 | 7032300042****      |
| 7032300055 | 7032300055****      |
| 7032300013 | 7032300013****      |
| 7032300099 | 7032300099****      |
| 7032300023 | 7032300023****      |
| 7032300084 | 7032300084****      |
| 7032300011 | 7032300011****      |
| 7032300066 | 7032300066****      |
| 7032300096 | 7032300096****      |
| 7132300034 | 7132300034****      |
| 7132300039 | 7132300039****      |
| 7132300050 | 7132300050****      |
| 7132300027 | 7132300027****      |
| 7032300001 | 7032300001****      |
| 7132300079 | 7132300079****      |
| 7132300081 | 7132300081****      |
| 7132300054 | 7132300054****      |
| 7132300059 | 7132300059****      |
| 7132300086 | 7132300086****      |
| 7132300082 | 7132300082****      |
| 7132300042 | 7132300042****      |
| 7132300055 | 7132300055****      |
| 7132376055 | 7132376055****      |
| 7132307055 | 7132307055****      |
| 7134567123 | 7134567123****      |
| 7156567123 | 7156567123****      |
| 7156567134 | 7156567134****      |
| 7156563423 | 7156563423****      |
| 7156567183 | 7156567183****      |
| 7146566412 | 7146566412****      |
+------------+---------------------+
41 rows in set (0.00 sec)

mysql> select number,substr(number,5,'*') from student_phone;
+------------+----------------------+
| number     | substr(number,5,'*') |
+------------+----------------------+
| 7032300034 |                      |
| 7032300039 |                      |
| 7032300050 |                      |
| 7032300027 |                      |
| 7032300801 |                      |
| 7032300079 |                      |
| 7032300081 |                      |
| 7032300054 |                      |
| 7032300059 |                      |
| 7032300086 |                      |
| 7032300082 |                      |
| 7032300042 |                      |
| 7032300055 |                      |
| 7032300013 |                      |
| 7032300099 |                      |
| 7032300023 |                      |
| 7032300084 |                      |
| 7032300011 |                      |
| 7032300066 |                      |
| 7032300096 |                      |
| 7132300034 |                      |
| 7132300039 |                      |
| 7132300050 |                      |
| 7132300027 |                      |
| 7032300001 |                      |
| 7132300079 |                      |
| 7132300081 |                      |
| 7132300054 |                      |
| 7132300059 |                      |
| 7132300086 |                      |
| 7132300082 |                      |
| 7132300042 |                      |
| 7132300055 |                      |
| 7132376055 |                      |
| 7132307055 |                      |
| 7134567123 |                      |
| 7156567123 |                      |
| 7156567134 |                      |
| 7156563423 |                      |
| 7156567183 |                      |
| 7146566412 |                      |
+------------+----------------------+
41 rows in set, 42 warnings (0.00 sec)

mysql> select substr(number,10,'*') from student_phone;
+-----------------------+
| substr(number,10,'*') |
+-----------------------+
|                       |
|                       |
|                       |
|                       |
|                       |
|                       |
|                       |
|                       |
|                       |
|                       |
|                       |
|                       |
|                       |
|                       |
|                       |
|                       |
|                       |
|                       |
|                       |
|                       |
|                       |
|                       |
|                       |
|                       |
|                       |
|                       |
|                       |
|                       |
|                       |
|                       |
|                       |
|                       |
|                       |
|                       |
|                       |
|                       |
|                       |
|                       |
|                       |
|                       |
|                       |
+-----------------------+
41 rows in set, 42 warnings (0.00 sec)

mysql> select replace(number,4,'*') from student_phone;
+-----------------------+
| replace(number,4,'*') |
+-----------------------+
| 703230003*            |
| 7032300039            |
| 7032300050            |
| 7032300027            |
| 7032300801            |
| 7032300079            |
| 7032300081            |
| 703230005*            |
| 7032300059            |
| 7032300086            |
| 7032300082            |
| 70323000*2            |
| 7032300055            |
| 7032300013            |
| 7032300099            |
| 7032300023            |
| 703230008*            |
| 7032300011            |
| 7032300066            |
| 7032300096            |
| 713230003*            |
| 7132300039            |
| 7132300050            |
| 7132300027            |
| 7032300001            |
| 7132300079            |
| 7132300081            |
| 713230005*            |
| 7132300059            |
| 7132300086            |
| 7132300082            |
| 71323000*2            |
| 7132300055            |
| 7132376055            |
| 7132307055            |
| 713*567123            |
| 7156567123            |
| 715656713*            |
| 7156563*23            |
| 7156567183            |
| 71*6566*12            |
+-----------------------+
41 rows in set (0.00 sec)

mysql> select number,substr(number,4,'*') from student_phone;
+------------+----------------------+
| number     | substr(number,4,'*') |
+------------+----------------------+
| 7032300034 |                      |
| 7032300039 |                      |
| 7032300050 |                      |
| 7032300027 |                      |
| 7032300801 |                      |
| 7032300079 |                      |
| 7032300081 |                      |
| 7032300054 |                      |
| 7032300059 |                      |
| 7032300086 |                      |
| 7032300082 |                      |
| 7032300042 |                      |
| 7032300055 |                      |
| 7032300013 |                      |
| 7032300099 |                      |
| 7032300023 |                      |
| 7032300084 |                      |
| 7032300011 |                      |
| 7032300066 |                      |
| 7032300096 |                      |
| 7132300034 |                      |
| 7132300039 |                      |
| 7132300050 |                      |
| 7132300027 |                      |
| 7032300001 |                      |
| 7132300079 |                      |
| 7132300081 |                      |
| 7132300054 |                      |
| 7132300059 |                      |
| 7132300086 |                      |
| 7132300082 |                      |
| 7132300042 |                      |
| 7132300055 |                      |
| 7132376055 |                      |
| 7132307055 |                      |
| 7134567123 |                      |
| 7156567123 |                      |
| 7156567134 |                      |
| 7156563423 |                      |
| 7156567183 |                      |
| 7146566412 |                      |
+------------+----------------------+
41 rows in set, 42 warnings (0.00 sec)

mysql> select number,substr(number,10,'*') from student_phone;
+------------+-----------------------+
| number     | substr(number,10,'*') |
+------------+-----------------------+
| 7032300034 |                       |
| 7032300039 |                       |
| 7032300050 |                       |
| 7032300027 |                       |
| 7032300801 |                       |
| 7032300079 |                       |
| 7032300081 |                       |
| 7032300054 |                       |
| 7032300059 |                       |
| 7032300086 |                       |
| 7032300082 |                       |
| 7032300042 |                       |
| 7032300055 |                       |
| 7032300013 |                       |
| 7032300099 |                       |
| 7032300023 |                       |
| 7032300084 |                       |
| 7032300011 |                       |
| 7032300066 |                       |
| 7032300096 |                       |
| 7132300034 |                       |
| 7132300039 |                       |
| 7132300050 |                       |
| 7132300027 |                       |
| 7032300001 |                       |
| 7132300079 |                       |
| 7132300081 |                       |
| 7132300054 |                       |
| 7132300059 |                       |
| 7132300086 |                       |
| 7132300082 |                       |
| 7132300042 |                       |
| 7132300055 |                       |
| 7132376055 |                       |
| 7132307055 |                       |
| 7134567123 |                       |
| 7156567123 |                       |
| 7156567134 |                       |
| 7156563423 |                       |
| 7156567183 |                       |
| 7146566412 |                       |
+------------+-----------------------+
41 rows in set, 42 warnings (0.00 sec)

mysql> select number concat(left(number,4),'******') from student_phone;
ERROR 1064 (42000): You have an error in your SQL syntax; check the manual that corresponds to your MySQL server version for the right syntax to use near '(left(number,4),'******') from student_phone' at line 1
mysql> select number concat(left(number,4),'******') from student_phone;
ERROR 1064 (42000): You have an error in your SQL syntax; check the manual that corresponds to your MySQL server version for the right syntax to use near '(left(number,4),'******') from student_phone' at line 1
mysql> select number left(number,4)+'******' from student_phone;
ERROR 1064 (42000): You have an error in your SQL syntax; check the manual that corresponds to your MySQL server version for the right syntax to use near 'left(number,4)+'******' from student_phone' at line 1
mysql>
mysql>
mysql>
mysql> select number left(number,4) from student_phone;
ERROR 1064 (42000): You have an error in your SQL syntax; check the manual that corresponds to your MySQL server version for the right syntax to use near 'left(number,4) from student_phone' at line 1
mysql>
mysql>
mysql>
mysql> select number,concat(left(number,4),'******') from student_phone;
+------------+---------------------------------+
| number     | concat(left(number,4),'******') |
+------------+---------------------------------+
| 7032300034 | 7032******                      |
| 7032300039 | 7032******                      |
| 7032300050 | 7032******                      |
| 7032300027 | 7032******                      |
| 7032300801 | 7032******                      |
| 7032300079 | 7032******                      |
| 7032300081 | 7032******                      |
| 7032300054 | 7032******                      |
| 7032300059 | 7032******                      |
| 7032300086 | 7032******                      |
| 7032300082 | 7032******                      |
| 7032300042 | 7032******                      |
| 7032300055 | 7032******                      |
| 7032300013 | 7032******                      |
| 7032300099 | 7032******                      |
| 7032300023 | 7032******                      |
| 7032300084 | 7032******                      |
| 7032300011 | 7032******                      |
| 7032300066 | 7032******                      |
| 7032300096 | 7032******                      |
| 7132300034 | 7132******                      |
| 7132300039 | 7132******                      |
| 7132300050 | 7132******                      |
| 7132300027 | 7132******                      |
| 7032300001 | 7032******                      |
| 7132300079 | 7132******                      |
| 7132300081 | 7132******                      |
| 7132300054 | 7132******                      |
| 7132300059 | 7132******                      |
| 7132300086 | 7132******                      |
| 7132300082 | 7132******                      |
| 7132300042 | 7132******                      |
| 7132300055 | 7132******                      |
| 7132376055 | 7132******                      |
| 7132307055 | 7132******                      |
| 7134567123 | 7134******                      |
| 7156567123 | 7156******                      |
| 7156567134 | 7156******                      |
| 7156563423 | 7156******                      |
| 7156567183 | 7156******                      |
| 7146566412 | 7146******                      |
+------------+---------------------------------+
41 rows in set (0.00 sec)

mysql> select if(1984-06-12,'12 th of June 1984','Non');
+-------------------------------------------+
| if(1984-06-12,'12 th of June 1984','Non') |
+-------------------------------------------+
| 12 th of June 1984                        |
+-------------------------------------------+
1 row in set (0.00 sec)

mysql> select if(1984-06-12,'12 th of June 1984','Non') R1;
+--------------------+
| R1                 |
+--------------------+
| 12 th of June 1984 |
+--------------------+
1 row in set (0.00 sec)

mysql> select name,dob,str_to_date(1984-06-12,'12th of june 1984') from student;
ERROR 1054 (42S22): Unknown column 'name' in 'field list'
mysql> select id,dob,str_to_date(1984-06-12,'12th of june 1984') from student;
+----+------------+---------------------------------------------+
| id | dob        | str_to_date(1984-06-12,'12th of june 1984') |
+----+------------+---------------------------------------------+
|  1 | 1984-06-12 | NULL                                        |
|  2 | 1969-10-25 | NULL                                        |
|  3 | 1970-10-25 | NULL                                        |
|  4 | 1982-10-31 | NULL                                        |
|  5 | 1984-01-12 | NULL                                        |
|  6 | 1980-12-01 | NULL                                        |
|  7 | 1986-12-14 | NULL                                        |
|  8 | 1984-12-29 | NULL                                        |
|  9 | 1992-10-26 | NULL                                        |
| 10 | 1990-10-26 | NULL                                        |
| 11 | 1975-10-30 | NULL                                        |
| 12 | 1986-11-30 | NULL                                        |
| 13 | 1981-12-01 | NULL                                        |
| 14 | 1983-12-15 | NULL                                        |
| 15 | 1987-12-30 | NULL                                        |
| 16 | 1990-12-01 | NULL                                        |
| 17 | 1989-10-26 | NULL                                        |
| 18 | 1982-06-12 | NULL                                        |
| 19 | 1983-11-13 | NULL                                        |
| 20 | 1982-07-30 | NULL                                        |
| 21 | 1982-07-30 | NULL                                        |
| 22 | 1982-07-30 | NULL                                        |
| 23 | 1982-07-30 | NULL                                        |
| 24 | 1982-07-30 | NULL                                        |
| 25 | 1982-07-30 | NULL                                        |
| 26 | 1972-05-13 | NULL                                        |
| 27 | 1976-12-31 | NULL                                        |
| 28 | 1982-02-28 | NULL                                        |
+----+------------+---------------------------------------------+
28 rows in set, 28 warnings (0.02 sec)

mysql> SELECT DATE_FORMAT(NOW(), '%Y');
+--------------------------+
| DATE_FORMAT(NOW(), '%Y') |
+--------------------------+
| 2023                     |
+--------------------------+
1 row in set (0.00 sec)

mysql> SELECT DATE_FORMAT(NOW(), '%W');
+--------------------------+
| DATE_FORMAT(NOW(), '%W') |
+--------------------------+
| Monday                   |
+--------------------------+
1 row in set (0.00 sec)

mysql> SELECT DATE_FORMAT(NOW(), '%r');
+--------------------------+
| DATE_FORMAT(NOW(), '%r') |
+--------------------------+
| 03:26:54 PM              |
+--------------------------+
1 row in set (0.00 sec)

mysql> SELECT DATE_FORMAT(NOW(), '%D');
+--------------------------+
| DATE_FORMAT(NOW(), '%D') |
+--------------------------+
| 17th                     |
+--------------------------+
1 row in set (0.00 sec)

mysql> SELECT DATE_FORMAT(NOW(), '%D%b );
    '> ;
    '> ^C
mysql> SELECT DATE_FORMAT(NOW(), '%D%b' );
+-----------------------------+
| DATE_FORMAT(NOW(), '%D%b' ) |
+-----------------------------+
| 17thApr                     |
+-----------------------------+
1 row in set (0.00 sec)

mysql> SELECT DATE_FORMAT(NOW(), '%D %b' );
+------------------------------+
| DATE_FORMAT(NOW(), '%D %b' ) |
+------------------------------+
| 17th Apr                     |
+------------------------------+
1 row in set (0.00 sec)

mysql> SELECT DATE_FORMAT(NOW(), '%D %b %Y' );
+---------------------------------+
| DATE_FORMAT(NOW(), '%D %b %Y' ) |
+---------------------------------+
| 17th Apr 2023                   |
+---------------------------------+
1 row in set (0.00 sec)

mysql> SELECT DATE_FORMAT(NOW(), '%D of %b %Y' );
+------------------------------------+
| DATE_FORMAT(NOW(), '%D of %b %Y' ) |
+------------------------------------+
| 17th of Apr 2023                   |
+------------------------------------+
1 row in set (0.00 sec)

mysql> SELECT DATE_FORMAT(DOB, '%D of %b %Y' ) from student;
+----------------------------------+
| DATE_FORMAT(DOB, '%D of %b %Y' ) |
+----------------------------------+
| 12th of Jun 1984                 |
| 25th of Oct 1969                 |
| 25th of Oct 1970                 |
| 31st of Oct 1982                 |
| 12th of Jan 1984                 |
| 1st of Dec 1980                  |
| 14th of Dec 1986                 |
| 29th of Dec 1984                 |
| 26th of Oct 1992                 |
| 26th of Oct 1990                 |
| 30th of Oct 1975                 |
| 30th of Nov 1986                 |
| 1st of Dec 1981                  |
| 15th of Dec 1983                 |
| 30th of Dec 1987                 |
| 1st of Dec 1990                  |
| 26th of Oct 1989                 |
| 12th of Jun 1982                 |
| 13th of Nov 1983                 |
| 30th of Jul 1982                 |
| 30th of Jul 1982                 |
| 30th of Jul 1982                 |
| 30th of Jul 1982                 |
| 30th of Jul 1982                 |
| 30th of Jul 1982                 |
| 13th of May 1972                 |
| 31st of Dec 1976                 |
| 28th of Feb 1982                 |
+----------------------------------+
28 rows in set (0.00 sec)

mysql> SELECT DOB,DATE_FORMAT(DOB, '%D of %b %Y') from student;
+------------+---------------------------------+
| DOB        | DATE_FORMAT(DOB, '%D of %b %Y') |
+------------+---------------------------------+
| 1984-06-12 | 12th of Jun 1984                |
| 1969-10-25 | 25th of Oct 1969                |
| 1970-10-25 | 25th of Oct 1970                |
| 1982-10-31 | 31st of Oct 1982                |
| 1984-01-12 | 12th of Jan 1984                |
| 1980-12-01 | 1st of Dec 1980                 |
| 1986-12-14 | 14th of Dec 1986                |
| 1984-12-29 | 29th of Dec 1984                |
| 1992-10-26 | 26th of Oct 1992                |
| 1990-10-26 | 26th of Oct 1990                |
| 1975-10-30 | 30th of Oct 1975                |
| 1986-11-30 | 30th of Nov 1986                |
| 1981-12-01 | 1st of Dec 1981                 |
| 1983-12-15 | 15th of Dec 1983                |
| 1987-12-30 | 30th of Dec 1987                |
| 1990-12-01 | 1st of Dec 1990                 |
| 1989-10-26 | 26th of Oct 1989                |
| 1982-06-12 | 12th of Jun 1982                |
| 1983-11-13 | 13th of Nov 1983                |
| 1982-07-30 | 30th of Jul 1982                |
| 1982-07-30 | 30th of Jul 1982                |
| 1982-07-30 | 30th of Jul 1982                |
| 1982-07-30 | 30th of Jul 1982                |
| 1982-07-30 | 30th of Jul 1982                |
| 1982-07-30 | 30th of Jul 1982                |
| 1972-05-13 | 13th of May 1972                |
| 1976-12-31 | 31st of Dec 1976                |
| 1982-02-28 | 28th of Feb 1982                |
+------------+---------------------------------+
28 rows in set (0.00 sec)

mysql> select * from course_batches where Dayofweek(DOB)=6;
ERROR 1054 (42S22): Unknown column 'DOB' in 'where clause'
mysql> select * from student where Dayofweek(DOB)=6;
+----+-----------+----------+------------+--------------------------+
| ID | namefirst | namelast | DOB        | emailID                  |
+----+-----------+----------+------------+--------------------------+
| 10 | nitish    | patil    | 1990-10-26 | nitish.patil@gmail.com   |
| 20 | kaushal   | patil    | 1982-07-30 | kaushal.patil@gmail.com  |
| 21 | pankaj    | gandhi   | 1982-07-30 | pankaj.gandhi@gmail.com  |
| 22 | rajan     | patel    | 1982-07-30 | rajan.patel@gmail.com    |
| 23 | bhavin    | patel    | 1982-07-30 | bhavin.patel@gmail.com   |
| 24 | mukesh    | bhavsar  | 1982-07-30 | mukesh.bhavsar@gmail.com |
| 25 | dilu      | khande   | 1982-07-30 | dilu.khande@gmail.com    |
| 27 | rohit     | patil    | 1976-12-31 | rohit.patil@gmail.com    |
+----+-----------+----------+------------+--------------------------+
8 rows in set (0.00 sec)

mysql> select * from student where Dayofweek(DOB)=1;
+----+-----------+----------+------------+-------------------------+
| ID | namefirst | namelast | DOB        | emailID                 |
+----+-----------+----------+------------+-------------------------+
|  3 | ulka      | joshi    | 1970-10-25 | ulka.joshi@gmail.com    |
|  4 | rahul     | patil    | 1982-10-31 | rahul.patil@gmail.com   |
|  7 | sharmin   | bagde    | 1986-12-14 | sharmin.bagde@gmail.com |
| 12 | deep      | save     | 1986-11-30 | deep.save@gmail.com     |
| 19 | bhavin    | patel    | 1983-11-13 | bhavin.patel@gmail.com  |
| 28 | raj       | bubber   | 1982-02-28 | raj.bubber@gmail.com    |
+----+-----------+----------+------------+-------------------------+
6 rows in set (0.00 sec)

mysql> select * from student where quarter(DOB)=4;
+----+-----------+----------+------------+--------------------------+
| ID | namefirst | namelast | DOB        | emailID                  |
+----+-----------+----------+------------+--------------------------+
|  2 | omkar     | rakde    | 1969-10-25 | omkar.rakde@gmail.com    |
|  3 | ulka      | joshi    | 1970-10-25 | ulka.joshi@gmail.com     |
|  4 | rahul     | patil    | 1982-10-31 | rahul.patil@gmail.com    |
|  6 | lala      | prasad   | 1980-12-01 | lala.prasad@gmail.com    |
|  7 | sharmin   | bagde    | 1986-12-14 | sharmin.bagde@gmail.com  |
|  8 | vrushali  | bagde    | 1984-12-29 | vrushali.bagde@gmail.com |
|  9 | vasant    | khande   | 1992-10-26 | vasant.khande@gmail.com  |
| 10 | nitish    | patil    | 1990-10-26 | nitish.patil@gmail.com   |
| 11 | neel      | save     | 1975-10-30 | neel.save@gmail.com      |
| 12 | deep      | save     | 1986-11-30 | deep.save@gmail.com      |
| 13 | nrupali   | save     | 1981-12-01 | nrupali.save@gmail.com   |
| 14 | supriya   | karnik   | 1983-12-15 | supriya.karnik@gmail.com |
| 15 | bandish   | karnik   | 1987-12-30 | bandish.karnik@gmail.com |
| 16 | sangita   | karnik   | 1990-12-01 | sangita.karnik@gmail.com |
| 17 | sangita   | menon    | 1989-10-26 | sangita.menon@gmail.com  |
| 19 | bhavin    | patel    | 1983-11-13 | bhavin.patel@gmail.com   |
| 27 | rohit     | patil    | 1976-12-31 | rohit.patil@gmail.com    |
+----+-----------+----------+------------+--------------------------+
17 rows in set (0.00 sec)

mysql> select * from student where Dayofweek(DOB);
+----+-----------+----------+------------+--------------------------+
| ID | namefirst | namelast | DOB        | emailID                  |
+----+-----------+----------+------------+--------------------------+
|  1 | saleel    | bagde    | 1984-06-12 | saleel.bagde@gmail.com   |
|  2 | omkar     | rakde    | 1969-10-25 | omkar.rakde@gmail.com    |
|  3 | ulka      | joshi    | 1970-10-25 | ulka.joshi@gmail.com     |
|  4 | rahul     | patil    | 1982-10-31 | rahul.patil@gmail.com    |
|  5 | ruhan     | bagde    | 1984-01-12 | ruhan.bagde@gmail.com    |
|  6 | lala      | prasad   | 1980-12-01 | lala.prasad@gmail.com    |
|  7 | sharmin   | bagde    | 1986-12-14 | sharmin.bagde@gmail.com  |
|  8 | vrushali  | bagde    | 1984-12-29 | vrushali.bagde@gmail.com |
|  9 | vasant    | khande   | 1992-10-26 | vasant.khande@gmail.com  |
| 10 | nitish    | patil    | 1990-10-26 | nitish.patil@gmail.com   |
| 11 | neel      | save     | 1975-10-30 | neel.save@gmail.com      |
| 12 | deep      | save     | 1986-11-30 | deep.save@gmail.com      |
| 13 | nrupali   | save     | 1981-12-01 | nrupali.save@gmail.com   |
| 14 | supriya   | karnik   | 1983-12-15 | supriya.karnik@gmail.com |
| 15 | bandish   | karnik   | 1987-12-30 | bandish.karnik@gmail.com |
| 16 | sangita   | karnik   | 1990-12-01 | sangita.karnik@gmail.com |
| 17 | sangita   | menon    | 1989-10-26 | sangita.menon@gmail.com  |
| 18 | rahul     | shah     | 1982-06-12 | rahul.shah@gmail.com     |
| 19 | bhavin    | patel    | 1983-11-13 | bhavin.patel@gmail.com   |
| 20 | kaushal   | patil    | 1982-07-30 | kaushal.patil@gmail.com  |
| 21 | pankaj    | gandhi   | 1982-07-30 | pankaj.gandhi@gmail.com  |
| 22 | rajan     | patel    | 1982-07-30 | rajan.patel@gmail.com    |
| 23 | bhavin    | patel    | 1982-07-30 | bhavin.patel@gmail.com   |
| 24 | mukesh    | bhavsar  | 1982-07-30 | mukesh.bhavsar@gmail.com |
| 25 | dilu      | khande   | 1982-07-30 | dilu.khande@gmail.com    |
| 26 | sonam     | khan     | 1972-05-13 | sonam.khan@gmail.com     |
| 27 | rohit     | patil    | 1976-12-31 | rohit.patil@gmail.com    |
| 28 | raj       | bubber   | 1982-02-28 | raj.bubber@gmail.com     |
+----+-----------+----------+------------+--------------------------+
28 rows in set (0.00 sec)

mysql> select DOB,Dayofweek(DOB);
ERROR 1054 (42S22): Unknown column 'DOB' in 'field list'
mysql> select DOB,Dayofweek(DOB) from student;
+------------+----------------+
| DOB        | Dayofweek(DOB) |
+------------+----------------+
| 1984-06-12 |              3 |
| 1969-10-25 |              7 |
| 1970-10-25 |              1 |
| 1982-10-31 |              1 |
| 1984-01-12 |              5 |
| 1980-12-01 |              2 |
| 1986-12-14 |              1 |
| 1984-12-29 |              7 |
| 1992-10-26 |              2 |
| 1990-10-26 |              6 |
| 1975-10-30 |              5 |
| 1986-11-30 |              1 |
| 1981-12-01 |              3 |
| 1983-12-15 |              5 |
| 1987-12-30 |              4 |
| 1990-12-01 |              7 |
| 1989-10-26 |              5 |
| 1982-06-12 |              7 |
| 1983-11-13 |              1 |
| 1982-07-30 |              6 |
| 1982-07-30 |              6 |
| 1982-07-30 |              6 |
| 1982-07-30 |              6 |
| 1982-07-30 |              6 |
| 1982-07-30 |              6 |
| 1972-05-13 |              7 |
| 1976-12-31 |              6 |
| 1982-02-28 |              1 |
+------------+----------------+
28 rows in set (0.00 sec)

mysql> select DOB,dayofweek(DOB) from student order by DOB;
+------------+----------------+
| DOB        | dayofweek(DOB) |
+------------+----------------+
| 1969-10-25 |              7 |
| 1970-10-25 |              1 |
| 1972-05-13 |              7 |
| 1975-10-30 |              5 |
| 1976-12-31 |              6 |
| 1980-12-01 |              2 |
| 1981-12-01 |              3 |
| 1982-02-28 |              1 |
| 1982-06-12 |              7 |
| 1982-07-30 |              6 |
| 1982-07-30 |              6 |
| 1982-07-30 |              6 |
| 1982-07-30 |              6 |
| 1982-07-30 |              6 |
| 1982-07-30 |              6 |
| 1982-10-31 |              1 |
| 1983-11-13 |              1 |
| 1983-12-15 |              5 |
| 1984-01-12 |              5 |
| 1984-06-12 |              3 |
| 1984-12-29 |              7 |
| 1986-11-30 |              1 |
| 1986-12-14 |              1 |
| 1987-12-30 |              4 |
| 1989-10-26 |              5 |
| 1990-10-26 |              6 |
| 1990-12-01 |              7 |
| 1992-10-26 |              2 |
+------------+----------------+
28 rows in set (0.00 sec)

mysql> select DOB, dayofweek(DOB) R1 from student order by DOB;
+------------+------+
| DOB        | R1   |
+------------+------+
| 1969-10-25 |    7 |
| 1970-10-25 |    1 |
| 1972-05-13 |    7 |
| 1975-10-30 |    5 |
| 1976-12-31 |    6 |
| 1980-12-01 |    2 |
| 1981-12-01 |    3 |
| 1982-02-28 |    1 |
| 1982-06-12 |    7 |
| 1982-07-30 |    6 |
| 1982-07-30 |    6 |
| 1982-07-30 |    6 |
| 1982-07-30 |    6 |
| 1982-07-30 |    6 |
| 1982-07-30 |    6 |
| 1982-10-31 |    1 |
| 1983-11-13 |    1 |
| 1983-12-15 |    5 |
| 1984-01-12 |    5 |
| 1984-06-12 |    3 |
| 1984-12-29 |    7 |
| 1986-11-30 |    1 |
| 1986-12-14 |    1 |
| 1987-12-30 |    4 |
| 1989-10-26 |    5 |
| 1990-10-26 |    6 |
| 1990-12-01 |    7 |
| 1992-10-26 |    2 |
+------------+------+
28 rows in set (0.00 sec)

mysql> select DOB, dayofweek(DOB) R1 from student order by DOB;
+------------+------+
| DOB        | R1   |
+------------+------+
| 1969-10-25 |    7 |
| 1970-10-25 |    1 |
| 1972-05-13 |    7 |
| 1975-10-30 |    5 |
| 1976-12-31 |    6 |
| 1980-12-01 |    2 |
| 1981-12-01 |    3 |
| 1982-02-28 |    1 |
| 1982-06-12 |    7 |
| 1982-07-30 |    6 |
| 1982-07-30 |    6 |
| 1982-07-30 |    6 |
| 1982-07-30 |    6 |
| 1982-07-30 |    6 |
| 1982-07-30 |    6 |
| 1982-10-31 |    1 |
| 1983-11-13 |    1 |
| 1983-12-15 |    5 |
| 1984-01-12 |    5 |
| 1984-06-12 |    3 |
| 1984-12-29 |    7 |
| 1986-11-30 |    1 |
| 1986-12-14 |    1 |
| 1987-12-30 |    4 |
| 1989-10-26 |    5 |
| 1990-10-26 |    6 |
| 1990-12-01 |    7 |
| 1992-10-26 |    2 |
+------------+------+
28 rows in set (0.00 sec)

mysql> select DOB, dayofweek(DOB) R1 from student order by DOB desc;
+------------+------+
| DOB        | R1   |
+------------+------+
| 1992-10-26 |    2 |
| 1990-12-01 |    7 |
| 1990-10-26 |    6 |
| 1989-10-26 |    5 |
| 1987-12-30 |    4 |
| 1986-12-14 |    1 |
| 1986-11-30 |    1 |
| 1984-12-29 |    7 |
| 1984-06-12 |    3 |
| 1984-01-12 |    5 |
| 1983-12-15 |    5 |
| 1983-11-13 |    1 |
| 1982-10-31 |    1 |
| 1982-07-30 |    6 |
| 1982-07-30 |    6 |
| 1982-07-30 |    6 |
| 1982-07-30 |    6 |
| 1982-07-30 |    6 |
| 1982-07-30 |    6 |
| 1982-06-12 |    7 |
| 1982-02-28 |    1 |
| 1981-12-01 |    3 |
| 1980-12-01 |    2 |
| 1976-12-31 |    6 |
| 1975-10-30 |    5 |
| 1972-05-13 |    7 |
| 1970-10-25 |    1 |
| 1969-10-25 |    7 |
+------------+------+
28 rows in set (0.00 sec)

mysql> select DOB, dayofweek(DOB) R1 from student order by r1 desc;
+------------+------+
| DOB        | R1   |
+------------+------+
| 1969-10-25 |    7 |
| 1984-12-29 |    7 |
| 1990-12-01 |    7 |
| 1982-06-12 |    7 |
| 1972-05-13 |    7 |
| 1990-10-26 |    6 |
| 1982-07-30 |    6 |
| 1982-07-30 |    6 |
| 1982-07-30 |    6 |
| 1982-07-30 |    6 |
| 1982-07-30 |    6 |
| 1982-07-30 |    6 |
| 1976-12-31 |    6 |
| 1984-01-12 |    5 |
| 1975-10-30 |    5 |
| 1983-12-15 |    5 |
| 1989-10-26 |    5 |
| 1987-12-30 |    4 |
| 1984-06-12 |    3 |
| 1981-12-01 |    3 |
| 1980-12-01 |    2 |
| 1992-10-26 |    2 |
| 1970-10-25 |    1 |
| 1982-10-31 |    1 |
| 1986-12-14 |    1 |
| 1986-11-30 |    1 |
| 1983-11-13 |    1 |
| 1982-02-28 |    1 |
+------------+------+
28 rows in set (0.00 sec)

mysql> select DOB, dayofweek(DOB) R1 from student order by r1 asc;
+------------+------+
| DOB        | R1   |
+------------+------+
| 1970-10-25 |    1 |
| 1982-10-31 |    1 |
| 1986-12-14 |    1 |
| 1986-11-30 |    1 |
| 1983-11-13 |    1 |
| 1982-02-28 |    1 |
| 1980-12-01 |    2 |
| 1992-10-26 |    2 |
| 1984-06-12 |    3 |
| 1981-12-01 |    3 |
| 1987-12-30 |    4 |
| 1984-01-12 |    5 |
| 1975-10-30 |    5 |
| 1983-12-15 |    5 |
| 1989-10-26 |    5 |
| 1990-10-26 |    6 |
| 1982-07-30 |    6 |
| 1982-07-30 |    6 |
| 1982-07-30 |    6 |
| 1982-07-30 |    6 |
| 1982-07-30 |    6 |
| 1982-07-30 |    6 |
| 1976-12-31 |    6 |
| 1969-10-25 |    7 |
| 1984-12-29 |    7 |
| 1990-12-01 |    7 |
| 1982-06-12 |    7 |
| 1972-05-13 |    7 |
+------------+------+
28 rows in set (0.00 sec)

mysql> select DOB, dayofweek(DOB) R1 from student order by r1 asc;
+------------+------+
| DOB        | R1   |
+------------+------+
| 1970-10-25 |    1 |
| 1982-10-31 |    1 |
| 1986-12-14 |    1 |
| 1986-11-30 |    1 |
| 1983-11-13 |    1 |
| 1982-02-28 |    1 |
| 1980-12-01 |    2 |
| 1992-10-26 |    2 |
| 1984-06-12 |    3 |
| 1981-12-01 |    3 |
| 1987-12-30 |    4 |
| 1984-01-12 |    5 |
| 1975-10-30 |    5 |
| 1983-12-15 |    5 |
| 1989-10-26 |    5 |
| 1990-10-26 |    6 |
| 1982-07-30 |    6 |
| 1982-07-30 |    6 |
| 1982-07-30 |    6 |
| 1982-07-30 |    6 |
| 1982-07-30 |    6 |
| 1982-07-30 |    6 |
| 1976-12-31 |    6 |
| 1969-10-25 |    7 |
| 1984-12-29 |    7 |
| 1990-12-01 |    7 |
| 1982-06-12 |    7 |
| 1972-05-13 |    7 |
+------------+------+
28 rows in set (0.00 sec)

mysql>
mysql>
mysql> select * from student DOB between day(DOB)=10 and day(DOB)=19;
ERROR 1064 (42000): You have an error in your SQL syntax; check the manual that corresponds to your MySQL server version for the right syntax to use near 'between day(DOB)=10 and day(DOB)=19' at line 1
mysql> select * from student where DOB between day(DOB)=10 and day(DOB)=19;
ERROR 1064 (42000): You have an error in your SQL syntax; check the manual that corresponds to your MySQL server version for the right syntax to use near '=10 and day(DOB)=19' at line 1
mysql>
mysql>
mysql>
mysql> select * from student where day(DOB) between 10 and 19;
+----+-----------+----------+------------+--------------------------+
| ID | namefirst | namelast | DOB        | emailID                  |
+----+-----------+----------+------------+--------------------------+
|  1 | saleel    | bagde    | 1984-06-12 | saleel.bagde@gmail.com   |
|  5 | ruhan     | bagde    | 1984-01-12 | ruhan.bagde@gmail.com    |
|  7 | sharmin   | bagde    | 1986-12-14 | sharmin.bagde@gmail.com  |
| 14 | supriya   | karnik   | 1983-12-15 | supriya.karnik@gmail.com |
| 18 | rahul     | shah     | 1982-06-12 | rahul.shah@gmail.com     |
| 19 | bhavin    | patel    | 1983-11-13 | bhavin.patel@gmail.com   |
| 26 | sonam     | khan     | 1972-05-13 | sonam.khan@gmail.com     |
+----+-----------+----------+------------+--------------------------+
7 rows in set (0.00 sec)

mysql> select rand(1,100
    -> );
ERROR 1582 (42000): Incorrect parameter count in the call to native function 'rand'
mysql> select rand(1,100);
ERROR 1582 (42000): Incorrect parameter count in the call to native function 'rand'
mysql> SQL_SELECT_LIMIT = { 1 | 100};
ERROR 1064 (42000): You have an error in your SQL syntax; check the manual that corresponds to your MySQL server version for the right syntax to use near 'SQL_SELECT_LIMIT = { 1 | 100}' at line 1
mysql> SELECT_LIMIT = { 1 | 100};
ERROR 1064 (42000): You have an error in your SQL syntax; check the manual that corresponds to your MySQL server version for the right syntax to use near 'SELECT_LIMIT = { 1 | 100}' at line 1
mysql> rand(1,100);
ERROR 1064 (42000): You have an error in your SQL syntax; check the manual that corresponds to your MySQL server version for the right syntax to use near 'rand(1,100)' at line 1
mysql> SELECT RAND(), student.* FROM student ORDER BY 1 LIMIT 1;
+---------------------+----+-----------+----------+------------+-----------------------+
| RAND()              | ID | namefirst | namelast | DOB        | emailID               |
+---------------------+----+-----------+----------+------------+-----------------------+
| 0.09408989184916941 |  5 | ruhan     | bagde    | 1984-01-12 | ruhan.bagde@gmail.com |
+---------------------+----+-----------+----------+------------+-----------------------+
1 row in set (0.00 sec)

mysql> SELECT RAND(), student.* FROM student ORDER BY 1 LIMIT 1;
+---------------------+----+-----------+----------+------------+-----------------------+
| RAND()              | ID | namefirst | namelast | DOB        | emailID               |
+---------------------+----+-----------+----------+------------+-----------------------+
| 0.03862619310489501 |  6 | lala      | prasad   | 1980-12-01 | lala.prasad@gmail.com |
+---------------------+----+-----------+----------+------------+-----------------------+
1 row in set (0.00 sec)

mysql> SELECT RAND(), student.* FROM student ORDER BY 1 LIMIT 1;
+---------------------+----+-----------+----------+------------+--------------------------+
| RAND()              | ID | namefirst | namelast | DOB        | emailID                  |
+---------------------+----+-----------+----------+------------+--------------------------+
| 0.14791638697303494 | 24 | mukesh    | bhavsar  | 1982-07-30 | mukesh.bhavsar@gmail.com |
+---------------------+----+-----------+----------+------------+--------------------------+
1 row in set (0.00 sec)

mysql> select RAND() order by 1 limit 100;
+--------------------+
| RAND()             |
+--------------------+
| 0.4227087678599253 |
+--------------------+
1 row in set (0.00 sec)

mysql> select RAND() order by 1 limit 100;
+--------------------+
| RAND()             |
+--------------------+
| 0.9560483702980432 |
+--------------------+
1 row in set (0.00 sec)

mysql> select namefirst,substr(namefirst,1,5) R1 from student;
+-----------+-------+
| namefirst | R1    |
+-----------+-------+
| saleel    | salee |
| omkar     | omkar |
| ulka      | ulka  |
| rahul     | rahul |
| ruhan     | ruhan |
| lala      | lala  |
| sharmin   | sharm |
| vrushali  | vrush |
| vasant    | vasan |
| nitish    | nitis |
| neel      | neel  |
| deep      | deep  |
| nrupali   | nrupa |
| supriya   | supri |
| bandish   | bandi |
| sangita   | sangi |
| sangita   | sangi |
| rahul     | rahul |
| bhavin    | bhavi |
| kaushal   | kaush |
| pankaj    | panka |
| rajan     | rajan |
| bhavin    | bhavi |
| mukesh    | mukes |
| dilu      | dilu  |
| sonam     | sonam |
| rohit     | rohit |
| raj       | raj   |
+-----------+-------+
28 rows in set (0.00 sec)

mysql> select numberconcat(left(number,4),'******') from student_phone;
ERROR 1305 (42000): FUNCTION dac51_campus.numberconcat does not exist
mysql>
mysql>
mysql> select ascii(namefirst) R1 from student;
+------+
| R1   |
+------+
|  115 |
|  111 |
|  117 |
|  114 |
|  114 |
|  108 |
|  115 |
|  118 |
|  118 |
|  110 |
|  110 |
|  100 |
|  110 |
|  115 |
|   98 |
|  115 |
|  115 |
|  114 |
|   98 |
|  107 |
|  112 |
|  114 |
|   98 |
|  109 |
|  100 |
|  115 |
|  114 |
|  114 |
+------+
28 rows in set (0.00 sec)

mysql> select ascii(namefirst) R1 from student;
+------+
| R1   |
+------+
|  115 |
|  111 |
|  117 |
|  114 |
|  114 |
|  108 |
|  115 |
|  118 |
|  118 |
|  110 |
|  110 |
|  100 |
|  110 |
|  115 |
|   98 |
|  115 |
|  115 |
|  114 |
|   98 |
|  107 |
|  112 |
|  114 |
|   98 |
|  109 |
|  100 |
|  115 |
|  114 |
|  114 |
+------+
28 rows in set (0.00 sec)

mysql>
mysql>
mysql>
mysql>
mysql>
mysql>
mysql>
mysql>
mysql>
mysql>
mysql>
mysql>
mysql>
mysql>
mysql> select count(*) from student;
+----------+
| count(*) |
+----------+
|       28 |
+----------+
1 row in set (0.00 sec)

mysql> select count(*) R1from student;
ERROR 1064 (42000): You have an error in your SQL syntax; check the manual that corresponds to your MySQL server version for the right syntax to use near 'student' at line 1
mysql> select count(*) R1 from student;
+----+
| R1 |
+----+
| 28 |
+----+
1 row in set (0.00 sec)

mysql> select count(*) students having year(DOB)=1986;
ERROR 1054 (42S22): Unknown column 'DOB' in 'having clause'
mysql> select count(*) students having year(DOB)=1986;
ERROR 1054 (42S22): Unknown column 'DOB' in 'having clause'
mysql>
mysql>
mysql> select count(*) from student having year(DOB)=1986;
ERROR 1054 (42S22): Unknown column 'DOB' in 'having clause'
mysql>
mysql>
mysql>
mysql> select count(*) from student where year(DOB)=1986;
+----------+
| count(*) |
+----------+
|        2 |
+----------+
1 row in set (0.00 sec)

mysql> ^C
mysql> select count(*) from student where year(DOB)=1986
    ->
    ->
    ->
    -> ;
+----------+
| count(*) |
+----------+
|        2 |
+----------+
1 row in set (0.00 sec)

mysql> select count(*) from student where namefirst like as 'b%';
ERROR 1064 (42000): You have an error in your SQL syntax; check the manual that corresponds to your MySQL server version for the right syntax to use near 'as 'b%'' at line 1
mysql> select count(*) from student where namefirst like as 'b%';
ERROR 1064 (42000): You have an error in your SQL syntax; check the manual that corresponds to your MySQL server version for the right syntax to use near 'as 'b%'' at line 1
mysql>
mysql>
mysql> select count(*) from student where namefirst like 'b%';
+----------+
| count(*) |
+----------+
|        3 |
+----------+
1 row in set (0.00 sec)

mysql> select namefirst,count(*) from student where namefirst like 'b%';
+-----------+----------+
| namefirst | count(*) |
+-----------+----------+
| bandish   |        3 |
+-----------+----------+
1 row in set (0.00 sec)

mysql> select count(*) R1 from student where namefirst like 'b%';
+----+
| R1 |
+----+
|  3 |
+----+
1 row in set (0.00 sec)

mysql> select count(*) R1 from student where month(DOB)='July';
+----+
| R1 |
+----+
|  0 |
+----+
1 row in set, 1 warning (0.00 sec)

mysql> select count(*) R1 from student where month(DOB)=7;
+----+
| R1 |
+----+
|  6 |
+----+
1 row in set (0.00 sec)

mysql> select count(studentID) from student;
ERROR 1054 (42S22): Unknown column 'studentID' in 'field list'
mysql> select count(ID) from student;
+-----------+
| count(ID) |
+-----------+
|        28 |
+-----------+
1 row in set (0.00 sec)

mysql> select count(number) from student;
ERROR 1054 (42S22): Unknown column 'number' in 'field list'
mysql> select count(number) from student_phone;
+---------------+
| count(number) |
+---------------+
|            41 |
+---------------+
1 row in set (0.00 sec)

mysql> select count(number)>2 from student_phone;
+-----------------+
| count(number)>2 |
+-----------------+
|               1 |
+-----------------+
1 row in set (0.00 sec)

mysql> select count(number) from student_phone group by numbers;
ERROR 1054 (42S22): Unknown column 'numbers' in 'group statement'
mysql> select count(number) from student_phone group by number;
+---------------+
| count(number) |
+---------------+
|             1 |
|             1 |
|             1 |
|             1 |
|             1 |
|             1 |
|             1 |
|             1 |
|             1 |
|             1 |
|             1 |
|             1 |
|             1 |
|             1 |
|             1 |
|             1 |
|             1 |
|             1 |
|             1 |
|             1 |
|             1 |
|             1 |
|             1 |
|             1 |
|             1 |
|             1 |
|             1 |
|             1 |
|             1 |
|             1 |
|             1 |
|             1 |
|             1 |
|             1 |
|             1 |
|             1 |
|             1 |
|             1 |
|             1 |
|             1 |
|             1 |
+---------------+
41 rows in set (0.00 sec)

mysql> select number from student_phone group by number;
+------------+
| number     |
+------------+
| 7032300034 |
| 7032300039 |
| 7032300050 |
| 7032300027 |
| 7032300801 |
| 7032300079 |
| 7032300081 |
| 7032300054 |
| 7032300059 |
| 7032300086 |
| 7032300082 |
| 7032300042 |
| 7032300055 |
| 7032300013 |
| 7032300099 |
| 7032300023 |
| 7032300084 |
| 7032300011 |
| 7032300066 |
| 7032300096 |
| 7132300034 |
| 7132300039 |
| 7132300050 |
| 7132300027 |
| 7032300001 |
| 7132300079 |
| 7132300081 |
| 7132300054 |
| 7132300059 |
| 7132300086 |
| 7132300082 |
| 7132300042 |
| 7132300055 |
| 7132376055 |
| 7132307055 |
| 7134567123 |
| 7156567123 |
| 7156567134 |
| 7156563423 |
| 7156567183 |
| 7146566412 |
+------------+
41 rows in set (0.00 sec)

mysql> select count(number) from student_phone group by number;
+---------------+
| count(number) |
+---------------+
|             1 |
|             1 |
|             1 |
|             1 |
|             1 |
|             1 |
|             1 |
|             1 |
|             1 |
|             1 |
|             1 |
|             1 |
|             1 |
|             1 |
|             1 |
|             1 |
|             1 |
|             1 |
|             1 |
|             1 |
|             1 |
|             1 |
|             1 |
|             1 |
|             1 |
|             1 |
|             1 |
|             1 |
|             1 |
|             1 |
|             1 |
|             1 |
|             1 |
|             1 |
|             1 |
|             1 |
|             1 |
|             1 |
|             1 |
|             1 |
|             1 |
+---------------+
41 rows in set (0.00 sec)

mysql> select count(*) R1 from student_phone group by number;
+----+
| R1 |
+----+
|  1 |
|  1 |
|  1 |
|  1 |
|  1 |
|  1 |
|  1 |
|  1 |
|  1 |
|  1 |
|  1 |
|  1 |
|  1 |
|  1 |
|  1 |
|  1 |
|  1 |
|  1 |
|  1 |
|  1 |
|  1 |
|  1 |
|  1 |
|  1 |
|  1 |
|  1 |
|  1 |
|  1 |
|  1 |
|  1 |
|  1 |
|  1 |
|  1 |
|  1 |
|  1 |
|  1 |
|  1 |
|  1 |
|  1 |
|  1 |
|  1 |
+----+
41 rows in set (0.00 sec)

mysql> select count(*) R1 from student_phone group by number where r1>2;
ERROR 1064 (42000): You have an error in your SQL syntax; check the manual that corresponds to your MySQL server version for the right syntax to use near 'where r1>2' at line 1
mysql> select Id, number from student_phone group by id;
+----+------------+
| Id | number     |
+----+------------+
|  1 | 7032300034 |
|  2 | 7032300039 |
|  3 | 7032300050 |
|  4 | 7032300027 |
|  5 | 7032300801 |
|  6 | 7032300079 |
|  7 | 7032300081 |
|  8 | 7032300054 |
|  9 | 7032300059 |
| 10 | 7032300086 |
| 11 | 7032300082 |
| 12 | 7032300042 |
| 13 | 7032300055 |
| 14 | 7032300013 |
| 15 | 7032300099 |
| 16 | 7032300023 |
| 17 | 7032300084 |
| 18 | 7032300011 |
| 19 | 7032300066 |
| 20 | 7032300096 |
| 21 | 7132300034 |
| 22 | 7132300039 |
| 23 | 7132300050 |
| 24 | 7132300027 |
| 25 | 7032300001 |
| 26 | 7132300079 |
| 27 | 7132300081 |
| 28 | 7132300054 |
| 29 | 7132300059 |
| 30 | 7132300086 |
| 31 | 7132300082 |
| 32 | 7132300042 |
| 33 | 7132300055 |
| 34 | 7132376055 |
| 35 | 7132307055 |
| 36 | 7134567123 |
| 37 | 7156567123 |
| 38 | 7156567134 |
| 39 | 7156563423 |
| 40 | 7156567183 |
| 41 | 7146566412 |
+----+------------+
41 rows in set (0.00 sec)

mysql> select id,number from student_phone group by number;
+----+------------+
| id | number     |
+----+------------+
|  1 | 7032300034 |
|  2 | 7032300039 |
|  3 | 7032300050 |
|  4 | 7032300027 |
|  5 | 7032300801 |
|  6 | 7032300079 |
|  7 | 7032300081 |
|  8 | 7032300054 |
|  9 | 7032300059 |
| 10 | 7032300086 |
| 11 | 7032300082 |
| 12 | 7032300042 |
| 13 | 7032300055 |
| 14 | 7032300013 |
| 15 | 7032300099 |
| 16 | 7032300023 |
| 17 | 7032300084 |
| 18 | 7032300011 |
| 19 | 7032300066 |
| 20 | 7032300096 |
| 21 | 7132300034 |
| 22 | 7132300039 |
| 23 | 7132300050 |
| 24 | 7132300027 |
| 25 | 7032300001 |
| 26 | 7132300079 |
| 27 | 7132300081 |
| 28 | 7132300054 |
| 29 | 7132300059 |
| 30 | 7132300086 |
| 31 | 7132300082 |
| 32 | 7132300042 |
| 33 | 7132300055 |
| 34 | 7132376055 |
| 35 | 7132307055 |
| 36 | 7134567123 |
| 37 | 7156567123 |
| 38 | 7156567134 |
| 39 | 7156563423 |
| 40 | 7156567183 |
| 41 | 7146566412 |
+----+------------+
41 rows in set (0.00 sec)

mysql> select id,number,count(number)from student_phone group by number;
+----+------------+---------------+
| id | number     | count(number) |
+----+------------+---------------+
|  1 | 7032300034 |             1 |
|  2 | 7032300039 |             1 |
|  3 | 7032300050 |             1 |
|  4 | 7032300027 |             1 |
|  5 | 7032300801 |             1 |
|  6 | 7032300079 |             1 |
|  7 | 7032300081 |             1 |
|  8 | 7032300054 |             1 |
|  9 | 7032300059 |             1 |
| 10 | 7032300086 |             1 |
| 11 | 7032300082 |             1 |
| 12 | 7032300042 |             1 |
| 13 | 7032300055 |             1 |
| 14 | 7032300013 |             1 |
| 15 | 7032300099 |             1 |
| 16 | 7032300023 |             1 |
| 17 | 7032300084 |             1 |
| 18 | 7032300011 |             1 |
| 19 | 7032300066 |             1 |
| 20 | 7032300096 |             1 |
| 21 | 7132300034 |             1 |
| 22 | 7132300039 |             1 |
| 23 | 7132300050 |             1 |
| 24 | 7132300027 |             1 |
| 25 | 7032300001 |             1 |
| 26 | 7132300079 |             1 |
| 27 | 7132300081 |             1 |
| 28 | 7132300054 |             1 |
| 29 | 7132300059 |             1 |
| 30 | 7132300086 |             1 |
| 31 | 7132300082 |             1 |
| 32 | 7132300042 |             1 |
| 33 | 7132300055 |             1 |
| 34 | 7132376055 |             1 |
| 35 | 7132307055 |             1 |
| 36 | 7134567123 |             1 |
| 37 | 7156567123 |             1 |
| 38 | 7156567134 |             1 |
| 39 | 7156563423 |             1 |
| 40 | 7156567183 |             1 |
| 41 | 7146566412 |             1 |
+----+------------+---------------+
41 rows in set (0.00 sec)

mysql> select id,number,count(*) from student_phone group by number;
+----+------------+----------+
| id | number     | count(*) |
+----+------------+----------+
|  1 | 7032300034 |        1 |
|  2 | 7032300039 |        1 |
|  3 | 7032300050 |        1 |
|  4 | 7032300027 |        1 |
|  5 | 7032300801 |        1 |
|  6 | 7032300079 |        1 |
|  7 | 7032300081 |        1 |
|  8 | 7032300054 |        1 |
|  9 | 7032300059 |        1 |
| 10 | 7032300086 |        1 |
| 11 | 7032300082 |        1 |
| 12 | 7032300042 |        1 |
| 13 | 7032300055 |        1 |
| 14 | 7032300013 |        1 |
| 15 | 7032300099 |        1 |
| 16 | 7032300023 |        1 |
| 17 | 7032300084 |        1 |
| 18 | 7032300011 |        1 |
| 19 | 7032300066 |        1 |
| 20 | 7032300096 |        1 |
| 21 | 7132300034 |        1 |
| 22 | 7132300039 |        1 |
| 23 | 7132300050 |        1 |
| 24 | 7132300027 |        1 |
| 25 | 7032300001 |        1 |
| 26 | 7132300079 |        1 |
| 27 | 7132300081 |        1 |
| 28 | 7132300054 |        1 |
| 29 | 7132300059 |        1 |
| 30 | 7132300086 |        1 |
| 31 | 7132300082 |        1 |
| 32 | 7132300042 |        1 |
| 33 | 7132300055 |        1 |
| 34 | 7132376055 |        1 |
| 35 | 7132307055 |        1 |
| 36 | 7134567123 |        1 |
| 37 | 7156567123 |        1 |
| 38 | 7156567134 |        1 |
| 39 | 7156563423 |        1 |
| 40 | 7156567183 |        1 |
| 41 | 7146566412 |        1 |
+----+------------+----------+
41 rows in set (0.00 sec)

mysql> select job from emp group by job;
ERROR 1146 (42S02): Table 'dac51_campus.emp' doesn't exist
mysql> use dac51;
Database changed
mysql> select job from emp group by job;
+---------------------+
| job                 |
+---------------------+
| Compliance officers |
| Public Relation     |
| CLERK               |
| SALESMAN            |
| MANAGER             |
| ANALYST             |
| PRESIDENT           |
| vice PRESIDENT      |
+---------------------+
8 rows in set (0.00 sec)

mysql> select job,count(*) from emp group by job;
+---------------------+----------+
| job                 | count(*) |
+---------------------+----------+
| Compliance officers |        3 |
| Public Relation     |        2 |
| CLERK               |        7 |
| SALESMAN            |        6 |
| MANAGER             |        5 |
| ANALYST             |        3 |
| PRESIDENT           |        1 |
| vice PRESIDENT      |        1 |
+---------------------+----------+
8 rows in set (0.00 sec)

mysql> use dac51_campus;
Database changed
mysql> select id,number,count(*) from student_phone group by number;
+----+------------+----------+
| id | number     | count(*) |
+----+------------+----------+
|  1 | 7032300034 |        1 |
|  2 | 7032300039 |        1 |
|  3 | 7032300050 |        1 |
|  4 | 7032300027 |        1 |
|  5 | 7032300801 |        1 |
|  6 | 7032300079 |        1 |
|  7 | 7032300081 |        1 |
|  8 | 7032300054 |        1 |
|  9 | 7032300059 |        1 |
| 10 | 7032300086 |        1 |
| 11 | 7032300082 |        1 |
| 12 | 7032300042 |        1 |
| 13 | 7032300055 |        1 |
| 14 | 7032300013 |        1 |
| 15 | 7032300099 |        1 |
| 16 | 7032300023 |        1 |
| 17 | 7032300084 |        1 |
| 18 | 7032300011 |        1 |
| 19 | 7032300066 |        1 |
| 20 | 7032300096 |        1 |
| 21 | 7132300034 |        1 |
| 22 | 7132300039 |        1 |
| 23 | 7132300050 |        1 |
| 24 | 7132300027 |        1 |
| 25 | 7032300001 |        1 |
| 26 | 7132300079 |        1 |
| 27 | 7132300081 |        1 |
| 28 | 7132300054 |        1 |
| 29 | 7132300059 |        1 |
| 30 | 7132300086 |        1 |
| 31 | 7132300082 |        1 |
| 32 | 7132300042 |        1 |
| 33 | 7132300055 |        1 |
| 34 | 7132376055 |        1 |
| 35 | 7132307055 |        1 |
| 36 | 7134567123 |        1 |
| 37 | 7156567123 |        1 |
| 38 | 7156567134 |        1 |
| 39 | 7156563423 |        1 |
| 40 | 7156567183 |        1 |
| 41 | 7146566412 |        1 |
+----+------------+----------+
41 rows in set (0.00 sec)

mysql> select number from student_phone where order by number;
ERROR 1064 (42000): You have an error in your SQL syntax; check the manual that corresponds to your MySQL server version for the right syntax to use near 'order by number' at line 1
mysql> select number from student_phone order by number;
+------------+
| number     |
+------------+
| 7032300001 |
| 7032300011 |
| 7032300013 |
| 7032300023 |
| 7032300027 |
| 7032300034 |
| 7032300039 |
| 7032300042 |
| 7032300050 |
| 7032300054 |
| 7032300055 |
| 7032300059 |
| 7032300066 |
| 7032300079 |
| 7032300081 |
| 7032300082 |
| 7032300084 |
| 7032300086 |
| 7032300096 |
| 7032300099 |
| 7032300801 |
| 7132300027 |
| 7132300034 |
| 7132300039 |
| 7132300042 |
| 7132300050 |
| 7132300054 |
| 7132300055 |
| 7132300059 |
| 7132300079 |
| 7132300081 |
| 7132300082 |
| 7132300086 |
| 7132307055 |
| 7132376055 |
| 7134567123 |
| 7146566412 |
| 7156563423 |
| 7156567123 |
| 7156567134 |
| 7156567183 |
+------------+
41 rows in set (0.00 sec)

mysql> select studentID,number,count(*) from student_phone group by number;
+-----------+------------+----------+
| studentID | number     | count(*) |
+-----------+------------+----------+
|         1 | 7032300034 |        1 |
|         2 | 7032300039 |        1 |
|         3 | 7032300050 |        1 |
|         4 | 7032300027 |        1 |
|         5 | 7032300801 |        1 |
|         6 | 7032300079 |        1 |
|         7 | 7032300081 |        1 |
|         8 | 7032300054 |        1 |
|         9 | 7032300059 |        1 |
|        10 | 7032300086 |        1 |
|        11 | 7032300082 |        1 |
|        12 | 7032300042 |        1 |
|        13 | 7032300055 |        1 |
|        14 | 7032300013 |        1 |
|        15 | 7032300099 |        1 |
|        16 | 7032300023 |        1 |
|        17 | 7032300084 |        1 |
|        18 | 7032300011 |        1 |
|        19 | 7032300066 |        1 |
|        20 | 7032300096 |        1 |
|         1 | 7132300034 |        1 |
|         2 | 7132300039 |        1 |
|         3 | 7132300050 |        1 |
|         4 | 7132300027 |        1 |
|         5 | 7032300001 |        1 |
|         6 | 7132300079 |        1 |
|         7 | 7132300081 |        1 |
|         8 | 7132300054 |        1 |
|         9 | 7132300059 |        1 |
|        10 | 7132300086 |        1 |
|        11 | 7132300082 |        1 |
|        12 | 7132300042 |        1 |
|        13 | 7132300055 |        1 |
|        13 | 7132376055 |        1 |
|        13 | 7132307055 |        1 |
|         6 | 7134567123 |        1 |
|        21 | 7156567123 |        1 |
|        22 | 7156567134 |        1 |
|        23 | 7156563423 |        1 |
|        24 | 7156567183 |        1 |
|        25 | 7146566412 |        1 |
+-----------+------------+----------+
41 rows in set (0.00 sec)

mysql> select number,count(*) from student_phone group by number;
+------------+----------+
| number     | count(*) |
+------------+----------+
| 7032300034 |        1 |
| 7032300039 |        1 |
| 7032300050 |        1 |
| 7032300027 |        1 |
| 7032300801 |        1 |
| 7032300079 |        1 |
| 7032300081 |        1 |
| 7032300054 |        1 |
| 7032300059 |        1 |
| 7032300086 |        1 |
| 7032300082 |        1 |
| 7032300042 |        1 |
| 7032300055 |        1 |
| 7032300013 |        1 |
| 7032300099 |        1 |
| 7032300023 |        1 |
| 7032300084 |        1 |
| 7032300011 |        1 |
| 7032300066 |        1 |
| 7032300096 |        1 |
| 7132300034 |        1 |
| 7132300039 |        1 |
| 7132300050 |        1 |
| 7132300027 |        1 |
| 7032300001 |        1 |
| 7132300079 |        1 |
| 7132300081 |        1 |
| 7132300054 |        1 |
| 7132300059 |        1 |
| 7132300086 |        1 |
| 7132300082 |        1 |
| 7132300042 |        1 |
| 7132300055 |        1 |
| 7132376055 |        1 |
| 7132307055 |        1 |
| 7134567123 |        1 |
| 7156567123 |        1 |
| 7156567134 |        1 |
| 7156563423 |        1 |
| 7156567183 |        1 |
| 7146566412 |        1 |
+------------+----------+
41 rows in set (0.00 sec)

mysql> select number,count(*) from student_phone group by studentID;
+------------+----------+
| number     | count(*) |
+------------+----------+
| 7032300034 |        2 |
| 7032300039 |        2 |
| 7032300050 |        2 |
| 7032300027 |        2 |
| 7032300801 |        2 |
| 7032300079 |        3 |
| 7032300081 |        2 |
| 7032300054 |        2 |
| 7032300059 |        2 |
| 7032300086 |        2 |
| 7032300082 |        2 |
| 7032300042 |        2 |
| 7032300055 |        4 |
| 7032300013 |        1 |
| 7032300099 |        1 |
| 7032300023 |        1 |
| 7032300084 |        1 |
| 7032300011 |        1 |
| 7032300066 |        1 |
| 7032300096 |        1 |
| 7156567123 |        1 |
| 7156567134 |        1 |
| 7156563423 |        1 |
| 7156567183 |        1 |
| 7146566412 |        1 |
+------------+----------+
25 rows in set (0.01 sec)

mysql> select studentID,number,count(*) R1 from student_phone group by studentID having r1>=2;
+-----------+------------+----+
| studentID | number     | R1 |
+-----------+------------+----+
|         1 | 7032300034 |  2 |
|         2 | 7032300039 |  2 |
|         3 | 7032300050 |  2 |
|         4 | 7032300027 |  2 |
|         5 | 7032300801 |  2 |
|         6 | 7032300079 |  3 |
|         7 | 7032300081 |  2 |
|         8 | 7032300054 |  2 |
|         9 | 7032300059 |  2 |
|        10 | 7032300086 |  2 |
|        11 | 7032300082 |  2 |
|        12 | 7032300042 |  2 |
|        13 | 7032300055 |  4 |
+-----------+------------+----+
13 rows in set (0.00 sec)

mysql> select distinct * from student_qualifications order by university;
+----+-----------+--------+---------------+-------------------------+-------+------+
| ID | studentID | name   | college       | university              | marks | year |
+----+-----------+--------+---------------+-------------------------+-------+------+
| 23 |         8 | 12     | Alabama       | California University   | 60    | 2012 |
| 43 |        15 | 10     | New Hampshire | California University   | 96    | 2011 |
| 80 |        27 | 12     | Virginia      | California University   | 55    | 1999 |
|  8 |         3 | 12     | California    | California University   | 86    | 2013 |
| 56 |        19 | 12     | Virginia      | California University   | 60    | 2015 |
| 30 |        10 | M.Com. | New Mexico    | California University   | 61    | 2018 |
| 12 |         4 | M.Com. | Montana       | Columbia University     | 77    | 2016 |
| 47 |        16 | 12     | Oklahoma      | Columbia University     | 56    | 2014 |
| 84 |        28 | 12     | Maryland      | Columbia University     | 68    | 2006 |
| 27 |         9 | BE     | Kansas        | Columbia University     | 87    | 2018 |
| 60 |        20 | BE     | Maryland      | Columbia University     | 72    | 2019 |
| 21 |         7 | BE     | Kentucky      | Harvard University      | 97    | 2017 |
|  2 |         1 | 12     | Alaska        | Harvard University      | 74    | 2014 |
|  3 |         1 | BE     | Arizona       | Harvard University      | 68    | 2018 |
| 63 |        21 | BE     | Arizona       | Harvard University      | 68    | 2018 |
| 65 |        22 | 12     | Alaska        | Harvard University      | 74    | 2014 |
| 66 |        22 | BE     | Arizona       | Harvard University      | 68    | 2018 |
| 68 |        23 | 12     | Alaska        | Harvard University      | 74    | 2014 |
| 69 |        23 | BE     | Arizona       | Harvard University      | 68    | 2018 |
| 72 |        24 | BE     | Kentucky      | Harvard University      | 97    | 2017 |
| 53 |        18 | 12     | Kentucky      | Harvard University      | 57    | 2013 |
| 77 |        26 | DIP    | Kentucky      | Harvard University      | 67    | 1996 |
| 78 |        26 | BE     | Maryland      | Harvard University      | 68    | 2000 |
| 85 |        28 | MCA    | Alaska        | Harvard University      | 64    | 2009 |
| 16 |         6 | 10     | Mississippi   | Harvard University      | 56    | 2009 |
| 17 |         6 | 12     | Alabama       | Harvard University      | 76    | 2011 |
| 36 |        12 | B.Com. | West Virginia | Harvard University      | 50    | 2016 |
| 37 |        13 | 10     | Virginia      | Harvard University      | 67    | 2012 |
| 75 |        25 | BE     | Kentucky      | Harvard University      | 97    | 2017 |
| 54 |        18 | BE     | Maryland      | Harvard University      | 75    | 2017 |
| 62 |        21 | 12     | Alaska        | Harvard University      | 74    | 2014 |
| 10 |         4 | 10     | Idaho         | Pennsylvania University | 58    | 2010 |
| 32 |        11 | 12     | Indiana       | Pennsylvania University | 63    | 2013 |
| 58 |        20 | 10     | Vermont       | Pennsylvania University | 72    | 2013 |
| 82 |        27 | BE     | Vermont       | Pennsylvania University | 62    | 2006 |
| 45 |        15 | BE     | Alabama       | Pennsylvania University | 65    | 2017 |
| 25 |         9 | 10     | Maine         | Pennsylvania University | 98    | 2012 |
| 35 |        12 | 12     | Montana       | Stanford University     | 45    | 2012 |
| 71 |        24 | 12     | Iowa          | Stanford University     | 78    | 2013 |
| 67 |        23 | 10     | Alabama       | Stanford University     | 67    | 2012 |
| 52 |        18 | 10     | Iowa          | Stanford University     | 86    | 2011 |
| 15 |         5 | M.Com. | Oklahoma      | Stanford University     | 86    | 2014 |
| 64 |        22 | 10     | Alabama       | Stanford University     | 67    | 2012 |
| 76 |        26 | 10     | Iowa          | Stanford University     | 56    | 1994 |
| 20 |         7 | 12     | Iowa          | Stanford University     | 78    | 2013 |
|  1 |         1 | 10     | Alabama       | Stanford University     | 67    | 2012 |
| 61 |        21 | 10     | Alabama       | Stanford University     | 67    | 2012 |
| 74 |        25 | 12     | Iowa          | Stanford University     | 78    | 2013 |
| 22 |         8 | 10     | Maryland      | University Maryland     | 56    | 2010 |
| 38 |        13 | 12     | Maine         | University of Chicago   | 78    | 2014 |
| 18 |         6 | BE     | Indiana       | University of Chicago   | 87    | 2015 |
| 55 |        19 | 10     | Alabama       | University of Chicago   | 69    | 2013 |
|  4 |         2 | 10     | Alaska        | University of Chicago   | 68    | 2013 |
| 79 |        27 | 10     | Alabama       | University of Chicago   | 50    | 1997 |
|  9 |         3 | BE     | Florida       | University of Florida   | 67    | 2017 |
| 31 |        11 | 10     | Nevada        | University of Florida   | 62    | 2011 |
| 41 |        14 | 12     | Florida       | University of Florida   | 87    | 2015 |
| 40 |        14 | 10     | Oregon        | University of Florida   | 67    | 2013 |
| 57 |        19 | BE     | Maine         | University of Florida   | 61    | 2019 |
| 24 |         8 | M.Com. | Virginia      | University of Florida   | 87    | 2016 |
| 39 |        13 | BE     | Texas         | University of Florida   | 68    | 2018 |
| 81 |        27 | DIP    | Maine         | University of Florida   | 60    | 2003 |
| 44 |        15 | 12     | Montana       | University of Florida   | 56    | 2013 |
| 48 |        16 | BE     | Mississippi   | University of Michigan  | 76    | 2018 |
| 49 |        17 | 10     | Alabama       | University of Michigan  | 88    | 2013 |
| 50 |        17 | 12     | Indiana       | University of Michigan  | 76    | 2015 |
| 29 |        10 | 12     | Oregon        | University of Michigan  | 76    | 2014 |
| 14 |         5 | 12     | Michigan      | University of Michigan  | 57    | 2010 |
| 46 |        16 | 10     | Michigan      | University of Michigan  | 76    | 2012 |
| 70 |        24 | 10     | Ohio          | University of Ohio      | 87    | 2011 |
| 51 |        17 | BE     | Ohio          | University of Ohio      | 68    | 2019 |
| 19 |         7 | 10     | Ohio          | University of Ohio      | 87    | 2011 |
| 33 |        11 | M.Com. | Ohio          | University of Ohio      | 56    | 2017 |
| 73 |        25 | 10     | Ohio          | University of Ohio      | 87    | 2011 |
| 28 |        10 | 10     | Texas         | Yale University         | 65    | 2012 |
| 34 |        12 | 10     | New Hampshire | Yale University         | 75    | 2010 |
| 13 |         5 | 10     | Alabama       | Yale University         | 56    | 2008 |
|  5 |         2 | 12     | New York      | Yale University         | 56    | 2015 |
| 59 |        20 | 12     | Iowa          | Yale University         | 83    | 2015 |
|  6 |         2 | B.Com  | Arkansas      | Yale University         | 64    | 2019 |
|  7 |         3 | 10     | Arizona       | Yale University         | 75    | 2011 |
| 11 |         4 | 12     | New Hampshire | Yale University         | 97    | 2012 |
| 83 |        28 | 10     | Iowa          | Yale University         | 65    | 2004 |
| 26 |         9 | 12     | Vermont       | Yale University         | 67    | 2014 |
| 42 |        14 | BE     | Idaho         | Yale University         | 57    | 2019 |
+----+-----------+--------+---------------+-------------------------+-------+------+
85 rows in set (0.03 sec)

mysql> select count(*) from student_qualifications order by university;
+----------+
| count(*) |
+----------+
|       85 |
+----------+
1 row in set (0.00 sec)

mysql> select distinct count(*) from student_qualifications order by university;
+----------+
| count(*) |
+----------+
|       85 |
+----------+
1 row in set (0.00 sec)

mysql> select distinct count(*) from student_qualifications order by university;
+----------+
| count(*) |
+----------+
|       85 |
+----------+
1 row in set (0.00 sec)

mysql> select distinct count(*) from student_qualifications order by university;
+----------+
| count(*) |
+----------+
|       85 |
+----------+
1 row in set (0.00 sec)

mysql>
mysql>
mysql> ;
ERROR:
No query specified

mysql> select distinct from student_qualifications;
ERROR 1064 (42000): You have an error in your SQL syntax; check the manual that corresponds to your MySQL server version for the right syntax to use near 'from student_qualifications' at line 1
mysql>
mysql>
mysql>
mysql> select distinct from student_qualifications;
ERROR 1064 (42000): You have an error in your SQL syntax; check the manual that corresponds to your MySQL server version for the right syntax to use near 'from student_qualifications' at line 1
mysql>
mysql>
mysql> select distinct * from student_qualifications;
+----+-----------+--------+---------------+-------------------------+-------+------+
| ID | studentID | name   | college       | university              | marks | year |
+----+-----------+--------+---------------+-------------------------+-------+------+
|  1 |         1 | 10     | Alabama       | Stanford University     | 67    | 2012 |
|  2 |         1 | 12     | Alaska        | Harvard University      | 74    | 2014 |
|  3 |         1 | BE     | Arizona       | Harvard University      | 68    | 2018 |
|  4 |         2 | 10     | Alaska        | University of Chicago   | 68    | 2013 |
|  5 |         2 | 12     | New York      | Yale University         | 56    | 2015 |
|  6 |         2 | B.Com  | Arkansas      | Yale University         | 64    | 2019 |
|  7 |         3 | 10     | Arizona       | Yale University         | 75    | 2011 |
|  8 |         3 | 12     | California    | California University   | 86    | 2013 |
|  9 |         3 | BE     | Florida       | University of Florida   | 67    | 2017 |
| 10 |         4 | 10     | Idaho         | Pennsylvania University | 58    | 2010 |
| 11 |         4 | 12     | New Hampshire | Yale University         | 97    | 2012 |
| 12 |         4 | M.Com. | Montana       | Columbia University     | 77    | 2016 |
| 13 |         5 | 10     | Alabama       | Yale University         | 56    | 2008 |
| 14 |         5 | 12     | Michigan      | University of Michigan  | 57    | 2010 |
| 15 |         5 | M.Com. | Oklahoma      | Stanford University     | 86    | 2014 |
| 16 |         6 | 10     | Mississippi   | Harvard University      | 56    | 2009 |
| 17 |         6 | 12     | Alabama       | Harvard University      | 76    | 2011 |
| 18 |         6 | BE     | Indiana       | University of Chicago   | 87    | 2015 |
| 19 |         7 | 10     | Ohio          | University of Ohio      | 87    | 2011 |
| 20 |         7 | 12     | Iowa          | Stanford University     | 78    | 2013 |
| 21 |         7 | BE     | Kentucky      | Harvard University      | 97    | 2017 |
| 22 |         8 | 10     | Maryland      | University Maryland     | 56    | 2010 |
| 23 |         8 | 12     | Alabama       | California University   | 60    | 2012 |
| 24 |         8 | M.Com. | Virginia      | University of Florida   | 87    | 2016 |
| 25 |         9 | 10     | Maine         | Pennsylvania University | 98    | 2012 |
| 26 |         9 | 12     | Vermont       | Yale University         | 67    | 2014 |
| 27 |         9 | BE     | Kansas        | Columbia University     | 87    | 2018 |
| 28 |        10 | 10     | Texas         | Yale University         | 65    | 2012 |
| 29 |        10 | 12     | Oregon        | University of Michigan  | 76    | 2014 |
| 30 |        10 | M.Com. | New Mexico    | California University   | 61    | 2018 |
| 31 |        11 | 10     | Nevada        | University of Florida   | 62    | 2011 |
| 32 |        11 | 12     | Indiana       | Pennsylvania University | 63    | 2013 |
| 33 |        11 | M.Com. | Ohio          | University of Ohio      | 56    | 2017 |
| 34 |        12 | 10     | New Hampshire | Yale University         | 75    | 2010 |
| 35 |        12 | 12     | Montana       | Stanford University     | 45    | 2012 |
| 36 |        12 | B.Com. | West Virginia | Harvard University      | 50    | 2016 |
| 37 |        13 | 10     | Virginia      | Harvard University      | 67    | 2012 |
| 38 |        13 | 12     | Maine         | University of Chicago   | 78    | 2014 |
| 39 |        13 | BE     | Texas         | University of Florida   | 68    | 2018 |
| 40 |        14 | 10     | Oregon        | University of Florida   | 67    | 2013 |
| 41 |        14 | 12     | Florida       | University of Florida   | 87    | 2015 |
| 42 |        14 | BE     | Idaho         | Yale University         | 57    | 2019 |
| 43 |        15 | 10     | New Hampshire | California University   | 96    | 2011 |
| 44 |        15 | 12     | Montana       | University of Florida   | 56    | 2013 |
| 45 |        15 | BE     | Alabama       | Pennsylvania University | 65    | 2017 |
| 46 |        16 | 10     | Michigan      | University of Michigan  | 76    | 2012 |
| 47 |        16 | 12     | Oklahoma      | Columbia University     | 56    | 2014 |
| 48 |        16 | BE     | Mississippi   | University of Michigan  | 76    | 2018 |
| 49 |        17 | 10     | Alabama       | University of Michigan  | 88    | 2013 |
| 50 |        17 | 12     | Indiana       | University of Michigan  | 76    | 2015 |
| 51 |        17 | BE     | Ohio          | University of Ohio      | 68    | 2019 |
| 52 |        18 | 10     | Iowa          | Stanford University     | 86    | 2011 |
| 53 |        18 | 12     | Kentucky      | Harvard University      | 57    | 2013 |
| 54 |        18 | BE     | Maryland      | Harvard University      | 75    | 2017 |
| 55 |        19 | 10     | Alabama       | University of Chicago   | 69    | 2013 |
| 56 |        19 | 12     | Virginia      | California University   | 60    | 2015 |
| 57 |        19 | BE     | Maine         | University of Florida   | 61    | 2019 |
| 58 |        20 | 10     | Vermont       | Pennsylvania University | 72    | 2013 |
| 59 |        20 | 12     | Iowa          | Yale University         | 83    | 2015 |
| 60 |        20 | BE     | Maryland      | Columbia University     | 72    | 2019 |
| 61 |        21 | 10     | Alabama       | Stanford University     | 67    | 2012 |
| 62 |        21 | 12     | Alaska        | Harvard University      | 74    | 2014 |
| 63 |        21 | BE     | Arizona       | Harvard University      | 68    | 2018 |
| 64 |        22 | 10     | Alabama       | Stanford University     | 67    | 2012 |
| 65 |        22 | 12     | Alaska        | Harvard University      | 74    | 2014 |
| 66 |        22 | BE     | Arizona       | Harvard University      | 68    | 2018 |
| 67 |        23 | 10     | Alabama       | Stanford University     | 67    | 2012 |
| 68 |        23 | 12     | Alaska        | Harvard University      | 74    | 2014 |
| 69 |        23 | BE     | Arizona       | Harvard University      | 68    | 2018 |
| 70 |        24 | 10     | Ohio          | University of Ohio      | 87    | 2011 |
| 71 |        24 | 12     | Iowa          | Stanford University     | 78    | 2013 |
| 72 |        24 | BE     | Kentucky      | Harvard University      | 97    | 2017 |
| 73 |        25 | 10     | Ohio          | University of Ohio      | 87    | 2011 |
| 74 |        25 | 12     | Iowa          | Stanford University     | 78    | 2013 |
| 75 |        25 | BE     | Kentucky      | Harvard University      | 97    | 2017 |
| 76 |        26 | 10     | Iowa          | Stanford University     | 56    | 1994 |
| 77 |        26 | DIP    | Kentucky      | Harvard University      | 67    | 1996 |
| 78 |        26 | BE     | Maryland      | Harvard University      | 68    | 2000 |
| 79 |        27 | 10     | Alabama       | University of Chicago   | 50    | 1997 |
| 80 |        27 | 12     | Virginia      | California University   | 55    | 1999 |
| 81 |        27 | DIP    | Maine         | University of Florida   | 60    | 2003 |
| 82 |        27 | BE     | Vermont       | Pennsylvania University | 62    | 2006 |
| 83 |        28 | 10     | Iowa          | Yale University         | 65    | 2004 |
| 84 |        28 | 12     | Maryland      | Columbia University     | 68    | 2006 |
| 85 |        28 | MCA    | Alaska        | Harvard University      | 64    | 2009 |
+----+-----------+--------+---------------+-------------------------+-------+------+
85 rows in set (0.00 sec)

mysql> select distinct(university) * from student_qualifications;
ERROR 1064 (42000): You have an error in your SQL syntax; check the manual that corresponds to your MySQL server version for the right syntax to use near 'from student_qualifications' at line 1
mysql> select distinct university from student_qualifications;
+-------------------------+
| university              |
+-------------------------+
| Stanford University     |
| Harvard University      |
| University of Chicago   |
| Yale University         |
| California University   |
| University of Florida   |
| Pennsylvania University |
| Columbia University     |
| University of Michigan  |
| University of Ohio      |
| University Maryland     |
+-------------------------+
11 rows in set (0.00 sec)

mysql> select distinct university count(*) from student_qualifications;
ERROR 1064 (42000): You have an error in your SQL syntax; check the manual that corresponds to your MySQL server version for the right syntax to use near 'count(*) from student_qualifications' at line 1
mysql> select distinct university,count(*) from student_qualifications;
+---------------------+----------+
| university          | count(*) |
+---------------------+----------+
| Stanford University |       85 |
+---------------------+----------+
1 row in set (0.00 sec)

mysql> select count(distinct university) from student_qualifications;
+----------------------------+
| count(distinct university) |
+----------------------------+
|                         11 |
+----------------------------+
1 row in set (0.00 sec)

mysql> select university,count(*) from student_qualifications where name='BE';
+--------------------+----------+
| university         | count(*) |
+--------------------+----------+
| Harvard University |       20 |
+--------------------+----------+
1 row in set (0.00 sec)

mysql> select university, count() from student_qualifications where name='BE';
ERROR 1064 (42000): You have an error in your SQL syntax; check the manual that corresponds to your MySQL server version for the right syntax to use near ') from student_qualifications where name='BE'' at line 1
mysql> select row_number over(order by university) from student_qualifications where name='BE';
ERROR 1064 (42000): You have an error in your SQL syntax; check the manual that corresponds to your MySQL server version for the right syntax to use near 'over(order by university) from student_qualifications where name='BE'' at line 1
mysql>
mysql>
mysql>
mysql> select name, row_number() over(order by university) from student_qualifications where name='BE';
+------+----------------------------------------+
| name | row_number() over(order by university) |
+------+----------------------------------------+
| BE   |                                      1 |
| BE   |                                      2 |
| BE   |                                      3 |
| BE   |                                      4 |
| BE   |                                      5 |
| BE   |                                      6 |
| BE   |                                      7 |
| BE   |                                      8 |
| BE   |                                      9 |
| BE   |                                     10 |
| BE   |                                     11 |
| BE   |                                     12 |
| BE   |                                     13 |
| BE   |                                     14 |
| BE   |                                     15 |
| BE   |                                     16 |
| BE   |                                     17 |
| BE   |                                     18 |
| BE   |                                     19 |
| BE   |                                     20 |
+------+----------------------------------------+
20 rows in set (0.00 sec)

mysql> select name, university, row_number() over(order by university) r1 from student_qualifications where name='BE';
+------+-------------------------+----+
| name | university              | r1 |
+------+-------------------------+----+
| BE   | Columbia University     |  1 |
| BE   | Columbia University     |  2 |
| BE   | Harvard University      |  3 |
| BE   | Harvard University      |  4 |
| BE   | Harvard University      |  5 |
| BE   | Harvard University      |  6 |
| BE   | Harvard University      |  7 |
| BE   | Harvard University      |  8 |
| BE   | Harvard University      |  9 |
| BE   | Harvard University      | 10 |
| BE   | Harvard University      | 11 |
| BE   | Pennsylvania University | 12 |
| BE   | Pennsylvania University | 13 |
| BE   | University of Chicago   | 14 |
| BE   | University of Florida   | 15 |
| BE   | University of Florida   | 16 |
| BE   | University of Florida   | 17 |
| BE   | University of Michigan  | 18 |
| BE   | University of Ohio      | 19 |
| BE   | Yale University         | 20 |
+------+-------------------------+----+
20 rows in set (0.00 sec)

mysql> select row_number() over(order by university) r1, name, university from student_qualifications where name='BE';
+----+------+-------------------------+
| r1 | name | university              |
+----+------+-------------------------+
|  1 | BE   | Columbia University     |
|  2 | BE   | Columbia University     |
|  3 | BE   | Harvard University      |
|  4 | BE   | Harvard University      |
|  5 | BE   | Harvard University      |
|  6 | BE   | Harvard University      |
|  7 | BE   | Harvard University      |
|  8 | BE   | Harvard University      |
|  9 | BE   | Harvard University      |
| 10 | BE   | Harvard University      |
| 11 | BE   | Harvard University      |
| 12 | BE   | Pennsylvania University |
| 13 | BE   | Pennsylvania University |
| 14 | BE   | University of Chicago   |
| 15 | BE   | University of Florida   |
| 16 | BE   | University of Florida   |
| 17 | BE   | University of Florida   |
| 18 | BE   | University of Michigan  |
| 19 | BE   | University of Ohio      |
| 20 | BE   | Yale University         |
+----+------+-------------------------+
20 rows in set (0.00 sec)

mysql> select university from student_qualifications where name='BE';
+-------------------------+
| university              |
+-------------------------+
| Harvard University      |
| University of Florida   |
| University of Chicago   |
| Harvard University      |
| Columbia University     |
| University of Florida   |
| Yale University         |
| Pennsylvania University |
| University of Michigan  |
| University of Ohio      |
| Harvard University      |
| University of Florida   |
| Columbia University     |
| Harvard University      |
| Harvard University      |
| Harvard University      |
| Harvard University      |
| Harvard University      |
| Harvard University      |
| Pennsylvania University |
+-------------------------+
20 rows in set (0.00 sec)

mysql> select name,university from student_qualifications where name='BE';
+------+-------------------------+
| name | university              |
+------+-------------------------+
| BE   | Harvard University      |
| BE   | University of Florida   |
| BE   | University of Chicago   |
| BE   | Harvard University      |
| BE   | Columbia University     |
| BE   | University of Florida   |
| BE   | Yale University         |
| BE   | Pennsylvania University |
| BE   | University of Michigan  |
| BE   | University of Ohio      |
| BE   | Harvard University      |
| BE   | University of Florida   |
| BE   | Columbia University     |
| BE   | Harvard University      |
| BE   | Harvard University      |
| BE   | Harvard University      |
| BE   | Harvard University      |
| BE   | Harvard University      |
| BE   | Harvard University      |
| BE   | Pennsylvania University |
+------+-------------------------+
20 rows in set (0.00 sec)

mysql> select ID,name,university from student_qualifications where name='BE';
+----+------+-------------------------+
| ID | name | university              |
+----+------+-------------------------+
|  3 | BE   | Harvard University      |
|  9 | BE   | University of Florida   |
| 18 | BE   | University of Chicago   |
| 21 | BE   | Harvard University      |
| 27 | BE   | Columbia University     |
| 39 | BE   | University of Florida   |
| 42 | BE   | Yale University         |
| 45 | BE   | Pennsylvania University |
| 48 | BE   | University of Michigan  |
| 51 | BE   | University of Ohio      |
| 54 | BE   | Harvard University      |
| 57 | BE   | University of Florida   |
| 60 | BE   | Columbia University     |
| 63 | BE   | Harvard University      |
| 66 | BE   | Harvard University      |
| 69 | BE   | Harvard University      |
| 72 | BE   | Harvard University      |
| 75 | BE   | Harvard University      |
| 78 | BE   | Harvard University      |
| 82 | BE   | Pennsylvania University |
+----+------+-------------------------+
20 rows in set (0.00 sec)

mysql> select count(*) R2,row_number() over(order by university) r1, name, university from student_qualifications where name='BE';
+----+----+------+--------------------+
| R2 | r1 | name | university         |
+----+----+------+--------------------+
| 20 |  1 | BE   | Harvard University |
+----+----+------+--------------------+
1 row in set (0.00 sec)

mysql> select count(*) R2,row_number() over(order by university) r1, name, university from student_qualifications where name='BE' group by university;
+----+----+------+-------------------------+
| R2 | r1 | name | university              |
+----+----+------+-------------------------+
|  2 |  1 | BE   | Columbia University     |
|  9 |  2 | BE   | Harvard University      |
|  2 |  3 | BE   | Pennsylvania University |
|  1 |  4 | BE   | University of Chicago   |
|  3 |  5 | BE   | University of Florida   |
|  1 |  6 | BE   | University of Michigan  |
|  1 |  7 | BE   | University of Ohio      |
|  1 |  8 | BE   | Yale University         |
+----+----+------+-------------------------+
8 rows in set (0.00 sec)

mysql> select count(*) R2 ,name, university from student_qualifications where name='BE' group by university;
+----+------+-------------------------+
| R2 | name | university              |
+----+------+-------------------------+
|  9 | BE   | Harvard University      |
|  3 | BE   | University of Florida   |
|  1 | BE   | University of Chicago   |
|  2 | BE   | Columbia University     |
|  1 | BE   | Yale University         |
|  2 | BE   | Pennsylvania University |
|  1 | BE   | University of Michigan  |
|  1 | BE   | University of Ohio      |
+----+------+-------------------------+
8 rows in set (0.00 sec)

mysql> select count(*) R2 from student_qualifications where name='be';
+----+
| R2 |
+----+
| 20 |
+----+
1 row in set (0.00 sec)

mysql> select count(*) R2 from student_qualifications where not name='be';
+----+
| R2 |
+----+
| 65 |
+----+
1 row in set (0.00 sec)

mysql> select max(marks) R1 from student_qualifications where name='be';
+------+
| R1   |
+------+
| 97   |
+------+
1 row in set (0.00 sec)

mysql> select min(marks) R1 from student_qualifications where name='be';
+------+
| R1   |
+------+
| 57   |
+------+
1 row in set (0.00 sec)

mysql> select count(*) R1 from course_batches where starton='2016-02-01';
+----+
| R1 |
+----+
|  3 |
+----+
1 row in set (0.00 sec)

mysql> select count(*) R1 from student_qualifications where name='BE' and marks>=60;
+----+
| R1 |
+----+
| 19 |
+----+
1 row in set (0.00 sec)

mysql> select count(*) R1 from student_qualifications where name='BE' and marks>=60 and university='Harvard University';
+----+
| R1 |
+----+
|  9 |
+----+
1 row in set (0.00 sec)

mysql> select count(*) from course;
+----------+
| count(*) |
+----------+
|        7 |
+----------+
1 row in set (0.02 sec)

mysql> select max(marks) from student_qualifications where name='BE';
+------------+
| max(marks) |
+------------+
| 97         |
+------------+
1 row in set (0.00 sec)

mysql> select count(dinstinct university) R1 from student_qualifications;
ERROR 1064 (42000): You have an error in your SQL syntax; check the manual that corresponds to your MySQL server version for the right syntax to use near 'university) R1 from student_qualifications' at line 1
mysql> select count(distinct university) R1 from student_qualifications;
+----+
| R1 |
+----+
| 11 |
+----+
1 row in set (0.00 sec)

mysql>